Archive member included to satisfy reference by file (symbol)

D:/Programmi/devkitPro/libctru/lib\libctru.a(console.o)
                              main.o (consoleInit)
D:/Programmi/devkitPro/libctru/lib\libctru.a(gfx.o)
                              D:/Programmi/devkitPro/libctru/lib\libctru.a(console.o) (gfxIsWide)
D:/Programmi/devkitPro/libctru/lib\libctru.a(gspgpu.o)
                              D:/Programmi/devkitPro/libctru/lib\libctru.a(gfx.o) (gspInit)
D:/Programmi/devkitPro/libctru/lib\libctru.a(apt.o)
                              main.o (aptMainLoop)
D:/Programmi/devkitPro/libctru/lib\libctru.a(hid.o)
                              main.o (hidScanInput)
D:/Programmi/devkitPro/libctru/lib\libctru.a(ctru_init.o)
                              D:/Programmi/devkitPro/libctru/lib\libctru.a(apt.o) (__system_retAddr)
D:/Programmi/devkitPro/libctru/lib\libctru.a(initArgv.o)
                              D:/Programmi/devkitPro/libctru/lib\libctru.a(ctru_init.o) (__system_initArgv)
D:/Programmi/devkitPro/libctru/lib\libctru.a(svc.o)
                              D:/Programmi/devkitPro/libctru/lib\libctru.a(apt.o) (svcSleepThread)
D:/Programmi/devkitPro/libctru/lib\libctru.a(stack_adjust.o)
                              d:/programmi/devkitpro/devkitarm/bin/../lib/gcc/arm-none-eabi/10.2.0/../../../../arm-none-eabi/lib/armv6k/fpu/3dsx_crt0.o (initSystem)
D:/Programmi/devkitPro/libctru/lib\libctru.a(default_font.bin.o)
                              D:/Programmi/devkitPro/libctru/lib\libctru.a(console.o) (default_font_bin)
D:/Programmi/devkitPro/libctru/lib\libctru.a(vram.o)
                              D:/Programmi/devkitPro/libctru/lib\libctru.a(gfx.o) (vramAlloc)
D:/Programmi/devkitPro/libctru/lib\libctru.a(linear.o)
                              D:/Programmi/devkitPro/libctru/lib\libctru.a(gfx.o) (linearAlloc)
D:/Programmi/devkitPro/libctru/lib\libctru.a(mem_pool.o)
                              D:/Programmi/devkitPro/libctru/lib\libctru.a(vram.o) (MemPool::Allocate(MemChunk&, unsigned long, int))
D:/Programmi/devkitPro/libctru/lib\libctru.a(synchronization.o)
                              D:/Programmi/devkitPro/libctru/lib\libctru.a(ctru_init.o) (__sync_init)
D:/Programmi/devkitPro/libctru/lib\libctru.a(os.o)
                              D:/Programmi/devkitPro/libctru/lib\libctru.a(apt.o) (__ctru_speedup_config)
D:/Programmi/devkitPro/libctru/lib\libctru.a(srv.o)
                              D:/Programmi/devkitPro/libctru/lib\libctru.a(apt.o) (srvInit)
D:/Programmi/devkitPro/libctru/lib\libctru.a(thread.o)
                              D:/Programmi/devkitPro/libctru/lib\libctru.a(gspgpu.o) (threadCreate)
D:/Programmi/devkitPro/libctru/lib\libctru.a(mappable.o)
                              D:/Programmi/devkitPro/libctru/lib\libctru.a(gspgpu.o) (mappableAlloc)
D:/Programmi/devkitPro/libctru/lib\libctru.a(irrst.o)
                              D:/Programmi/devkitPro/libctru/lib\libctru.a(hid.o) (irrstInit)
D:/Programmi/devkitPro/libctru/lib\libctru.a(srvpm.o)
                              D:/Programmi/devkitPro/libctru/lib\libctru.a(srv.o) (srvPmGetSessionHandle)
D:/Programmi/devkitPro/libctru/lib\libctru.a(ptmsysm.o)
                              D:/Programmi/devkitPro/libctru/lib\libctru.a(os.o) (ptmSysmInit)
D:/Programmi/devkitPro/libctru/lib\libctru.a(rbtree_init.o)
                              D:/Programmi/devkitPro/libctru/lib\libctru.a(vram.o) (rbtree_init)
D:/Programmi/devkitPro/libctru/lib\libctru.a(rbtree_insert.o)
                              D:/Programmi/devkitPro/libctru/lib\libctru.a(vram.o) (rbtree_insert)
D:/Programmi/devkitPro/libctru/lib\libctru.a(rbtree_rotate.o)
                              D:/Programmi/devkitPro/libctru/lib\libctru.a(rbtree_insert.o) (rbtree_rotate)
D:/Programmi/devkitPro/libctru/lib\libctru.a(rbtree_remove.o)
                              D:/Programmi/devkitPro/libctru/lib\libctru.a(vram.o) (rbtree_remove)
D:/Programmi/devkitPro/libctru/lib\libctru.a(rbtree_find.o)
                              D:/Programmi/devkitPro/libctru/lib\libctru.a(vram.o) (rbtree_find)
D:/Programmi/devkitPro/libctru/lib\libctru.a(appInit.o)
                              D:/Programmi/devkitPro/libctru/lib\libctru.a(stack_adjust.o) (__appInit)
D:/Programmi/devkitPro/libctru/lib\libctru.a(syscalls.o)
                              D:/Programmi/devkitPro/libctru/lib\libctru.a(ctru_init.o) (__system_initSyscalls)
D:/Programmi/devkitPro/libctru/lib\libctru.a(allocateHeaps.o)
                              D:/Programmi/devkitPro/libctru/lib\libctru.a(ctru_init.o) (__system_allocateHeaps)
D:/Programmi/devkitPro/libctru/lib\libctru.a(appExit.o)
                              D:/Programmi/devkitPro/libctru/lib\libctru.a(stack_adjust.o) (__appExit)
D:/Programmi/devkitPro/libctru/lib\libctru.a(ctru_exit.o)
                              D:/Programmi/devkitPro/libctru/lib\libctru.a(stack_adjust.o) (__libctru_exit)
D:/Programmi/devkitPro/libctru/lib\libctru.a(env.o)
[...]
Memory Configuration

Name             Origin             Length             Attributes
*default*        0x0000000000000000 0xffffffffffffffff

Linker script and memory map

                0x0000000000100000                PROVIDE (__start__ = 0x100000)
                0x0000000000100000                . = __start__

.text           0x0000000000100000    0x22994
 *(.crt0)
 .crt0          0x0000000000100000       0x94 d:/programmi/devkitpro/devkitarm/bin/../lib/gcc/arm-none-eabi/10.2.0/../../../../arm-none-eabi/lib/armv6k/fpu/3dsx_crt0.o
                0x0000000000100000                _start
                0x0000000000100008                __service_ptr
                0x000000000010000c                __apt_appid
                0x0000000000100010                __heap_size
                0x0000000000100014                __linear_heap_size
                0x0000000000100018                __system_arglist
                0x000000000010001c                __system_runflags
 *(.init)
 .init          0x0000000000100094        0xc d:/programmi/devkitpro/devkitarm/bin/../lib/gcc/arm-none-eabi/10.2.0/armv6k/fpu/crti.o
                0x0000000000100094                _init
 .init          0x00000000001000a0        0xc d:/programmi/devkitpro/devkitarm/bin/../lib/gcc/arm-none-eabi/10.2.0/armv6k/fpu/crtn.o
                0x00000000001000ac                . = ALIGN (0x4)
 *(.text)
 .text          0x00000000001000ac      0x240 d:/programmi/devkitpro/devkitarm/bin/../lib/gcc/arm-none-eabi/10.2.0/armv6k/fpu\libgcc.a(_divsi3.o)
                0x00000000001000ac                __divsi3
                0x00000000001000ac                __aeabi_idiv
                0x00000000001002cc                __aeabi_idivmod
 .text          0x00000000001002ec        0x4 d:/programmi/devkitpro/devkitarm/bin/../lib/gcc/arm-none-eabi/10.2.0/armv6k/fpu\libgcc.a(_dvmd_tls.o)
                0x00000000001002ec                __aeabi_idiv0
                0x00000000001002ec                __aeabi_ldiv0
 .text          0x00000000001002f0       0xd4 d:/programmi/devkitpro/devkitarm/bin/../lib/gcc/arm-none-eabi/10.2.0/armv6k/fpu\libgcc.a(_aeabi_ldivmod.o)
                0x00000000001002f0                __aeabi_ldivmod
 .text          0x00000000001003c4       0x3c d:/programmi/devkitpro/devkitarm/bin/../lib/gcc/arm-none-eabi/10.2.0/armv6k/fpu\libgcc.a(_aeabi_uldivmod.o)
                0x00000000001003c4                __aeabi_uldivmod
 .text          0x0000000000100400      0x390 d:/programmi/devkitpro/devkitarm/bin/../lib/gcc/arm-none-eabi/10.2.0/../../../../arm-none-eabi/lib/armv6k/fpu\libg.a(lib_a-strcmp.o)
                0x0000000000100408                strcmp
 .text          0x0000000000100790      0x20c d:/programmi/devkitpro/devkitarm/bin/../lib/gcc/arm-none-eabi/10.2.0/armv6k/fpu\libgcc.a(_udivsi3.o)
                0x0000000000100790                __aeabi_uidiv
                0x0000000000100790                __udivsi3
                0x000000000010097c                __aeabi_uidivmod
 .text          0x000000000010099c      0x3c0 d:/programmi/devkitpro/devkitarm/bin/../lib/gcc/arm-none-eabi/10.2.0/armv6k/fpu\libgcc.a(_arm_addsubdf3.o)
                0x000000000010099c                __aeabi_drsub
                0x00000000001009a4                __aeabi_dsub
                0x00000000001009a4                __subdf3
                0x00000000001009a8                __aeabi_dadd
                0x00000000001009a8                __adddf3
                0x0000000000100c54                __floatunsidf
                0x0000000000100c54                __aeabi_ui2d
                0x0000000000100c78                __floatsidf
                0x0000000000100c78                __aeabi_i2d
                0x0000000000100ca0                __aeabi_f2d
                0x0000000000100ca0                __extendsfdf2
                0x0000000000100ce8                __floatundidf
                0x0000000000100ce8                __aeabi_ul2d
                0x0000000000100cfc                __floatdidf
                0x0000000000100cfc                __aeabi_l2d
 *(.text.*)
 .text.__do_global_dtors_aux
                0x0000000000100d5c       0x40 d:/programmi/devkitpro/devkitarm/bin/../lib/gcc/arm-none-eabi/10.2.0/armv6k/fpu/crtbegin.o
 .text.frame_dummy
                0x0000000000100d9c       0x2c d:/programmi/devkitpro/devkitarm/bin/../lib/gcc/arm-none-eabi/10.2.0/armv6k/fpu/crtbegin.o
 .text.getInfo  0x0000000000100dc8       0x80 main.o
                0x0000000000100dc8                getInfo
 .text.printLogo
                0x0000000000100e48       0xfc main.o
                0x0000000000100e48                printLogo
 .text.startup.main
                0x0000000000100f44       0x64 main.o
                0x0000000000100f44                main
 .text.consoleDrawChar
                0x0000000000100fa8      0x178 D:/Programmi/devkitPro/libctru/lib\libctru.a(console.o)
                0x0000000000100fa8                consoleDrawChar
 .text.consolePrintChar
                0x0000000000101120      0x124 D:/Programmi/devkitPro/libctru/lib\libctru.a(console.o)
                0x0000000000101120                consolePrintChar
 .text.con_write
                0x0000000000101244      0xa00 D:/Programmi/devkitPro/libctru/lib\libctru.a(console.o)
                0x0000000000101244                con_write
 .text.consoleInit
                0x0000000000101c44      0x168 D:/Programmi/devkitPro/libctru/lib\libctru.a(console.o)
                0x0000000000101c44                consoleInit
 .text.newRow   0x0000000000101dac       0xf4 D:/Programmi/devkitPro/libctru/lib\libctru.a(console.o)
 .text.gfxPresentFramebuffer
                0x0000000000101ea0       0xd0 D:/Programmi/devkitPro/libctru/lib\libctru.a(gfx.o)
 .text.gfxIsWide
                0x0000000000101f70       0x1c D:/Programmi/devkitPro/libctru/lib\libctru.a(gfx.o)
                0x0000000000101f70                gfxIsWide
 .text.gfxSetScreenFormat
                0x0000000000101f8c       0xec D:/Programmi/devkitPro/libctru/lib\libctru.a(gfx.o)
                0x0000000000101f8c                gfxSetScreenFormat
 .text.gfxSetDoubleBuffering
                0x0000000000102078       0x10 D:/Programmi/devkitPro/libctru/lib\libctru.a(gfx.o)
                0x0000000000102078                gfxSetDoubleBuffering
 .text.gfxInit  0x0000000000102088      0x108 D:/Programmi/devkitPro/libctru/lib\libctru.a(gfx.o)
                0x0000000000102088                gfxInit
 .text.gfxInitDefault
                0x0000000000102190       0x10 D:/Programmi/devkitPro/libctru/lib\libctru.a(gfx.o)
                0x0000000000102190                gfxInitDefault
 .text.gfxExit  0x00000000001021a0       0xb4 D:/Programmi/devkitPro/libctru/lib\libctru.a(gfx.o)
                0x00000000001021a0                gfxExit
 .text.gfxGetFramebuffer
                0x0000000000102254       0xa0 D:/Programmi/devkitPro/libctru/lib\libctru.a(gfx.o)
                0x0000000000102254                gfxGetFramebuffer
 .text.gfxFlushBuffers
                0x00000000001022f4      0x10c D:/Programmi/devkitPro/libctru/lib\libctru.a(gfx.o)
                0x00000000001022f4                gfxFlushBuffers
 .text.gfxSwapBuffers
                0x0000000000102400       0x50 D:/Programmi/devkitPro/libctru/lib\libctru.a(gfx.o)
                0x0000000000102400                gfxSwapBuffers
 .text.gfxSwapBuffersGpu
                0x0000000000102450       0x50 D:/Programmi/devkitPro/libctru/lib\libctru.a(gfx.o)
                0x0000000000102450                gfxSwapBuffersGpu
 .text.gspHardwareInit
                0x00000000001024a0      0xc58 D:/Programmi/devkitPro/libctru/lib\libctru.a(gspgpu.o)
 .text.gspInit  0x00000000001030f8      0x254 D:/Programmi/devkitPro/libctru/lib\libctru.a(gspgpu.o)
                0x00000000001030f8                gspInit
 .text.gspExit  0x000000000010334c       0xf0 D:/Programmi/devkitPro/libctru/lib\libctru.a(gspgpu.o)
                0x000000000010334c                gspExit
 .text.gspHasGpuRight
                0x000000000010343c       0x10 D:/Programmi/devkitPro/libctru/lib\libctru.a(gspgpu.o)
                0x000000000010343c                gspHasGpuRight
 .text.gspPresentBuffer
                0x000000000010344c       0x98 D:/Programmi/devkitPro/libctru/lib\libctru.a(gspgpu.o)
                0x000000000010344c                gspPresentBuffer
 .text.gspWaitForEvent
                0x00000000001034e4       0x50 D:/Programmi/devkitPro/libctru/lib\libctru.a(gspgpu.o)
                0x00000000001034e4                gspWaitForEvent
 .text.gxCmdQueueInterrupt
                0x0000000000103534        0x4 D:/Programmi/devkitPro/libctru/lib\libctru.a(gspgpu.o)
                0x0000000000103534                gxCmdQueueInterrupt
 .text.gspEventThreadMain
                0x0000000000103538      0x160 D:/Programmi/devkitPro/libctru/lib\libctru.a(gspgpu.o)
 .text.GSPGPU_FlushDataCache
                0x0000000000103698       0x50 D:/Programmi/devkitPro/libctru/lib\libctru.a(gspgpu.o)
                0x0000000000103698                GSPGPU_FlushDataCache
 .text.GSPGPU_SetLcdForceBlack
                0x00000000001036e8       0x34 D:/Programmi/devkitPro/libctru/lib\libctru.a(gspgpu.o)
                0x00000000001036e8                GSPGPU_SetLcdForceBlack
 .text.GSPGPU_AcquireRight
                0x000000000010371c       0x68 D:/Programmi/devkitPro/libctru/lib\libctru.a(gspgpu.o)
                0x000000000010371c                GSPGPU_AcquireRight
 .text.GSPGPU_ReleaseRight
                0x0000000000103784       0x48 D:/Programmi/devkitPro/libctru/lib\libctru.a(gspgpu.o)
                0x0000000000103784                GSPGPU_ReleaseRight
 .text.GSPGPU_ImportDisplayCaptureInfo
                0x00000000001037cc       0x7c D:/Programmi/devkitPro/libctru/lib\libctru.a(gspgpu.o)
                0x00000000001037cc                GSPGPU_ImportDisplayCaptureInfo
 .text.GSPGPU_SaveVramSysArea
                0x0000000000103848       0x2c D:/Programmi/devkitPro/libctru/lib\libctru.a(gspgpu.o)
                0x0000000000103848                GSPGPU_SaveVramSysArea
 .text.GSPGPU_RestoreVramSysArea
                0x0000000000103874       0x2c D:/Programmi/devkitPro/libctru/lib\libctru.a(gspgpu.o)
                0x0000000000103874                GSPGPU_RestoreVramSysArea
 .text.aptConvertScreenForCapture
                0x00000000001038a0      0x1b0 D:/Programmi/devkitPro/libctru/lib\libctru.a(apt.o)
 .text.aptDspSleep
                0x0000000000103a50        0x8 D:/Programmi/devkitPro/libctru/lib\libctru.a(apt.o)
                0x0000000000103a50                aptDspSleep
 .text.aptDspWakeup
                0x0000000000103a58        0x4 D:/Programmi/devkitPro/libctru/lib\libctru.a(apt.o)
                0x0000000000103a58                aptDspWakeup
 .text.aptDspCancel
                0x0000000000103a5c        0x4 D:/Programmi/devkitPro/libctru/lib\libctru.a(apt.o)
                0x0000000000103a5c                aptDspCancel
 .text.aptSendCommand
                0x0000000000103a60      0x15c D:/Programmi/devkitPro/libctru/lib\libctru.a(apt.o)
                0x0000000000103a60                aptSendCommand
 .text.aptExitProcess
                0x0000000000103bbc       0x38 D:/Programmi/devkitPro/libctru/lib\libctru.a(apt.o)
 .text.aptExit  0x0000000000103bf4      0x2f0 D:/Programmi/devkitPro/libctru/lib\libctru.a(apt.o)
                0x0000000000103bf4                aptExit
 .text.aptHandleSleep
                0x0000000000103ee4       0xd8 D:/Programmi/devkitPro/libctru/lib\libctru.a(apt.o)
                0x0000000000103ee4                aptHandleSleep
 .text.APT_SleepIfShellClosed
                0x0000000000103fbc       0x84 D:/Programmi/devkitPro/libctru/lib\libctru.a(apt.o)
                0x0000000000103fbc                APT_SleepIfShellClosed
 .text.aptSetSleepAllowed
                0x0000000000104040       0x84 D:/Programmi/devkitPro/libctru/lib\libctru.a(apt.o)
                0x0000000000104040                aptSetSleepAllowed
 .text.APT_UnlockTransition
                0x00000000001040c4       0x84 D:/Programmi/devkitPro/libctru/lib\libctru.a(apt.o)
                0x00000000001040c4                APT_UnlockTransition
 .text.aptEventHandler
                0x0000000000104148      0x484 D:/Programmi/devkitPro/libctru/lib\libctru.a(apt.o)
 .text.APT_ReceiveParameter
                0x00000000001045cc       0xb0 D:/Programmi/devkitPro/libctru/lib\libctru.a(apt.o)
                0x00000000001045cc                APT_ReceiveParameter
 .text.aptReceiveParameter.constprop.0
                0x000000000010467c       0xb0 D:/Programmi/devkitPro/libctru/lib\libctru.a(apt.o)
 *fill*         0x000000000010472c        0x4 
 .text.aptScreenTransfer
                0x0000000000104730      0x2bc D:/Programmi/devkitPro/libctru/lib\libctru.a(apt.o)
 .text.aptWaitForWakeUp.isra.0
                0x00000000001049ec      0x2d0 D:/Programmi/devkitPro/libctru/lib\libctru.a(apt.o)
 .text.aptJumpToHomeMenu
                0x0000000000104cbc       0xf8 D:/Programmi/devkitPro/libctru/lib\libctru.a(apt.o)
                0x0000000000104cbc                aptJumpToHomeMenu
 .text.aptMainLoop
                0x0000000000104db4       0x4c D:/Programmi/devkitPro/libctru/lib\libctru.a(apt.o)
                0x0000000000104db4                aptMainLoop
 .text.aptInit  0x0000000000104e00      0x234 D:/Programmi/devkitPro/libctru/lib\libctru.a(apt.o)
                0x0000000000104e00                aptInit
 .text.APT_CheckNew3DS
                0x0000000000105034       0x7c D:/Programmi/devkitPro/libctru/lib\libctru.a(apt.o)
                0x0000000000105034                APT_CheckNew3DS
 .text.hidShouldUseIrrst
                0x00000000001050b0       0x24 D:/Programmi/devkitPro/libctru/lib\libctru.a(hid.o)
                0x00000000001050b0                hidShouldUseIrrst
 .text.hidInit  0x00000000001050d4      0x18c D:/Programmi/devkitPro/libctru/lib\libctru.a(hid.o)
                0x00000000001050d4                hidInit
 .text.hidExit  0x0000000000105260       0xe8 D:/Programmi/devkitPro/libctru/lib\libctru.a(hid.o)
                0x0000000000105260                hidExit
 .text.hidScanInput
                0x0000000000105348      0x294 D:/Programmi/devkitPro/libctru/lib\libctru.a(hid.o)
                0x0000000000105348                hidScanInput
 .text.hidKeysDown
                0x00000000001055dc       0x10 D:/Programmi/devkitPro/libctru/lib\libctru.a(hid.o)
                0x00000000001055dc                hidKeysDown
 .text.__libctru_init
                0x00000000001055ec       0x38 D:/Programmi/devkitPro/libctru/lib\libctru.a(ctru_init.o)
                0x00000000001055ec                __libctru_init
 .text.__system_initArgv
                0x0000000000105624       0xf0 D:/Programmi/devkitPro/libctru/lib\libctru.a(initArgv.o)
                0x0000000000105624                __system_initArgv
 .text.svcControlMemory
                0x0000000000105714       0x20 D:/Programmi/devkitPro/libctru/lib\libctru.a(svc.o)
                0x0000000000105714                svcControlMemory
 .text.svcQueryMemory
                0x0000000000105734       0x30 D:/Programmi/devkitPro/libctru/lib\libctru.a(svc.o)
                0x0000000000105734                svcQueryMemory
 .text.svcExitProcess
                0x0000000000105764        0x8 D:/Programmi/devkitPro/libctru/lib\libctru.a(svc.o)
                0x0000000000105764                svcExitProcess
 .text.svcCreateThread
                0x000000000010576c       0x20 D:/Programmi/devkitPro/libctru/lib\libctru.a(svc.o)
                0x000000000010576c                svcCreateThread
 .text.svcExitThread
                0x000000000010578c        0x8 D:/Programmi/devkitPro/libctru/lib\libctru.a(svc.o)
                0x000000000010578c                svcExitThread
 .text.svcSleepThread
                0x0000000000105794        0x8 D:/Programmi/devkitPro/libctru/lib\libctru.a(svc.o)
                0x0000000000105794                svcSleepThread
 .text.svcReleaseMutex
                0x000000000010579c        0x8 D:/Programmi/devkitPro/libctru/lib\libctru.a(svc.o)
                0x000000000010579c                svcReleaseMutex
 .text.svcCreateEvent
                0x00000000001057a4       0x14 D:/Programmi/devkitPro/libctru/lib\libctru.a(svc.o)
                0x00000000001057a4                svcCreateEvent
 .text.svcSignalEvent
                0x00000000001057b8        0x8 D:/Programmi/devkitPro/libctru/lib\libctru.a(svc.o)
                0x00000000001057b8                svcSignalEvent
 .text.svcClearEvent
                0x00000000001057c0        0x8 D:/Programmi/devkitPro/libctru/lib\libctru.a(svc.o)
                0x00000000001057c0                svcClearEvent
 .text.svcMapMemoryBlock
                0x00000000001057c8        0x8 D:/Programmi/devkitPro/libctru/lib\libctru.a(svc.o)
                0x00000000001057c8                svcMapMemoryBlock
 .text.svcUnmapMemoryBlock
                0x00000000001057d0        0x8 D:/Programmi/devkitPro/libctru/lib\libctru.a(svc.o)
                0x00000000001057d0                svcUnmapMemoryBlock
 .text.svcCreateAddressArbiter
                0x00000000001057d8       0x14 D:/Programmi/devkitPro/libctru/lib\libctru.a(svc.o)
                0x00000000001057d8                svcCreateAddressArbiter
 .text.svcArbitrateAddressNoTimeout
                0x00000000001057ec        0x8 D:/Programmi/devkitPro/libctru/lib\libctru.a(svc.o)
                0x00000000001057ec                svcArbitrateAddressNoTimeout
 .text.svcCloseHandle
                0x00000000001057f4        0x8 D:/Programmi/devkitPro/libctru/lib\libctru.a(svc.o)
                0x00000000001057f4                svcCloseHandle
 .text.svcWaitSynchronization
                0x00000000001057fc        0x8 D:/Programmi/devkitPro/libctru/lib\libctru.a(svc.o)
                0x00000000001057fc                svcWaitSynchronization
 .text.svcWaitSynchronizationN
                0x0000000000105804       0x28 D:/Programmi/devkitPro/libctru/lib\libctru.a(svc.o)
                0x0000000000105804                svcWaitSynchronizationN
 .text.svcDuplicateHandle
                0x000000000010582c       0x14 D:/Programmi/devkitPro/libctru/lib\libctru.a(svc.o)
                0x000000000010582c                svcDuplicateHandle
 .text.svcGetSystemTick
                0x0000000000105840        0x8 D:/Programmi/devkitPro/libctru/lib\libctru.a(svc.o)
                0x0000000000105840                svcGetSystemTick
 .text.svcConnectToPort
                0x0000000000105848       0x14 D:/Programmi/devkitPro/libctru/lib\libctru.a(svc.o)
                0x0000000000105848                svcConnectToPort
 .text.svcSendSyncRequest
                0x000000000010585c        0x8 D:/Programmi/devkitPro/libctru/lib\libctru.a(svc.o)
                0x000000000010585c                svcSendSyncRequest
 .text.svcGetResourceLimit
                0x0000000000105864       0x14 D:/Programmi/devkitPro/libctru/lib\libctru.a(svc.o)
                0x0000000000105864                svcGetResourceLimit
 .text.svcGetResourceLimitLimitValues
                0x0000000000105878        0x8 D:/Programmi/devkitPro/libctru/lib\libctru.a(svc.o)
                0x0000000000105878                svcGetResourceLimitLimitValues
 .text.svcGetResourceLimitCurrentValues
                0x0000000000105880        0x8 D:/Programmi/devkitPro/libctru/lib\libctru.a(svc.o)
                0x0000000000105880                svcGetResourceLimitCurrentValues
 .text.svcBreak
                0x0000000000105888        0x8 D:/Programmi/devkitPro/libctru/lib\libctru.a(svc.o)
                0x0000000000105888                svcBreak
 .text.initSystem
                0x0000000000105890       0x50 D:/Programmi/devkitPro/libctru/lib\libctru.a(stack_adjust.o)
                0x0000000000105890                initSystem
 .text.__ctru_exit
                0x00000000001058e0       0x18 D:/Programmi/devkitPro/libctru/lib\libctru.a(stack_adjust.o)
                0x00000000001058e0                __ctru_exit
 .text._ZL21addrMapNodeComparatorPK11rbtree_nodeS1_
                0x00000000001058f8       0x24 D:/Programmi/devkitPro/libctru/lib\libctru.a(vram.o)
 .text._ZL21addrMapNodeDestructorP11rbtree_node
                0x000000000010591c        0x4 D:/Programmi/devkitPro/libctru/lib\libctru.a(vram.o)
 .text.vramMemAlign
                0x0000000000105920      0x114 D:/Programmi/devkitPro/libctru/lib\libctru.a(vram.o)
                0x0000000000105920                vramMemAlign
 .text.vramAlloc
                0x0000000000105a34        0x8 D:/Programmi/devkitPro/libctru/lib\libctru.a(vram.o)
                0x0000000000105a34                vramAlloc
 .text.vramFree
                0x0000000000105a3c       0x5c D:/Programmi/devkitPro/libctru/lib\libctru.a(vram.o)
                0x0000000000105a3c                vramFree
 .text._ZL21addrMapNodeComparatorPK11rbtree_nodeS1_
                0x0000000000105a98       0x24 D:/Programmi/devkitPro/libctru/lib\libctru.a(linear.o)
 .text._ZL21addrMapNodeDestructorP11rbtree_node
                0x0000000000105abc        0x4 D:/Programmi/devkitPro/libctru/lib\libctru.a(linear.o)
 .text.linearMemAlign
                0x0000000000105ac0      0x120 D:/Programmi/devkitPro/libctru/lib\libctru.a(linear.o)
                0x0000000000105ac0                linearMemAlign
 .text.linearAlloc
                0x0000000000105be0        0x8 D:/Programmi/devkitPro/libctru/lib\libctru.a(linear.o)
                0x0000000000105be0                linearAlloc
 .text.linearFree
                0x0000000000105be8       0x5c D:/Programmi/devkitPro/libctru/lib\libctru.a(linear.o)
                0x0000000000105be8                linearFree
 .text._ZN7MemPool13CoalesceRightEP8MemBlock
                0x0000000000105c44       0x84 D:/Programmi/devkitPro/libctru/lib\libctru.a(mem_pool.o)
                0x0000000000105c44                MemPool::CoalesceRight(MemBlock*)
 .text._ZN7MemPool8AllocateER8MemChunkmi
                0x0000000000105cc8      0x170 D:/Programmi/devkitPro/libctru/lib\libctru.a(mem_pool.o)
                0x0000000000105cc8                MemPool::Allocate(MemChunk&, unsigned long, int)
 .text._ZN7MemPool10DeallocateERK8MemChunk
                0x0000000000105e38       0xfc D:/Programmi/devkitPro/libctru/lib\libctru.a(mem_pool.o)
                0x0000000000105e38                MemPool::Deallocate(MemChunk const&)
 .text.__sync_init
                0x0000000000105f34        0xc D:/Programmi/devkitPro/libctru/lib\libctru.a(synchronization.o)
                0x0000000000105f34                __sync_init
 .text.__sync_fini
                0x0000000000105f40       0x18 D:/Programmi/devkitPro/libctru/lib\libctru.a(synchronization.o)
                0x0000000000105f40                __sync_fini
 .text.syncArbitrateAddress
                0x0000000000105f58       0x2c D:/Programmi/devkitPro/libctru/lib\libctru.a(synchronization.o)
                0x0000000000105f58                syncArbitrateAddress
 .text.LightLock_Init
                0x0000000000105f84       0x1c D:/Programmi/devkitPro/libctru/lib\libctru.a(synchronization.o)
                0x0000000000105f84                LightLock_Init
 .text.LightLock_Lock
                0x0000000000105fa0       0x94 D:/Programmi/devkitPro/libctru/lib\libctru.a(synchronization.o)
                0x0000000000105fa0                LightLock_Lock
 .text.LightLock_TryLock
                0x0000000000106034       0x44 D:/Programmi/devkitPro/libctru/lib\libctru.a(synchronization.o)
                0x0000000000106034                LightLock_TryLock
 .text.LightLock_Unlock
                0x0000000000106078       0x40 D:/Programmi/devkitPro/libctru/lib\libctru.a(synchronization.o)
                0x0000000000106078                LightLock_Unlock
 .text.RecursiveLock_Init
                0x00000000001060b8       0x24 D:/Programmi/devkitPro/libctru/lib\libctru.a(synchronization.o)
                0x00000000001060b8                RecursiveLock_Init
 .text.RecursiveLock_Lock
                0x00000000001060dc       0x30 D:/Programmi/devkitPro/libctru/lib\libctru.a(synchronization.o)
                0x00000000001060dc                RecursiveLock_Lock
 .text.RecursiveLock_TryLock
                0x000000000010610c       0x78 D:/Programmi/devkitPro/libctru/lib\libctru.a(synchronization.o)
                0x000000000010610c                RecursiveLock_TryLock
 .text.RecursiveLock_Unlock
                0x0000000000106184       0x54 D:/Programmi/devkitPro/libctru/lib\libctru.a(synchronization.o)
                0x0000000000106184                RecursiveLock_Unlock
 .text.LightEvent_Init
                0x00000000001061d8       0x40 D:/Programmi/devkitPro/libctru/lib\libctru.a(synchronization.o)
                0x00000000001061d8                LightEvent_Init
 .text.LightEvent_Clear
                0x0000000000106218       0xa4 D:/Programmi/devkitPro/libctru/lib\libctru.a(synchronization.o)
                0x0000000000106218                LightEvent_Clear
 .text.LightEvent_Signal
                0x00000000001062bc       0xc8 D:/Programmi/devkitPro/libctru/lib\libctru.a(synchronization.o)
                0x00000000001062bc                LightEvent_Signal
 .text.LightEvent_TryWait
                0x0000000000106384       0x58 D:/Programmi/devkitPro/libctru/lib\libctru.a(synchronization.o)
                0x0000000000106384                LightEvent_TryWait
 .text.LightEvent_Wait
                0x00000000001063dc       0xb0 D:/Programmi/devkitPro/libctru/lib\libctru.a(synchronization.o)
                0x00000000001063dc                LightEvent_Wait
 .text.osGetTimeRef
                0x000000000010648c       0x54 D:/Programmi/devkitPro/libctru/lib\libctru.a(os.o)
                0x000000000010648c                osGetTimeRef
 .text.osGetTime
                0x00000000001064e0       0xe4 D:/Programmi/devkitPro/libctru/lib\libctru.a(os.o)
                0x00000000001064e0                osGetTime
 .text.__libctru_gtod
                0x00000000001065c4       0x74 D:/Programmi/devkitPro/libctru/lib\libctru.a(os.o)
                0x00000000001065c4                __libctru_gtod
 .text.__ctru_speedup_config
                0x0000000000106638       0x34 D:/Programmi/devkitPro/libctru/lib\libctru.a(os.o)
                0x0000000000106638                __ctru_speedup_config
 .text.srvInit  0x000000000010666c      0x124 D:/Programmi/devkitPro/libctru/lib\libctru.a(srv.o)
                0x000000000010666c                srvInit
 .text.srvExit  0x0000000000106790       0x58 D:/Programmi/devkitPro/libctru/lib\libctru.a(srv.o)
                0x0000000000106790                srvExit
 .text.srvGetServiceHandleDirect
                0x00000000001067e8       0x80 D:/Programmi/devkitPro/libctru/lib\libctru.a(srv.o)
                0x00000000001067e8                srvGetServiceHandleDirect
 .text.srvGetServiceHandle
                0x0000000000106868       0x48 D:/Programmi/devkitPro/libctru/lib\libctru.a(srv.o)
                0x0000000000106868                srvGetServiceHandle
 .text.srvPublishToSubscriber
                0x00000000001068b0       0x38 D:/Programmi/devkitPro/libctru/lib\libctru.a(srv.o)
                0x00000000001068b0                srvPublishToSubscriber
 .text.threadCreate
                0x00000000001068e8      0x188 D:/Programmi/devkitPro/libctru/lib\libctru.a(thread.o)
                0x00000000001068e8                threadCreate
 .text.threadFree
                0x0000000000106a70       0x2c D:/Programmi/devkitPro/libctru/lib\libctru.a(thread.o)
                0x0000000000106a70                threadFree
 .text.threadJoin
                0x0000000000106a9c       0x24 D:/Programmi/devkitPro/libctru/lib\libctru.a(thread.o)
                0x0000000000106a9c                threadJoin
 .text.threadGetCurrent
                0x0000000000106ac0       0x30 D:/Programmi/devkitPro/libctru/lib\libctru.a(thread.o)
                0x0000000000106ac0                threadGetCurrent
 .text.threadExit
                0x0000000000106af0       0x40 D:/Programmi/devkitPro/libctru/lib\libctru.a(thread.o)
                0x0000000000106af0                threadExit
 .text._thread_begin
                0x0000000000106b30       0x44 D:/Programmi/devkitPro/libctru/lib\libctru.a(thread.o)
 .text.mappableFindAddressWithin
                0x0000000000106b74       0x94 D:/Programmi/devkitPro/libctru/lib\libctru.a(mappable.o)
 .text.mappableInit
                0x0000000000106c08       0x28 D:/Programmi/devkitPro/libctru/lib\libctru.a(mappable.o)
                0x0000000000106c08                mappableInit
 .text.mappableAlloc
                0x0000000000106c30       0x80 D:/Programmi/devkitPro/libctru/lib\libctru.a(mappable.o)
                0x0000000000106c30                mappableAlloc
 .text.mappableFree
                0x0000000000106cb0        0x4 D:/Programmi/devkitPro/libctru/lib\libctru.a(mappable.o)
                0x0000000000106cb0                mappableFree
 .text.irrstInit
                0x0000000000106cb4      0x160 D:/Programmi/devkitPro/libctru/lib\libctru.a(irrst.o)
                0x0000000000106cb4                irrstInit
 .text.irrstExit
                0x0000000000106e14       0xcc D:/Programmi/devkitPro/libctru/lib\libctru.a(irrst.o)
                0x0000000000106e14                irrstExit
 .text.irrstScanInput
                0x0000000000106ee0       0xb0 D:/Programmi/devkitPro/libctru/lib\libctru.a(irrst.o)
                0x0000000000106ee0                irrstScanInput
 .text.irrstKeysHeld
                0x0000000000106f90       0x24 D:/Programmi/devkitPro/libctru/lib\libctru.a(irrst.o)
                0x0000000000106f90                irrstKeysHeld
 .text.srvPmGetSessionHandle
                0x0000000000106fb4        0xc D:/Programmi/devkitPro/libctru/lib\libctru.a(srvpm.o)
                0x0000000000106fb4                srvPmGetSessionHandle
 .text.ptmSysmInit
                0x0000000000106fc0       0x74 D:/Programmi/devkitPro/libctru/lib\libctru.a(ptmsysm.o)
                0x0000000000106fc0                ptmSysmInit
 .text.ptmSysmExit
                0x0000000000107034       0x3c D:/Programmi/devkitPro/libctru/lib\libctru.a(ptmsysm.o)
                0x0000000000107034                ptmSysmExit
 .text.PTMSYSM_ConfigureNew3DSCPU
                0x0000000000107070       0x34 D:/Programmi/devkitPro/libctru/lib\libctru.a(ptmsysm.o)
                0x0000000000107070                PTMSYSM_ConfigureNew3DSCPU
 .text.rbtree_init
                0x00000000001070a4       0x10 D:/Programmi/devkitPro/libctru/lib\libctru.a(rbtree_init.o)
                0x00000000001070a4                rbtree_init
 .text.do_insert
                0x00000000001070b4      0x1a0 D:/Programmi/devkitPro/libctru/lib\libctru.a(rbtree_insert.o)
 .text.rbtree_insert
                0x0000000000107254        0x8 D:/Programmi/devkitPro/libctru/lib\libctru.a(rbtree_insert.o)
                0x0000000000107254                rbtree_insert
 .text.rbtree_rotate
                0x000000000010725c       0x90 D:/Programmi/devkitPro/libctru/lib\libctru.a(rbtree_rotate.o)
                0x000000000010725c                rbtree_rotate
 .text.rbtree_remove
                0x00000000001072ec      0x338 D:/Programmi/devkitPro/libctru/lib\libctru.a(rbtree_remove.o)
                0x00000000001072ec                rbtree_remove
 .text.rbtree_find
                0x0000000000107624       0x74 D:/Programmi/devkitPro/libctru/lib\libctru.a(rbtree_find.o)
                0x0000000000107624                rbtree_find
 .text.__appInit
                0x0000000000107698       0x30 D:/Programmi/devkitPro/libctru/lib\libctru.a(appInit.o)
                0x0000000000107698                __appInit
 .text.__libctru_nanosleep
                0x00000000001076c8       0x30 D:/Programmi/devkitPro/libctru/lib\libctru.a(syscalls.o)
 .text.__libctru_get_reent
                0x00000000001076f8       0x30 D:/Programmi/devkitPro/libctru/lib\libctru.a(syscalls.o)
 .text.__system_initSyscalls
                0x0000000000107728       0xf8 D:/Programmi/devkitPro/libctru/lib\libctru.a(syscalls.o)
                0x0000000000107728                __system_initSyscalls
 .text.__system_allocateHeaps
                0x0000000000107820      0x1e0 D:/Programmi/devkitPro/libctru/lib\libctru.a(allocateHeaps.o)
                0x0000000000107820                __system_allocateHeaps
 .text.__appExit
                0x0000000000107a00       0x30 D:/Programmi/devkitPro/libctru/lib\libctru.a(appExit.o)
                0x0000000000107a00                __appExit
 .text.__libctru_exit
                0x0000000000107a30       0x90 D:/Programmi/devkitPro/libctru/lib\libctru.a(ctru_exit.o)
                0x0000000000107a30                __libctru_exit
 .text.envGetHandle
                0x0000000000107ac0       0x84 D:/Programmi/devkitPro/libctru/lib\libctru.a(env.o)
                0x0000000000107ac0                envGetHandle
 .text.envDestroyHandles
                0x0000000000107b44       0x50 D:/Programmi/devkitPro/libctru/lib\libctru.a(env.o)
                0x0000000000107b44                envDestroyHandles
 .text.archive_link
                0x0000000000107b94       0x14 D:/Programmi/devkitPro/libctru/lib\libctru.a(archive_dev.o)
 .text.archive_dirreset
                0x0000000000107ba8       0x14 D:/Programmi/devkitPro/libctru/lib\libctru.a(archive_dev.o)
 .text.archive_chmod
                0x0000000000107bbc       0x14 D:/Programmi/devkitPro/libctru/lib\libctru.a(archive_dev.o)
 .text.error_cmp
                0x0000000000107bd0       0x24 D:/Programmi/devkitPro/libctru/lib\libctru.a(archive_dev.o)
 .text.archive_translate_error
                0x0000000000107bf4       0x50 D:/Programmi/devkitPro/libctru/lib\libctru.a(archive_dev.o)
 .text.archive_seek
                0x0000000000107c44       0xd4 D:/Programmi/devkitPro/libctru/lib\libctru.a(archive_dev.o)
 .text._archiveInit.part.0
                0x0000000000107d18       0x7c D:/Programmi/devkitPro/libctru/lib\libctru.a(archive_dev.o)
 .text.archiveFindDevice.part.0
                0x0000000000107d94       0x8c D:/Programmi/devkitPro/libctru/lib\libctru.a(archive_dev.o)
 .text.archive_utf16path
                0x0000000000107e20      0x294 D:/Programmi/devkitPro/libctru/lib\libctru.a(archive_dev.o)
 .text._archiveUnmountDeviceStruct.part.0
                0x00000000001080b4       0xa0 D:/Programmi/devkitPro/libctru/lib\libctru.a(archive_dev.o)
 .text.archive_fchmod
                0x0000000000108154       0x14 D:/Programmi/devkitPro/libctru/lib\libctru.a(archive_dev.o)
 .text.archive_statvfs
                0x0000000000108168       0x14 D:/Programmi/devkitPro/libctru/lib\libctru.a(archive_dev.o)
 .text._archiveMountDevice
                0x000000000010817c      0x158 D:/Programmi/devkitPro/libctru/lib\libctru.a(archive_dev.o)
 .text.archive_diropen
                0x00000000001082d4       0xe8 D:/Programmi/devkitPro/libctru/lib\libctru.a(archive_dev.o)
 .text.archive_fstat
                0x00000000001083bc       0xa4 D:/Programmi/devkitPro/libctru/lib\libctru.a(archive_dev.o)
 .text.archive_close
                0x0000000000108460       0x6c D:/Programmi/devkitPro/libctru/lib\libctru.a(archive_dev.o)
 .text.archive_fsync
                0x00000000001084cc       0x6c D:/Programmi/devkitPro/libctru/lib\libctru.a(archive_dev.o)
 .text.archive_dirclose
                0x0000000000108538       0x70 D:/Programmi/devkitPro/libctru/lib\libctru.a(archive_dev.o)
 .text.sdmc_statvfs
                0x00000000001085a8       0xe8 D:/Programmi/devkitPro/libctru/lib\libctru.a(archive_dev.o)
 .text.archive_ftruncate
                0x0000000000108690       0x80 D:/Programmi/devkitPro/libctru/lib\libctru.a(archive_dev.o)
 .text.archive_chdir
                0x0000000000108710       0xfc D:/Programmi/devkitPro/libctru/lib\libctru.a(archive_dev.o)
 .text.archive_read
                0x000000000010880c       0xb0 D:/Programmi/devkitPro/libctru/lib\libctru.a(archive_dev.o)
 .text.archive_unlink
                0x00000000001088bc       0xac D:/Programmi/devkitPro/libctru/lib\libctru.a(archive_dev.o)
 .text.archive_rmdir
                0x0000000000108968       0xc8 D:/Programmi/devkitPro/libctru/lib\libctru.a(archive_dev.o)
 .text.archive_mkdir
                0x0000000000108a30       0xec D:/Programmi/devkitPro/libctru/lib\libctru.a(archive_dev.o)
 .text.archive_stat
                0x0000000000108b1c      0x1a8 D:/Programmi/devkitPro/libctru/lib\libctru.a(archive_dev.o)
 .text.archive_rename
                0x0000000000108cc4      0x184 D:/Programmi/devkitPro/libctru/lib\libctru.a(archive_dev.o)
 .text.archive_dirnext
                0x0000000000108e48      0x168 D:/Programmi/devkitPro/libctru/lib\libctru.a(archive_dev.o)
 .text.archive_write
                0x0000000000108fb0      0x12c D:/Programmi/devkitPro/libctru/lib\libctru.a(archive_dev.o)
 .text.archive_open
                0x00000000001090dc      0x1f0 D:/Programmi/devkitPro/libctru/lib\libctru.a(archive_dev.o)
 .text.archiveMountSdmc
                0x00000000001092cc      0x1a4 D:/Programmi/devkitPro/libctru/lib\libctru.a(archive_dev.o)
                0x00000000001092cc                archiveMountSdmc
 .text.archiveUnmountAll
                0x0000000000109470       0x54 D:/Programmi/devkitPro/libctru/lib\libctru.a(archive_dev.o)
                0x0000000000109470                archiveUnmountAll
 .text.fsInit   0x00000000001094c4       0xc8 D:/Programmi/devkitPro/libctru/lib\libctru.a(fs.o)
                0x00000000001094c4                fsInit
 .text.fsExit   0x000000000010958c       0x3c D:/Programmi/devkitPro/libctru/lib\libctru.a(fs.o)
                0x000000000010958c                fsExit
 .text.fsExemptFromSession
                0x00000000001095c8       0x60 D:/Programmi/devkitPro/libctru/lib\libctru.a(fs.o)
                0x00000000001095c8                fsExemptFromSession
 .text.fsUnexemptFromSession
                0x0000000000109628       0x50 D:/Programmi/devkitPro/libctru/lib\libctru.a(fs.o)
                0x0000000000109628                fsUnexemptFromSession
 .text.FSUSER_OpenFile
                0x0000000000109678       0xcc D:/Programmi/devkitPro/libctru/lib\libctru.a(fs.o)
                0x0000000000109678                FSUSER_OpenFile
 .text.FSUSER_DeleteFile
                0x0000000000109744       0xbc D:/Programmi/devkitPro/libctru/lib\libctru.a(fs.o)
                0x0000000000109744                FSUSER_DeleteFile
 .text.FSUSER_RenameFile
                0x0000000000109800       0xf8 D:/Programmi/devkitPro/libctru/lib\libctru.a(fs.o)
                0x0000000000109800                FSUSER_RenameFile
 .text.FSUSER_DeleteDirectory
                0x00000000001098f8       0xbc D:/Programmi/devkitPro/libctru/lib\libctru.a(fs.o)
                0x00000000001098f8                FSUSER_DeleteDirectory
 .text.FSUSER_CreateFile
                0x00000000001099b4       0xd4 D:/Programmi/devkitPro/libctru/lib\libctru.a(fs.o)
                0x00000000001099b4                FSUSER_CreateFile
 .text.FSUSER_CreateDirectory
                0x0000000000109a88       0xc4 D:/Programmi/devkitPro/libctru/lib\libctru.a(fs.o)
                0x0000000000109a88                FSUSER_CreateDirectory
 .text.FSUSER_RenameDirectory
                0x0000000000109b4c       0xf8 D:/Programmi/devkitPro/libctru/lib\libctru.a(fs.o)
                0x0000000000109b4c                FSUSER_RenameDirectory
 .text.FSUSER_OpenDirectory
                0x0000000000109c44       0xb4 D:/Programmi/devkitPro/libctru/lib\libctru.a(fs.o)
                0x0000000000109c44                FSUSER_OpenDirectory
 .text.FSUSER_OpenArchive
                0x0000000000109cf8       0x94 D:/Programmi/devkitPro/libctru/lib\libctru.a(fs.o)
                0x0000000000109cf8                FSUSER_OpenArchive
 .text.FSUSER_CloseArchive
                0x0000000000109d8c       0x8c D:/Programmi/devkitPro/libctru/lib\libctru.a(fs.o)
                0x0000000000109d8c                FSUSER_CloseArchive
 .text.FSUSER_GetSdmcArchiveResource
                0x0000000000109e18       0x74 D:/Programmi/devkitPro/libctru/lib\libctru.a(fs.o)
                0x0000000000109e18                FSUSER_GetSdmcArchiveResource
 .text.FSUSER_IsSdmcWritable
                0x0000000000109e8c       0x64 D:/Programmi/devkitPro/libctru/lib\libctru.a(fs.o)
                0x0000000000109e8c                FSUSER_IsSdmcWritable
 .text.FSFILE_Read
                0x0000000000109ef0       0x58 D:/Programmi/devkitPro/libctru/lib\libctru.a(fs.o)
                0x0000000000109ef0                FSFILE_Read
 .text.FSFILE_Write
                0x0000000000109f48       0x60 D:/Programmi/devkitPro/libctru/lib\libctru.a(fs.o)
                0x0000000000109f48                FSFILE_Write
 .text.FSFILE_GetSize
                0x0000000000109fa8       0x38 D:/Programmi/devkitPro/libctru/lib\libctru.a(fs.o)
                0x0000000000109fa8                FSFILE_GetSize
 .text.FSFILE_SetSize
                0x0000000000109fe0       0x28 D:/Programmi/devkitPro/libctru/lib\libctru.a(fs.o)
                0x0000000000109fe0                FSFILE_SetSize
 .text.FSFILE_Close
                0x000000000010a008       0x3c D:/Programmi/devkitPro/libctru/lib\libctru.a(fs.o)
                0x000000000010a008                FSFILE_Close
 .text.FSFILE_Flush
                0x000000000010a044       0x24 D:/Programmi/devkitPro/libctru/lib\libctru.a(fs.o)
                0x000000000010a044                FSFILE_Flush
 .text.FSDIR_Read
                0x000000000010a068       0x50 D:/Programmi/devkitPro/libctru/lib\libctru.a(fs.o)
                0x000000000010a068                FSDIR_Read
 .text.FSDIR_Close
                0x000000000010a0b8       0x3c D:/Programmi/devkitPro/libctru/lib\libctru.a(fs.o)
                0x000000000010a0b8                FSDIR_Close
 .text.rbtree_node_next
                0x000000000010a0f4       0x50 D:/Programmi/devkitPro/libctru/lib\libctru.a(rbtree_iterator.o)
                0x000000000010a0f4                rbtree_node_next
 .text.utf16_to_utf8
                0x000000000010a144       0xe8 D:/Programmi/devkitPro/libctru/lib\libctru.a(utf16_to_utf8.o)
                0x000000000010a144                utf16_to_utf8
 .text.decode_utf16
                0x000000000010a22c       0x64 D:/Programmi/devkitPro/libctru/lib\libctru.a(decode_utf16.o)
                0x000000000010a22c                decode_utf16
 .text.decode_utf8
                0x000000000010a290      0x13c D:/Programmi/devkitPro/libctru/lib\libctru.a(decode_utf8.o)
                0x000000000010a290                decode_utf8
 .text.utf8_to_utf16
                0x000000000010a3cc       0xc0 D:/Programmi/devkitPro/libctru/lib\libctru.a(utf8_to_utf16.o)
                0x000000000010a3cc                utf8_to_utf16
 .text.__aeabi_read_tp
                0x000000000010a48c        0xc D:/Programmi/devkitPro/libctru/lib\libctru.a(readtp.o)
                0x000000000010a48c                __aeabi_read_tp
 .text.encode_utf16
                0x000000000010a498       0x60 D:/Programmi/devkitPro/libctru/lib\libctru.a(encode_utf16.o)
                0x000000000010a498                encode_utf16
 .text.encode_utf8
                0x000000000010a4f8       0xfc D:/Programmi/devkitPro/libctru/lib\libctru.a(encode_utf8.o)
                0x000000000010a4f8                encode_utf8
 .text.__udivmoddi4
                0x000000000010a5f4      0x120 d:/programmi/devkitpro/devkitarm/bin/../lib/gcc/arm-none-eabi/10.2.0/armv6k/fpu\libgcc.a(_udivmoddi4.o)
                0x000000000010a5f4                __udivmoddi4
 .text.bsearch  0x000000000010a714       0x78 d:/programmi/devkitpro/devkitarm/bin/../lib/gcc/arm-none-eabi/10.2.0/../../../../arm-none-eabi/lib/armv6k/fpu\libg.a(lib_a-bsearch.o)
                0x000000000010a714                bsearch
 .text.__errno  0x000000000010a78c        0xc d:/programmi/devkitpro/devkitarm/bin/../lib/gcc/arm-none-eabi/10.2.0/../../../../arm-none-eabi/lib/armv6k/fpu\libg.a(lib_a-errno.o)
                0x000000000010a78c                __errno
 .text.exit     0x000000000010a798       0x34 d:/programmi/devkitpro/devkitarm/bin/../lib/gcc/arm-none-eabi/10.2.0/../../../../arm-none-eabi/lib/armv6k/fpu\libg.a(lib_a-exit.o)
                0x000000000010a798                exit
 .text._fclose_r
                0x000000000010a7cc      0x160 d:/programmi/devkitpro/devkitarm/bin/../lib/gcc/arm-none-eabi/10.2.0/../../../../arm-none-eabi/lib/armv6k/fpu\libg.a(lib_a-fclose.o)
                0x000000000010a7cc                _fclose_r
 .text.fclose   0x000000000010a92c       0x20 d:/programmi/devkitpro/devkitarm/bin/../lib/gcc/arm-none-eabi/10.2.0/../../../../arm-none-eabi/lib/armv6k/fpu\libg.a(lib_a-fclose.o)
                0x000000000010a92c                fclose
 .text.__sflush_r
                0x000000000010a94c      0x258 d:/programmi/devkitpro/devkitarm/bin/../lib/gcc/arm-none-eabi/10.2.0/../../../../arm-none-eabi/lib/armv6k/fpu\libg.a(lib_a-fflush.o)
                0x000000000010a94c                __sflush_r
 .text._fflush_r
                0x000000000010aba4       0x94 d:/programmi/devkitpro/devkitarm/bin/../lib/gcc/arm-none-eabi/10.2.0/../../../../arm-none-eabi/lib/armv6k/fpu\libg.a(lib_a-fflush.o)
                0x000000000010aba4                _fflush_r
 .text.fflush   0x000000000010ac38       0x38 d:/programmi/devkitpro/devkitarm/bin/../lib/gcc/arm-none-eabi/10.2.0/../../../../arm-none-eabi/lib/armv6k/fpu\libg.a(lib_a-fflush.o)
                0x000000000010ac38                fflush
 .text._fgets_r
                0x000000000010ac70      0x1a0 d:/programmi/devkitpro/devkitarm/bin/../lib/gcc/arm-none-eabi/10.2.0/../../../../arm-none-eabi/lib/armv6k/fpu\libg.a(lib_a-fgets.o)
                0x000000000010ac70                _fgets_r
 .text.fgets    0x000000000010ae10       0x30 d:/programmi/devkitpro/devkitarm/bin/../lib/gcc/arm-none-eabi/10.2.0/../../../../arm-none-eabi/lib/armv6k/fpu\libg.a(lib_a-fgets.o)
                0x000000000010ae10                fgets
 .text._cleanup_r
                0x000000000010ae40        0xc d:/programmi/devkitpro/devkitarm/bin/../lib/gcc/arm-none-eabi/10.2.0/../../../../arm-none-eabi/lib/armv6k/fpu\libg.a(lib_a-findfp.o)
                0x000000000010ae40                _cleanup_r
 .text.__sinit  0x000000000010ae4c      0x184 d:/programmi/devkitpro/devkitarm/bin/../lib/gcc/arm-none-eabi/10.2.0/../../../../arm-none-eabi/lib/armv6k/fpu\libg.a(lib_a-findfp.o)
                0x000000000010ae4c                __sinit
 .text.__sfp    0x000000000010afd0      0x134 d:/programmi/devkitpro/devkitarm/bin/../lib/gcc/arm-none-eabi/10.2.0/../../../../arm-none-eabi/lib/armv6k/fpu\libg.a(lib_a-findfp.o)
                0x000000000010afd0                __sfp
 .text.__sfp_lock_acquire
                0x000000000010b104        0xc d:/programmi/devkitpro/devkitarm/bin/../lib/gcc/arm-none-eabi/10.2.0/../../../../arm-none-eabi/lib/armv6k/fpu\libg.a(lib_a-findfp.o)
                0x000000000010b104                __sfp_lock_acquire
 .text.__sfp_lock_release
                0x000000000010b110        0xc d:/programmi/devkitpro/devkitarm/bin/../lib/gcc/arm-none-eabi/10.2.0/../../../../arm-none-eabi/lib/armv6k/fpu\libg.a(lib_a-findfp.o)
                0x000000000010b110                __sfp_lock_release
 .text.__libc_fini_array
                0x000000000010b11c       0x3c d:/programmi/devkitpro/devkitarm/bin/../lib/gcc/arm-none-eabi/10.2.0/../../../../arm-none-eabi/lib/armv6k/fpu\libg.a(lib_a-fini.o)
                0x000000000010b11c                __libc_fini_array
 .text._fopen_r
                0x000000000010b158      0x140 d:/programmi/devkitpro/devkitarm/bin/../lib/gcc/arm-none-eabi/10.2.0/../../../../arm-none-eabi/lib/armv6k/fpu\libg.a(lib_a-fopen.o)
                0x000000000010b158                _fopen_r
 .text.fopen    0x000000000010b298       0x28 d:/programmi/devkitpro/devkitarm/bin/../lib/gcc/arm-none-eabi/10.2.0/../../../../arm-none-eabi/lib/armv6k/fpu\libg.a(lib_a-fopen.o)
                0x000000000010b298                fopen
 .text._malloc_trim_r
                0x000000000010b2c0       0xf8 d:/programmi/devkitpro/devkitarm/bin/../lib/gcc/arm-none-eabi/10.2.0/../../../../arm-none-eabi/lib/armv6k/fpu\libg.a(lib_a-freer.o)
                0x000000000010b2c0                _malloc_trim_r
 .text._free_r  0x000000000010b3b8      0x2e4 d:/programmi/devkitpro/devkitarm/bin/../lib/gcc/arm-none-eabi/10.2.0/../../../../arm-none-eabi/lib/armv6k/fpu\libg.a(lib_a-freer.o)
                0x000000000010b3b8                _free_r
 .text._fseek_r
                0x000000000010b69c       0x1c d:/programmi/devkitpro/devkitarm/bin/../lib/gcc/arm-none-eabi/10.2.0/../../../../arm-none-eabi/lib/armv6k/fpu\libg.a(lib_a-fseek.o)
                0x000000000010b69c                _fseek_r
 .text._fseeko_r
                0x000000000010b6b8      0x4f8 d:/programmi/devkitpro/devkitarm/bin/../lib/gcc/arm-none-eabi/10.2.0/../../../../arm-none-eabi/lib/armv6k/fpu\libg.a(lib_a-fseeko.o)
                0x000000000010b6b8                _fseeko_r
 .text._ftello_r
                0x000000000010bbb0      0x1bc d:/programmi/devkitpro/devkitarm/bin/../lib/gcc/arm-none-eabi/10.2.0/../../../../arm-none-eabi/lib/armv6k/fpu\libg.a(lib_a-ftello.o)
                0x000000000010bbb0                _ftello_r
 .text._fwalk   0x000000000010bd6c       0x68 d:/programmi/devkitpro/devkitarm/bin/../lib/gcc/arm-none-eabi/10.2.0/../../../../arm-none-eabi/lib/armv6k/fpu\libg.a(lib_a-fwalk.o)
                0x000000000010bd6c                _fwalk
 .text._fwalk_reent
                0x000000000010bdd4       0x70 d:/programmi/devkitpro/devkitarm/bin/../lib/gcc/arm-none-eabi/10.2.0/../../../../arm-none-eabi/lib/armv6k/fpu\libg.a(lib_a-fwalk.o)
                0x000000000010bdd4                _fwalk_reent
 .text.__libc_init_array
                0x000000000010be44       0x7c d:/programmi/devkitpro/devkitarm/bin/../lib/gcc/arm-none-eabi/10.2.0/../../../../arm-none-eabi/lib/armv6k/fpu\libg.a(lib_a-init.o)
                0x000000000010be44                __libc_init_array
 .text.__smakebuf_r
                0x000000000010bec0      0x138 d:/programmi/devkitpro/devkitarm/bin/../lib/gcc/arm-none-eabi/10.2.0/../../../../arm-none-eabi/lib/armv6k/fpu\libg.a(lib_a-makebuf.o)
                0x000000000010bec0                __smakebuf_r
 .text.__swhatbuf_r
                0x000000000010bff8       0x94 d:/programmi/devkitpro/devkitarm/bin/../lib/gcc/arm-none-eabi/10.2.0/../../../../arm-none-eabi/lib/armv6k/fpu\libg.a(lib_a-makebuf.o)
                0x000000000010bff8                __swhatbuf_r
 .text.memalign
                0x000000000010c08c       0x28 d:/programmi/devkitpro/devkitarm/bin/../lib/gcc/arm-none-eabi/10.2.0/../../../../arm-none-eabi/lib/armv6k/fpu\libg.a(lib_a-malign.o)
                0x000000000010c08c                memalign
 .text._memalign_r
                0x000000000010c0b4      0x148 d:/programmi/devkitpro/devkitarm/bin/../lib/gcc/arm-none-eabi/10.2.0/../../../../arm-none-eabi/lib/armv6k/fpu\libg.a(lib_a-malignr.o)
                0x000000000010c0b4                _memalign_r
 .text.malloc   0x000000000010c1fc       0x20 d:/programmi/devkitpro/devkitarm/bin/../lib/gcc/arm-none-eabi/10.2.0/../../../../arm-none-eabi/lib/armv6k/fpu\libg.a(lib_a-malloc.o)
                0x000000000010c1fc                malloc
 .text.free     0x000000000010c21c       0x20 d:/programmi/devkitpro/devkitarm/bin/../lib/gcc/arm-none-eabi/10.2.0/../../../../arm-none-eabi/lib/armv6k/fpu\libg.a(lib_a-malloc.o)
                0x000000000010c21c                free
 .text._malloc_r
                0x000000000010c23c      0x7f0 d:/programmi/devkitpro/devkitarm/bin/../lib/gcc/arm-none-eabi/10.2.0/../../../../arm-none-eabi/lib/armv6k/fpu\libg.a(lib_a-mallocr.o)
                0x000000000010c23c                _malloc_r
 .text.memchr   0x000000000010ca2c       0xe0 d:/programmi/devkitpro/devkitarm/bin/../lib/gcc/arm-none-eabi/10.2.0/../../../../arm-none-eabi/lib/armv6k/fpu\libg.a(lib_a-memchr-stub.o)
                0x000000000010ca2c                memchr
 .text.memcpy   0x000000000010cb0c      0x11c d:/programmi/devkitpro/devkitarm/bin/../lib/gcc/arm-none-eabi/10.2.0/../../../../arm-none-eabi/lib/armv6k/fpu\libg.a(lib_a-memcpy-stub.o)
                0x000000000010cb0c                memcpy
 .text.memset   0x000000000010cc28      0x118 d:/programmi/devkitpro/devkitarm/bin/../lib/gcc/arm-none-eabi/10.2.0/../../../../arm-none-eabi/lib/armv6k/fpu\libg.a(lib_a-memset.o)
                0x000000000010cc28                memset
 .text.__malloc_lock
                0x000000000010cd40        0xc d:/programmi/devkitpro/devkitarm/bin/../lib/gcc/arm-none-eabi/10.2.0/../../../../arm-none-eabi/lib/armv6k/fpu\libg.a(lib_a-mlock.o)
                0x000000000010cd40                __malloc_lock
 .text.__malloc_unlock
                0x000000000010cd4c        0xc d:/programmi/devkitpro/devkitarm/bin/../lib/gcc/arm-none-eabi/10.2.0/../../../../arm-none-eabi/lib/armv6k/fpu\libg.a(lib_a-mlock.o)
                0x000000000010cd4c                __malloc_unlock
 .text.printf   0x000000000010cd58       0x34 d:/programmi/devkitpro/devkitarm/bin/../lib/gcc/arm-none-eabi/10.2.0/../../../../arm-none-eabi/lib/armv6k/fpu\libg.a(lib_a-printf.o)
                0x000000000010cd58                printf
 .text._puts_r  0x000000000010cd8c       0xe0 d:/programmi/devkitpro/devkitarm/bin/../lib/gcc/arm-none-eabi/10.2.0/../../../../arm-none-eabi/lib/armv6k/fpu\libg.a(lib_a-puts.o)
                0x000000000010cd8c                _puts_r
 .text.puts     0x000000000010ce6c       0x20 d:/programmi/devkitpro/devkitarm/bin/../lib/gcc/arm-none-eabi/10.2.0/../../../../arm-none-eabi/lib/armv6k/fpu\libg.a(lib_a-puts.o)
                0x000000000010ce6c                puts
 .text.lflush   0x000000000010ce8c       0x1c d:/programmi/devkitpro/devkitarm/bin/../lib/gcc/arm-none-eabi/10.2.0/../../../../arm-none-eabi/lib/armv6k/fpu\libg.a(lib_a-refill.o)
 .text.__srefill_r
                0x000000000010cea8      0x1ac d:/programmi/devkitpro/devkitarm/bin/../lib/gcc/arm-none-eabi/10.2.0/../../../../arm-none-eabi/lib/armv6k/fpu\libg.a(lib_a-refill.o)
                0x000000000010cea8                __srefill_r
 .text.rewind   0x000000000010d054       0x2c d:/programmi/devkitpro/devkitarm/bin/../lib/gcc/arm-none-eabi/10.2.0/../../../../arm-none-eabi/lib/armv6k/fpu\libg.a(lib_a-rewind.o)
                0x000000000010d054                rewind
 .text.setvbuf  0x000000000010d080      0x260 d:/programmi/devkitpro/devkitarm/bin/../lib/gcc/arm-none-eabi/10.2.0/../../../../arm-none-eabi/lib/armv6k/fpu\libg.a(lib_a-setvbuf.o)
                0x000000000010d080                setvbuf
 .text.sscanf   0x000000000010d2e0       0x74 d:/programmi/devkitpro/devkitarm/bin/../lib/gcc/arm-none-eabi/10.2.0/../../../../arm-none-eabi/lib/armv6k/fpu\libg.a(lib_a-sscanf.o)
                0x000000000010d2e0                sscanf
 .text.__sread  0x000000000010d354       0x44 d:/programmi/devkitpro/devkitarm/bin/../lib/gcc/arm-none-eabi/10.2.0/../../../../arm-none-eabi/lib/armv6k/fpu\libg.a(lib_a-stdio.o)
                0x000000000010d354                __sread
 .text.__seofread
                0x000000000010d398        0x8 d:/programmi/devkitpro/devkitarm/bin/../lib/gcc/arm-none-eabi/10.2.0/../../../../arm-none-eabi/lib/armv6k/fpu\libg.a(lib_a-stdio.o)
                0x000000000010d398                __seofread
 .text.__swrite
                0x000000000010d3a0       0x68 d:/programmi/devkitpro/devkitarm/bin/../lib/gcc/arm-none-eabi/10.2.0/../../../../arm-none-eabi/lib/armv6k/fpu\libg.a(lib_a-stdio.o)
                0x000000000010d3a0                __swrite
 .text.__sseek  0x000000000010d408       0x48 d:/programmi/devkitpro/devkitarm/bin/../lib/gcc/arm-none-eabi/10.2.0/../../../../arm-none-eabi/lib/armv6k/fpu\libg.a(lib_a-stdio.o)
                0x000000000010d408                __sseek
 .text.__sclose
                0x000000000010d450        0x8 d:/programmi/devkitpro/devkitarm/bin/../lib/gcc/arm-none-eabi/10.2.0/../../../../arm-none-eabi/lib/armv6k/fpu\libg.a(lib_a-stdio.o)
                0x000000000010d450                __sclose
 .text.strlen   0x000000000010d458       0x5c d:/programmi/devkitpro/devkitarm/bin/../lib/gcc/arm-none-eabi/10.2.0/../../../../arm-none-eabi/lib/armv6k/fpu\libg.a(lib_a-strlen-stub.o)
                0x000000000010d458                strlen
 .text.strncat  0x000000000010d4b4       0xec d:/programmi/devkitpro/devkitarm/bin/../lib/gcc/arm-none-eabi/10.2.0/../../../../arm-none-eabi/lib/armv6k/fpu\libg.a(lib_a-strncat.o)
                0x000000000010d4b4                strncat
 .text.strncmp  0x000000000010d5a0       0xdc d:/programmi/devkitpro/devkitarm/bin/../lib/gcc/arm-none-eabi/10.2.0/../../../../arm-none-eabi/lib/armv6k/fpu\libg.a(lib_a-strncmp.o)
                0x000000000010d5a0                strncmp
 .text.strncpy  0x000000000010d67c       0xc0 d:/programmi/devkitpro/devkitarm/bin/../lib/gcc/arm-none-eabi/10.2.0/../../../../arm-none-eabi/lib/armv6k/fpu\libg.a(lib_a-strncpy.o)
                0x000000000010d67c                strncpy
 .text.strnlen  0x000000000010d73c       0x48 d:/programmi/devkitpro/devkitarm/bin/../lib/gcc/arm-none-eabi/10.2.0/../../../../arm-none-eabi/lib/armv6k/fpu\libg.a(lib_a-strnlen.o)
                0x000000000010d73c                strnlen
 .text.get_arg  0x000000000010d784       0x50 d:/programmi/devkitpro/devkitarm/bin/../lib/gcc/arm-none-eabi/10.2.0/../../../../arm-none-eabi/lib/armv6k/fpu\libg.a(lib_a-svfscanf.o)
 .text.__ssvfscanf_r
                0x000000000010d7d4     0x2b68 d:/programmi/devkitpro/devkitarm/bin/../lib/gcc/arm-none-eabi/10.2.0/../../../../arm-none-eabi/lib/armv6k/fpu\libg.a(lib_a-svfscanf.o)
                0x000000000010d7d4                __ssvfscanf_r
 .text.get_arg  0x000000000011033c      0x64c d:/programmi/devkitpro/devkitarm/bin/../lib/gcc/arm-none-eabi/10.2.0/../../../../arm-none-eabi/lib/armv6k/fpu\libg.a(lib_a-vfiprintf.o)
 .text.__sprint_r
                0x0000000000110988       0x34 d:/programmi/devkitpro/devkitarm/bin/../lib/gcc/arm-none-eabi/10.2.0/../../../../arm-none-eabi/lib/armv6k/fpu\libg.a(lib_a-vfiprintf.o)
                0x0000000000110988                __sprint_r
 .text._vfiprintf_r
                0x00000000001109bc     0x2584 d:/programmi/devkitpro/devkitarm/bin/../lib/gcc/arm-none-eabi/10.2.0/../../../../arm-none-eabi/lib/armv6k/fpu\libg.a(lib_a-vfiprintf.o)
                0x00000000001109bc                _vfiprintf_r
 .text.__sbprintf
                0x0000000000112f40       0xd4 d:/programmi/devkitpro/devkitarm/bin/../lib/gcc/arm-none-eabi/10.2.0/../../../../arm-none-eabi/lib/armv6k/fpu\libg.a(lib_a-vfiprintf.o)
 .text.get_arg  0x0000000000113014      0x64c d:/programmi/devkitpro/devkitarm/bin/../lib/gcc/arm-none-eabi/10.2.0/../../../../arm-none-eabi/lib/armv6k/fpu\libg.a(lib_a-vfprintf.o)
 .text._vfprintf_r
                0x0000000000113660     0x38d4 d:/programmi/devkitpro/devkitarm/bin/../lib/gcc/arm-none-eabi/10.2.0/../../../../arm-none-eabi/lib/armv6k/fpu\libg.a(lib_a-vfprintf.o)
                0x0000000000113660                _vfprintf_r
 .text.__sbprintf
                0x0000000000116f34       0xd4 d:/programmi/devkitpro/devkitarm/bin/../lib/gcc/arm-none-eabi/10.2.0/../../../../arm-none-eabi/lib/armv6k/fpu\libg.a(lib_a-vfprintf.o)
 .text._wcrtomb_r
                0x0000000000117008       0x54 d:/programmi/devkitpro/devkitarm/bin/../lib/gcc/arm-none-eabi/10.2.0/../../../../arm-none-eabi/lib/armv6k/fpu\libg.a(lib_a-wcrtomb.o)
                0x0000000000117008                _wcrtomb_r
 .text._wcsrtombs_r
                0x000000000011705c       0x28 d:/programmi/devkitpro/devkitarm/bin/../lib/gcc/arm-none-eabi/10.2.0/../../../../arm-none-eabi/lib/armv6k/fpu\libg.a(lib_a-wcsrtombs.o)
                0x000000000011705c                _wcsrtombs_r
 .text.__swsetup_r
                0x0000000000117084      0x154 d:/programmi/devkitpro/devkitarm/bin/../lib/gcc/arm-none-eabi/10.2.0/../../../../arm-none-eabi/lib/armv6k/fpu\libg.a(lib_a-wsetup.o)
                0x0000000000117084                __swsetup_r
 .text.__call_exitprocs
                0x00000000001171d8      0x114 d:/programmi/devkitpro/devkitarm/bin/../lib/gcc/arm-none-eabi/10.2.0/../../../../arm-none-eabi/lib/armv6k/fpu\libg.a(lib_a-__call_atexit.o)
                0x00000000001171d8                __call_exitprocs
 .text.quorem   0x00000000001172ec      0x1a8 d:/programmi/devkitpro/devkitarm/bin/../lib/gcc/arm-none-eabi/10.2.0/../../../../arm-none-eabi/lib/armv6k/fpu\libg.a(lib_a-dtoa.o)
 *fill*         0x0000000000117494        0x4 
 .text._dtoa_r  0x0000000000117498     0x12ec d:/programmi/devkitpro/devkitarm/bin/../lib/gcc/arm-none-eabi/10.2.0/../../../../arm-none-eabi/lib/armv6k/fpu\libg.a(lib_a-dtoa.o)
                0x0000000000117498                _dtoa_r
 .text.__sflags
                0x0000000000118784       0xc8 d:/programmi/devkitpro/devkitarm/bin/../lib/gcc/arm-none-eabi/10.2.0/../../../../arm-none-eabi/lib/armv6k/fpu\libg.a(lib_a-flags.o)
                0x0000000000118784                __sflags
 .text.__sfvwrite_r
                0x000000000011884c      0x4a4 d:/programmi/devkitpro/devkitarm/bin/../lib/gcc/arm-none-eabi/10.2.0/../../../../arm-none-eabi/lib/armv6k/fpu\libg.a(lib_a-fvwrite.o)
                0x000000000011884c                __sfvwrite_r
 .text.iswspace
                0x0000000000118cf0        0x8 d:/programmi/devkitpro/devkitarm/bin/../lib/gcc/arm-none-eabi/10.2.0/../../../../arm-none-eabi/lib/armv6k/fpu\libg.a(lib_a-iswspace.o)
                0x0000000000118cf0                iswspace
 .text._localeconv_r
                0x0000000000118cf8        0xc d:/programmi/devkitpro/devkitarm/bin/../lib/gcc/arm-none-eabi/10.2.0/../../../../arm-none-eabi/lib/armv6k/fpu\libg.a(lib_a-localeconv.o)
                0x0000000000118cf8                _localeconv_r
 .text.__locale_mb_cur_max
                0x0000000000118d04       0x10 d:/programmi/devkitpro/devkitarm/bin/../lib/gcc/arm-none-eabi/10.2.0/../../../../arm-none-eabi/lib/armv6k/fpu\libg.a(lib_a-locale.o)
                0x0000000000118d04                __locale_mb_cur_max
 .text._mbrtowc_r
                0x0000000000118d14       0x68 d:/programmi/devkitpro/devkitarm/bin/../lib/gcc/arm-none-eabi/10.2.0/../../../../arm-none-eabi/lib/armv6k/fpu\libg.a(lib_a-mbrtowc.o)
                0x0000000000118d14                _mbrtowc_r
 .text.__utf8_mbtowc
                0x0000000000118d7c      0x2fc d:/programmi/devkitpro/devkitarm/bin/../lib/gcc/arm-none-eabi/10.2.0/../../../../arm-none-eabi/lib/armv6k/fpu\libg.a(lib_a-mbtowc_r.o)
                0x0000000000118d7c                __utf8_mbtowc
 .text.memmove  0x0000000000119078      0x154 d:/programmi/devkitpro/devkitarm/bin/../lib/gcc/arm-none-eabi/10.2.0/../../../../arm-none-eabi/lib/armv6k/fpu\libg.a(lib_a-memmove.o)
                0x0000000000119078                memmove
 .text._Balloc  0x00000000001191cc       0x88 d:/programmi/devkitpro/devkitarm/bin/../lib/gcc/arm-none-eabi/10.2.0/../../../../arm-none-eabi/lib/armv6k/fpu\libg.a(lib_a-mprec.o)
                0x00000000001191cc                _Balloc
 .text._Bfree   0x0000000000119254       0x1c d:/programmi/devkitpro/devkitarm/bin/../lib/gcc/arm-none-eabi/10.2.0/../../../../arm-none-eabi/lib/armv6k/fpu\libg.a(lib_a-mprec.o)
                0x0000000000119254                _Bfree
 .text.__multadd
                0x0000000000119270       0xf4 d:/programmi/devkitpro/devkitarm/bin/../lib/gcc/arm-none-eabi/10.2.0/../../../../arm-none-eabi/lib/armv6k/fpu\libg.a(lib_a-mprec.o)
                0x0000000000119270                __multadd
 .text.__s2b    0x0000000000119364      0x110 d:/programmi/devkitpro/devkitarm/bin/../lib/gcc/arm-none-eabi/10.2.0/../../../../arm-none-eabi/lib/armv6k/fpu\libg.a(lib_a-mprec.o)
                0x0000000000119364                __s2b
 .text.__hi0bits
                0x0000000000119474       0x58 d:/programmi/devkitpro/devkitarm/bin/../lib/gcc/arm-none-eabi/10.2.0/../../../../arm-none-eabi/lib/armv6k/fpu\libg.a(lib_a-mprec.o)
                0x0000000000119474                __hi0bits
 .text.__lo0bits
                0x00000000001194cc       0x9c d:/programmi/devkitpro/devkitarm/bin/../lib/gcc/arm-none-eabi/10.2.0/../../../../arm-none-eabi/lib/armv6k/fpu\libg.a(lib_a-mprec.o)
                0x00000000001194cc                __lo0bits
 .text.__i2b    0x0000000000119568       0xa4 d:/programmi/devkitpro/devkitarm/bin/../lib/gcc/arm-none-eabi/10.2.0/../../../../arm-none-eabi/lib/armv6k/fpu\libg.a(lib_a-mprec.o)
                0x0000000000119568                __i2b
 .text.__multiply
                0x000000000011960c      0x204 d:/programmi/devkitpro/devkitarm/bin/../lib/gcc/arm-none-eabi/10.2.0/../../../../arm-none-eabi/lib/armv6k/fpu\libg.a(lib_a-mprec.o)
                0x000000000011960c                __multiply
 .text.__pow5mult
                0x0000000000119810      0x120 d:/programmi/devkitpro/devkitarm/bin/../lib/gcc/arm-none-eabi/10.2.0/../../../../arm-none-eabi/lib/armv6k/fpu\libg.a(lib_a-mprec.o)
                0x0000000000119810                __pow5mult
 .text.__lshift
                0x0000000000119930      0x13c d:/programmi/devkitpro/devkitarm/bin/../lib/gcc/arm-none-eabi/10.2.0/../../../../arm-none-eabi/lib/armv6k/fpu\libg.a(lib_a-mprec.o)
                0x0000000000119930                __lshift
 .text.__mcmp   0x0000000000119a6c       0x58 d:/programmi/devkitpro/devkitarm/bin/../lib/gcc/arm-none-eabi/10.2.0/../../../../arm-none-eabi/lib/armv6k/fpu\libg.a(lib_a-mprec.o)
                0x0000000000119a6c                __mcmp
 .text.__mdiff  0x0000000000119ac4      0x1cc d:/programmi/devkitpro/devkitarm/bin/../lib/gcc/arm-none-eabi/10.2.0/../../../../arm-none-eabi/lib/armv6k/fpu\libg.a(lib_a-mprec.o)
                0x0000000000119ac4                __mdiff
 .text.__ulp    0x0000000000119c90       0x88 d:/programmi/devkitpro/devkitarm/bin/../lib/gcc/arm-none-eabi/10.2.0/../../../../arm-none-eabi/lib/armv6k/fpu\libg.a(lib_a-mprec.o)
                0x0000000000119c90                __ulp
 .text.__b2d    0x0000000000119d18       0xd4 d:/programmi/devkitpro/devkitarm/bin/../lib/gcc/arm-none-eabi/10.2.0/../../../../arm-none-eabi/lib/armv6k/fpu\libg.a(lib_a-mprec.o)
                0x0000000000119d18                __b2d
 .text.__d2b    0x0000000000119dec      0x12c d:/programmi/devkitpro/devkitarm/bin/../lib/gcc/arm-none-eabi/10.2.0/../../../../arm-none-eabi/lib/armv6k/fpu\libg.a(lib_a-mprec.o)
                0x0000000000119dec                __d2b
 .text.__ratio  0x0000000000119f18       0x78 d:/programmi/devkitpro/devkitarm/bin/../lib/gcc/arm-none-eabi/10.2.0/../../../../arm-none-eabi/lib/armv6k/fpu\libg.a(lib_a-mprec.o)
                0x0000000000119f18                __ratio
 .text.__copybits
                0x0000000000119f90       0x88 d:/programmi/devkitpro/devkitarm/bin/../lib/gcc/arm-none-eabi/10.2.0/../../../../arm-none-eabi/lib/armv6k/fpu\libg.a(lib_a-mprec.o)
                0x0000000000119f90                __copybits
 .text.__any_on
                0x000000000011a018       0x5c d:/programmi/devkitpro/devkitarm/bin/../lib/gcc/arm-none-eabi/10.2.0/../../../../arm-none-eabi/lib/armv6k/fpu\libg.a(lib_a-mprec.o)
                0x000000000011a018                __any_on
 .text.realloc  0x000000000011a074       0x28 d:/programmi/devkitpro/devkitarm/bin/../lib/gcc/arm-none-eabi/10.2.0/../../../../arm-none-eabi/lib/armv6k/fpu\libg.a(lib_a-realloc.o)
                0x000000000011a074                realloc
 .text._realloc_r
                0x000000000011a09c      0x598 d:/programmi/devkitpro/devkitarm/bin/../lib/gcc/arm-none-eabi/10.2.0/../../../../arm-none-eabi/lib/armv6k/fpu\libg.a(lib_a-reallocr.o)
                0x000000000011a09c                _realloc_r
 .text.__sccl   0x000000000011a634       0xe4 d:/programmi/devkitpro/devkitarm/bin/../lib/gcc/arm-none-eabi/10.2.0/../../../../arm-none-eabi/lib/armv6k/fpu\libg.a(lib_a-sccl.o)
                0x000000000011a634                __sccl
 .text.nanf     0x000000000011a718        0xc d:/programmi/devkitpro/devkitarm/bin/../lib/gcc/arm-none-eabi/10.2.0/../../../../arm-none-eabi/lib/armv6k/fpu\libg.a(lib_a-sf_nan.o)
                0x000000000011a718                nanf
 *fill*         0x000000000011a724        0x4 
 .text.frexp    0x000000000011a728       0xa8 d:/programmi/devkitpro/devkitarm/bin/../lib/gcc/arm-none-eabi/10.2.0/../../../../arm-none-eabi/lib/armv6k/fpu\libg.a(lib_a-s_frexp.o)
                0x000000000011a728                frexp
 .text.sprintf  0x000000000011a7d0       0x64 d:/programmi/devkitpro/devkitarm/bin/../lib/gcc/arm-none-eabi/10.2.0/../../../../arm-none-eabi/lib/armv6k/fpu\libg.a(lib_a-sprintf.o)
                0x000000000011a7d0                sprintf
 .text.stpncpy  0x000000000011a834       0xb8 d:/programmi/devkitpro/devkitarm/bin/../lib/gcc/arm-none-eabi/10.2.0/../../../../arm-none-eabi/lib/armv6k/fpu\libg.a(lib_a-stpncpy.o)
                0x000000000011a834                stpncpy
 .text.strchr   0x000000000011a8ec      0x144 d:/programmi/devkitpro/devkitarm/bin/../lib/gcc/arm-none-eabi/10.2.0/../../../../arm-none-eabi/lib/armv6k/fpu\libg.a(lib_a-strchr.o)
                0x000000000011a8ec                strchr
 .text._strtod_l
                0x000000000011aa30     0x130c d:/programmi/devkitpro/devkitarm/bin/../lib/gcc/arm-none-eabi/10.2.0/../../../../arm-none-eabi/lib/armv6k/fpu\libg.a(lib_a-strtod.o)
                0x000000000011aa30                _strtod_l
 .text._strtod_r
                0x000000000011bd3c        0xc d:/programmi/devkitpro/devkitarm/bin/../lib/gcc/arm-none-eabi/10.2.0/../../../../arm-none-eabi/lib/armv6k/fpu\libg.a(lib_a-strtod.o)
                0x000000000011bd3c                _strtod_r
 .text._strtoll_l.constprop.0
                0x000000000011bd48      0x22c d:/programmi/devkitpro/devkitarm/bin/../lib/gcc/arm-none-eabi/10.2.0/../../../../arm-none-eabi/lib/armv6k/fpu\libg.a(lib_a-strtoll.o)
 .text._strtoll_r
                0x000000000011bf74        0x4 d:/programmi/devkitpro/devkitarm/bin/../lib/gcc/arm-none-eabi/10.2.0/../../../../arm-none-eabi/lib/armv6k/fpu\libg.a(lib_a-strtoll.o)
                0x000000000011bf74                _strtoll_r
 .text._strtol_l.part.0
                0x000000000011bf78      0x1b0 d:/programmi/devkitpro/devkitarm/bin/../lib/gcc/arm-none-eabi/10.2.0/../../../../arm-none-eabi/lib/armv6k/fpu\libg.a(lib_a-strtol.o)
 .text._strtol_r
                0x000000000011c128       0x3c d:/programmi/devkitpro/devkitarm/bin/../lib/gcc/arm-none-eabi/10.2.0/../../../../arm-none-eabi/lib/armv6k/fpu\libg.a(lib_a-strtol.o)
                0x000000000011c128                _strtol_r
 .text._strtoull_l.constprop.0
                0x000000000011c164      0x244 d:/programmi/devkitpro/devkitarm/bin/../lib/gcc/arm-none-eabi/10.2.0/../../../../arm-none-eabi/lib/armv6k/fpu\libg.a(lib_a-strtoull.o)
 .text._strtoull_r
                0x000000000011c3a8        0x4 d:/programmi/devkitpro/devkitarm/bin/../lib/gcc/arm-none-eabi/10.2.0/../../../../arm-none-eabi/lib/armv6k/fpu\libg.a(lib_a-strtoull.o)
                0x000000000011c3a8                _strtoull_r
 .text._strtoul_l.constprop.0
                0x000000000011c3ac      0x1c8 d:/programmi/devkitpro/devkitarm/bin/../lib/gcc/arm-none-eabi/10.2.0/../../../../arm-none-eabi/lib/armv6k/fpu\libg.a(lib_a-strtoul.o)
 .text._strtoul_r
                0x000000000011c574        0x4 d:/programmi/devkitpro/devkitarm/bin/../lib/gcc/arm-none-eabi/10.2.0/../../../../arm-none-eabi/lib/armv6k/fpu\libg.a(lib_a-strtoul.o)
                0x000000000011c574                _strtoul_r
 .text.__ssprint_r
                0x000000000011c578      0x188 d:/programmi/devkitpro/devkitarm/bin/../lib/gcc/arm-none-eabi/10.2.0/../../../../arm-none-eabi/lib/armv6k/fpu\libg.a(lib_a-svfiprintf.o)
                0x000000000011c578                __ssprint_r
 .text._sungetc_r
                0x000000000011c700       0xe0 d:/programmi/devkitpro/devkitarm/bin/../lib/gcc/arm-none-eabi/10.2.0/../../../../arm-none-eabi/lib/armv6k/fpu\libg.a(lib_a-svfiscanf.o)
                0x000000000011c700                _sungetc_r
 .text.__ssrefill_r
                0x000000000011c7e0       0x6c d:/programmi/devkitpro/devkitarm/bin/../lib/gcc/arm-none-eabi/10.2.0/../../../../arm-none-eabi/lib/armv6k/fpu\libg.a(lib_a-svfiscanf.o)
                0x000000000011c7e0                __ssrefill_r
 .text._sfread_r
                0x000000000011c84c       0xc8 d:/programmi/devkitpro/devkitarm/bin/../lib/gcc/arm-none-eabi/10.2.0/../../../../arm-none-eabi/lib/armv6k/fpu\libg.a(lib_a-svfiscanf.o)
                0x000000000011c84c                _sfread_r
 .text.get_arg  0x000000000011c914      0x64c d:/programmi/devkitpro/devkitarm/bin/../lib/gcc/arm-none-eabi/10.2.0/../../../../arm-none-eabi/lib/armv6k/fpu\libg.a(lib_a-svfprintf.o)
 .text._svfprintf_r
                0x000000000011cf60     0x3808 d:/programmi/devkitpro/devkitarm/bin/../lib/gcc/arm-none-eabi/10.2.0/../../../../arm-none-eabi/lib/armv6k/fpu\libg.a(lib_a-svfprintf.o)
                0x000000000011cf60                _svfprintf_r
 .text.__submore
                0x0000000000120768       0xa8 d:/programmi/devkitpro/devkitarm/bin/../lib/gcc/arm-none-eabi/10.2.0/../../../../arm-none-eabi/lib/armv6k/fpu\libg.a(lib_a-ungetc.o)
                0x0000000000120768                __submore
 .text._wcsnrtombs_l
                0x0000000000120810      0x190 d:/programmi/devkitpro/devkitarm/bin/../lib/gcc/arm-none-eabi/10.2.0/../../../../arm-none-eabi/lib/armv6k/fpu\libg.a(lib_a-wcsnrtombs.o)
                0x0000000000120810                _wcsnrtombs_l
 .text._wcsnrtombs_r
                0x00000000001209a0       0x4c d:/programmi/devkitpro/devkitarm/bin/../lib/gcc/arm-none-eabi/10.2.0/../../../../arm-none-eabi/lib/armv6k/fpu\libg.a(lib_a-wcsnrtombs.o)
                0x00000000001209a0                _wcsnrtombs_r
 .text.__utf8_wctomb
                0x00000000001209ec       0xf0 d:/programmi/devkitpro/devkitarm/bin/../lib/gcc/arm-none-eabi/10.2.0/../../../../arm-none-eabi/lib/armv6k/fpu\libg.a(lib_a-wctomb_r.o)
                0x00000000001209ec                __utf8_wctomb
 .text.__assert_func
                0x0000000000120adc       0x5c d:/programmi/devkitpro/devkitarm/bin/../lib/gcc/arm-none-eabi/10.2.0/../../../../arm-none-eabi/lib/armv6k/fpu\libg.a(lib_a-assert.o)
                0x0000000000120adc                __assert_func
 .text._calloc_r
                0x0000000000120b38       0x94 d:/programmi/devkitpro/devkitarm/bin/../lib/gcc/arm-none-eabi/10.2.0/../../../../arm-none-eabi/lib/armv6k/fpu\libg.a(lib_a-callocr.o)
                0x0000000000120b38                _calloc_r
 .text.fiprintf
                0x0000000000120bcc       0x3c d:/programmi/devkitpro/devkitarm/bin/../lib/gcc/arm-none-eabi/10.2.0/../../../../arm-none-eabi/lib/armv6k/fpu\libg.a(lib_a-fiprintf.o)
                0x0000000000120bcc                fiprintf
 .text.rshift   0x0000000000120c08       0xec d:/programmi/devkitpro/devkitarm/bin/../lib/gcc/arm-none-eabi/10.2.0/../../../../arm-none-eabi/lib/armv6k/fpu\libg.a(lib_a-gdtoa-gethex.o)
 .text.__gethex
                0x0000000000120cf4      0x928 d:/programmi/devkitpro/devkitarm/bin/../lib/gcc/arm-none-eabi/10.2.0/../../../../arm-none-eabi/lib/armv6k/fpu\libg.a(lib_a-gdtoa-gethex.o)
                0x0000000000120cf4                __gethex
 .text.__match  0x000000000012161c       0x4c d:/programmi/devkitpro/devkitarm/bin/../lib/gcc/arm-none-eabi/10.2.0/../../../../arm-none-eabi/lib/armv6k/fpu\libg.a(lib_a-gdtoa-hexnan.o)
                0x000000000012161c                __match
 .text.__hexnan
                0x0000000000121668      0x29c d:/programmi/devkitpro/devkitarm/bin/../lib/gcc/arm-none-eabi/10.2.0/../../../../arm-none-eabi/lib/armv6k/fpu\libg.a(lib_a-gdtoa-hexnan.o)
                0x0000000000121668                __hexnan
 .text.iswspace_l
                0x0000000000121904       0x3c d:/programmi/devkitpro/devkitarm/bin/../lib/gcc/arm-none-eabi/10.2.0/../../../../arm-none-eabi/lib/armv6k/fpu\libg.a(lib_a-iswspace_l.o)
                0x0000000000121904                iswspace_l
 .text.__jp2uc  0x0000000000121940      0x1d4 d:/programmi/devkitpro/devkitarm/bin/../lib/gcc/arm-none-eabi/10.2.0/../../../../arm-none-eabi/lib/armv6k/fpu\libg.a(lib_a-jp2uc.o)
 .text._jp2uc_l
                0x0000000000121b14       0x9c d:/programmi/devkitpro/devkitarm/bin/../lib/gcc/arm-none-eabi/10.2.0/../../../../arm-none-eabi/lib/armv6k/fpu\libg.a(lib_a-jp2uc.o)
                0x0000000000121b14                _jp2uc_l
 .text.nan      0x0000000000121bb0       0x10 d:/programmi/devkitpro/devkitarm/bin/../lib/gcc/arm-none-eabi/10.2.0/../../../../arm-none-eabi/lib/armv6k/fpu\libg.a(lib_a-s_nan.o)
                0x0000000000121bb0                nan
 .text.abort    0x0000000000121bc0       0x14 d:/programmi/devkitpro/devkitarm/bin/../lib/gcc/arm-none-eabi/10.2.0/../../../../arm-none-eabi/lib/armv6k/fpu\libg.a(lib_a-abort.o)
                0x0000000000121bc0                abort
 .text.category
                0x0000000000121bd4       0x84 d:/programmi/devkitpro/devkitarm/bin/../lib/gcc/arm-none-eabi/10.2.0/../../../../arm-none-eabi/lib/armv6k/fpu\libg.a(lib_a-categories.o)
                0x0000000000121bd4                category
 .text._raise_r
                0x0000000000121c58       0x98 d:/programmi/devkitpro/devkitarm/bin/../lib/gcc/arm-none-eabi/10.2.0/../../../../arm-none-eabi/lib/armv6k/fpu\libg.a(lib_a-signal.o)
                0x0000000000121c58                _raise_r
 .text.raise    0x0000000000121cf0       0x20 d:/programmi/devkitpro/devkitarm/bin/../lib/gcc/arm-none-eabi/10.2.0/../../../../arm-none-eabi/lib/armv6k/fpu\libg.a(lib_a-signal.o)
                0x0000000000121cf0                raise
 .text.null_write
                0x0000000000121d10        0x8 d:/programmi/devkitpro/devkitarm/bin/../lib/gcc/arm-none-eabi/10.2.0/../../../../arm-none-eabi/lib/armv6k/fpu\libsysbase.a(iosupport.o)
 .text.setDefaultDevice
                0x0000000000121d18       0x18 d:/programmi/devkitpro/devkitarm/bin/../lib/gcc/arm-none-eabi/10.2.0/../../../../arm-none-eabi/lib/armv6k/fpu\libsysbase.a(iosupport.o)
                0x0000000000121d18                setDefaultDevice
 .text.FindDevice
                0x0000000000121d30       0xc8 d:/programmi/devkitpro/devkitarm/bin/../lib/gcc/arm-none-eabi/10.2.0/../../../../arm-none-eabi/lib/armv6k/fpu\libsysbase.a(iosupport.o)
                0x0000000000121d30                FindDevice
 .text.RemoveDevice
                0x0000000000121df8       0x28 d:/programmi/devkitpro/devkitarm/bin/../lib/gcc/arm-none-eabi/10.2.0/../../../../arm-none-eabi/lib/armv6k/fpu\libsysbase.a(iosupport.o)
                0x0000000000121df8                RemoveDevice
 .text.AddDevice
                0x0000000000121e20       0x9c d:/programmi/devkitpro/devkitarm/bin/../lib/gcc/arm-none-eabi/10.2.0/../../../../arm-none-eabi/lib/armv6k/fpu\libsysbase.a(iosupport.o)
                0x0000000000121e20                AddDevice
 .text.GetDeviceOpTab
                0x0000000000121ebc       0x20 d:/programmi/devkitpro/devkitarm/bin/../lib/gcc/arm-none-eabi/10.2.0/../../../../arm-none-eabi/lib/armv6k/fpu\libsysbase.a(iosupport.o)
                0x0000000000121ebc                GetDeviceOpTab
 .text._fstat_r
                0x0000000000121edc       0x78 d:/programmi/devkitpro/devkitarm/bin/../lib/gcc/arm-none-eabi/10.2.0/../../../../arm-none-eabi/lib/armv6k/fpu\libsysbase.a(fstat.o)
                0x0000000000121edc                _fstat_r
 .text._getpid_r
                0x0000000000121f54       0x14 d:/programmi/devkitpro/devkitarm/bin/../lib/gcc/arm-none-eabi/10.2.0/../../../../arm-none-eabi/lib/armv6k/fpu\libsysbase.a(getpid.o)
                0x0000000000121f54                _getpid_r
 .text._isatty_r
                0x0000000000121f68        0x8 d:/programmi/devkitpro/devkitarm/bin/../lib/gcc/arm-none-eabi/10.2.0/../../../../arm-none-eabi/lib/armv6k/fpu\libsysbase.a(isatty.o)
                0x0000000000121f68                _isatty_r
 .text._kill_r  0x0000000000121f70       0x14 d:/programmi/devkitpro/devkitarm/bin/../lib/gcc/arm-none-eabi/10.2.0/../../../../arm-none-eabi/lib/armv6k/fpu\libsysbase.a(kill.o)
                0x0000000000121f70                _kill_r
 .text._lseek_r
                0x0000000000121f84       0x84 d:/programmi/devkitpro/devkitarm/bin/../lib/gcc/arm-none-eabi/10.2.0/../../../../arm-none-eabi/lib/armv6k/fpu\libsysbase.a(lseek.o)
                0x0000000000121f84                _lseek_r
 .text._open_r  0x0000000000122008       0xc8 d:/programmi/devkitpro/devkitarm/bin/../lib/gcc/arm-none-eabi/10.2.0/../../../../arm-none-eabi/lib/armv6k/fpu\libsysbase.a(open.o)
                0x0000000000122008                _open_r
 .text._read_r  0x00000000001220d0       0x80 d:/programmi/devkitpro/devkitarm/bin/../lib/gcc/arm-none-eabi/10.2.0/../../../../arm-none-eabi/lib/armv6k/fpu\libsysbase.a(read.o)
                0x00000000001220d0                _read_r
 .text._sbrk_r  0x0000000000122150       0x78 d:/programmi/devkitpro/devkitarm/bin/../lib/gcc/arm-none-eabi/10.2.0/../../../../arm-none-eabi/lib/armv6k/fpu\libsysbase.a(sbrk.o)
                0x0000000000122150                _sbrk_r
 .text._write_r
                0x00000000001221c8       0x80 d:/programmi/devkitpro/devkitarm/bin/../lib/gcc/arm-none-eabi/10.2.0/../../../../arm-none-eabi/lib/armv6k/fpu\libsysbase.a(write.o)
                0x00000000001221c8                _write_r
 .text._exit    0x0000000000122248       0x24 d:/programmi/devkitpro/devkitarm/bin/../lib/gcc/arm-none-eabi/10.2.0/../../../../arm-none-eabi/lib/armv6k/fpu\libsysbase.a(_exit.o)
                0x0000000000122248                _exit
 .text._concatenate_path
                0x000000000012226c      0x1b8 d:/programmi/devkitpro/devkitarm/bin/../lib/gcc/arm-none-eabi/10.2.0/../../../../arm-none-eabi/lib/armv6k/fpu\libsysbase.a(chdir.o)
                0x000000000012226c                _concatenate_path
 .text.chdir    0x0000000000122424      0x160 d:/programmi/devkitpro/devkitarm/bin/../lib/gcc/arm-none-eabi/10.2.0/../../../../arm-none-eabi/lib/armv6k/fpu\libsysbase.a(chdir.o)
                0x0000000000122424                chdir
 .text.__flockfile
                0x0000000000122584        0x8 d:/programmi/devkitpro/devkitarm/bin/../lib/gcc/arm-none-eabi/10.2.0/../../../../arm-none-eabi/lib/armv6k/fpu\libsysbase.a(flock.o)
                0x0000000000122584                __flockfile
 .text.__funlockfile
                0x000000000012258c        0x8 d:/programmi/devkitpro/devkitarm/bin/../lib/gcc/arm-none-eabi/10.2.0/../../../../arm-none-eabi/lib/armv6k/fpu\libsysbase.a(flock.o)
                0x000000000012258c                __funlockfile
 .text.__libc_lock_acquire
                0x0000000000122594       0x18 d:/programmi/devkitpro/devkitarm/bin/../lib/gcc/arm-none-eabi/10.2.0/../../../../arm-none-eabi/lib/armv6k/fpu\libsysbase.a(syscall_support.o)
                0x0000000000122594                __libc_lock_acquire
 .text.__libc_lock_release
                0x00000000001225ac       0x18 d:/programmi/devkitpro/devkitarm/bin/../lib/gcc/arm-none-eabi/10.2.0/../../../../arm-none-eabi/lib/armv6k/fpu\libsysbase.a(syscall_support.o)
                0x00000000001225ac                __libc_lock_release
 .text.__libc_lock_init_recursive
                0x00000000001225c4       0x18 d:/programmi/devkitpro/devkitarm/bin/../lib/gcc/arm-none-eabi/10.2.0/../../../../arm-none-eabi/lib/armv6k/fpu\libsysbase.a(syscall_support.o)
                0x00000000001225c4                __libc_lock_init_recursive
 .text.__libc_lock_acquire_recursive
                0x00000000001225dc       0x18 d:/programmi/devkitpro/devkitarm/bin/../lib/gcc/arm-none-eabi/10.2.0/../../../../arm-none-eabi/lib/armv6k/fpu\libsysbase.a(syscall_support.o)
                0x00000000001225dc                __libc_lock_acquire_recursive
 .text.__libc_lock_release_recursive
                0x00000000001225f4       0x18 d:/programmi/devkitpro/devkitarm/bin/../lib/gcc/arm-none-eabi/10.2.0/../../../../arm-none-eabi/lib/armv6k/fpu\libsysbase.a(syscall_support.o)
                0x00000000001225f4                __libc_lock_release_recursive
 .text.__libc_lock_close_recursive
                0x000000000012260c       0x18 d:/programmi/devkitpro/devkitarm/bin/../lib/gcc/arm-none-eabi/10.2.0/../../../../arm-none-eabi/lib/armv6k/fpu\libsysbase.a(syscall_support.o)
                0x000000000012260c                __libc_lock_close_recursive
 .text.__release_handle
                0x0000000000122624       0x8c d:/programmi/devkitpro/devkitarm/bin/../lib/gcc/arm-none-eabi/10.2.0/../../../../arm-none-eabi/lib/armv6k/fpu\libsysbase.a(handle_manager.o)
                0x0000000000122624                __release_handle
 .text.__alloc_handle
                0x00000000001226b0       0xb4 d:/programmi/devkitpro/devkitarm/bin/../lib/gcc/arm-none-eabi/10.2.0/../../../../arm-none-eabi/lib/armv6k/fpu\libsysbase.a(handle_manager.o)
                0x00000000001226b0                __alloc_handle
 .text.__get_handle
                0x0000000000122764       0x3c d:/programmi/devkitpro/devkitarm/bin/../lib/gcc/arm-none-eabi/10.2.0/../../../../arm-none-eabi/lib/armv6k/fpu\libsysbase.a(handle_manager.o)
                0x0000000000122764                __get_handle
 .text._close_r
                0x00000000001227a0       0xf4 d:/programmi/devkitpro/devkitarm/bin/../lib/gcc/arm-none-eabi/10.2.0/../../../../arm-none-eabi/lib/armv6k/fpu\libsysbase.a(handle_manager.o)
                0x00000000001227a0                _close_r
 .text.__getreent
                0x0000000000122894       0x28 d:/programmi/devkitpro/devkitarm/bin/../lib/gcc/arm-none-eabi/10.2.0/../../../../arm-none-eabi/lib/armv6k/fpu\libsysbase.a(getreent.o)
                0x0000000000122894                __getreent
 .text.__fixdfdi
                0x00000000001228bc       0x38 d:/programmi/devkitpro/devkitarm/bin/../lib/gcc/arm-none-eabi/10.2.0/armv6k/fpu\libgcc.a(_fixdfdi.o)
                0x00000000001228bc                __fixdfdi
                0x00000000001228bc                __aeabi_d2lz
 *fill*         0x00000000001228f4        0x4 
 .text.__fixunsdfdi
                0x00000000001228f8       0x40 d:/programmi/devkitpro/devkitarm/bin/../lib/gcc/arm-none-eabi/10.2.0/armv6k/fpu\libgcc.a(_fixunsdfdi.o)
                0x00000000001228f8                __fixunsdfdi
                0x00000000001228f8                __aeabi_d2ulz
 .text.strrchr  0x0000000000122938       0x44 d:/programmi/devkitpro/devkitarm/bin/../lib/gcc/arm-none-eabi/10.2.0/../../../../arm-none-eabi/lib/armv6k/fpu\libg.a(lib_a-strrchr.o)
                0x0000000000122938                strrchr
 *(.glue_7)
 .glue_7        0x000000000012297c        0x0 linker stubs
 *(.glue_7t)
 .glue_7t       0x000000000012297c        0x0 linker stubs
 *(.stub)
 *(.gnu.warning)
 *(.gnu.linkonce.t*)
                0x000000000012297c                . = ALIGN (0x4)
 *(.fini)
 .fini          0x000000000012297c        0xc d:/programmi/devkitpro/devkitarm/bin/../lib/gcc/arm-none-eabi/10.2.0/armv6k/fpu/crti.o
                0x000000000012297c                _fini
 .fini          0x0000000000122988        0xc d:/programmi/devkitpro/devkitarm/bin/../lib/gcc/arm-none-eabi/10.2.0/armv6k/fpu/crtn.o
                0x0000000000122994                . = ALIGN (0x4)

.vfp11_veneer   0x0000000000122994        0x0
 .vfp11_veneer  0x0000000000122994        0x0 linker stubs

.v4_bx          0x0000000000122994        0x0
 .v4_bx         0x0000000000122994        0x0 linker stubs

.iplt           0x0000000000122994        0x0
 .iplt          0x0000000000122994        0x0 d:/programmi/devkitpro/devkitarm/bin/../lib/gcc/arm-none-eabi/10.2.0/../../../../arm-none-eabi/lib/armv6k/fpu/3dsx_crt0.o
                0x0000000000123000                . = ALIGN (0x1000)

.rodata         0x0000000000123000     0x7b68
 *(.rodata)
 .rodata        0x0000000000123000        0x3 D:/Programmi/devkitPro/libctru/lib\libctru.a(apt.o)
 *fill*         0x0000000000123003        0x1 
 .rodata        0x0000000000123004        0xc D:/Programmi/devkitPro/libctru/lib\libctru.a(archive_dev.o)
 *(.roda)
 *(.rodata.*)
 .rodata.str1.4
                0x0000000000123010      0x252 main.o
 *fill*         0x0000000000123262        0x2 
 .rodata.con_write.str1.4
                0x0000000000123264       0x52 D:/Programmi/devkitPro/libctru/lib\libctru.a(console.o)
 *fill*         0x00000000001232b6        0x2 
 .rodata.str1.4
                0x00000000001232b8       0x10 D:/Programmi/devkitPro/libctru/lib\libctru.a(console.o)
 .rodata.colorTable
                0x00000000001232c8       0x30 D:/Programmi/devkitPro/libctru/lib\libctru.a(console.o)
 .rodata.dotab_stdout
                0x00000000001232f8       0x70 D:/Programmi/devkitPro/libctru/lib\libctru.a(console.o)
 .rodata.gspInit.str1.4
                0x0000000000123368        0x9 D:/Programmi/devkitPro/libctru/lib\libctru.a(gspgpu.o)
 *fill*         0x0000000000123371        0x3 
 .rodata.aptSendCommand.str1.4
                0x0000000000123374       0x16 D:/Programmi/devkitPro/libctru/lib\libctru.a(apt.o)
 *fill*         0x000000000012338a        0x2 
 .rodata.morton_x.3
                0x000000000012338c        0x8 D:/Programmi/devkitPro/libctru/lib\libctru.a(apt.o)
 .rodata.morton_y.2
                0x0000000000123394        0x8 D:/Programmi/devkitPro/libctru/lib\libctru.a(apt.o)
 .rodata.s_sleepWakeEvents.4
                0x000000000012339c        0x8 D:/Programmi/devkitPro/libctru/lib\libctru.a(apt.o)
 .rodata.hidInit.str1.4
                0x00000000001233a4       0x15 D:/Programmi/devkitPro/libctru/lib\libctru.a(hid.o)
 *fill*         0x00000000001233b9        0x3 
 .rodata.default_font_bin
                0x00000000001233bc      0x800 D:/Programmi/devkitPro/libctru/lib\libctru.a(default_font.bin.o)
                0x00000000001233bc                default_font_bin
                0x0000000000123bbc                default_font_bin_end
 .rodata.srvInit.str1.4
                0x0000000000123bbc        0x5 D:/Programmi/devkitPro/libctru/lib\libctru.a(srv.o)
 *fill*         0x0000000000123bc1        0x3 
 .rodata.irrstInit.str1.4
                0x0000000000123bc4        0x7 D:/Programmi/devkitPro/libctru/lib\libctru.a(irrst.o)
 *fill*         0x0000000000123bcb        0x1 
 .rodata.ptmSysmInit.str1.4
                0x0000000000123bcc        0x9 D:/Programmi/devkitPro/libctru/lib\libctru.a(ptmsysm.o)
 *fill*         0x0000000000123bd5        0x3 
 .rodata.str1.4
                0x0000000000123bd8        0x8 D:/Programmi/devkitPro/libctru/lib\libctru.a(archive_dev.o)
                                          0xc (size before relaxing)
 .rodata._archiveUnmountDeviceStruct.part.0.str1.4
                0x0000000000123be0        0x2 D:/Programmi/devkitPro/libctru/lib\libctru.a(archive_dev.o)
 *fill*         0x0000000000123be2        0x2 
 .rodata._archiveMountDevice.str1.4
                0x0000000000123be4        0x8 D:/Programmi/devkitPro/libctru/lib\libctru.a(archive_dev.o)
 .rodata.archiveMountSdmc.str1.4
                0x0000000000123bec        0x5 D:/Programmi/devkitPro/libctru/lib\libctru.a(archive_dev.o)
 *fill*         0x0000000000123bf1        0x3 
 .rodata.archive_devoptab
                0x0000000000123bf4       0x70 D:/Programmi/devkitPro/libctru/lib\libctru.a(archive_dev.o)
 .rodata.error_table
                0x0000000000123c64       0x30 D:/Programmi/devkitPro/libctru/lib\libctru.a(archive_dev.o)
 .rodata.fsInit.str1.4
                0x0000000000123c94        0x8 D:/Programmi/devkitPro/libctru/lib\libctru.a(fs.o)
 .rodata._global_impure_ptr
                0x0000000000123c9c        0x4 d:/programmi/devkitpro/devkitarm/bin/../lib/gcc/arm-none-eabi/10.2.0/../../../../arm-none-eabi/lib/armv6k/fpu\libg.a(lib_a-impure.o)
                0x0000000000123c9c                _global_impure_ptr
 .rodata._puts_r.str1.4
                0x0000000000123ca0        0x8 d:/programmi/devkitpro/devkitarm/bin/../lib/gcc/arm-none-eabi/10.2.0/../../../../arm-none-eabi/lib/armv6k/fpu\libg.a(lib_a-puts.o)
                                          0x2 (size before relaxing)
 .rodata.__ssvfscanf_r.str1.1
                0x0000000000123ca0        0x5 d:/programmi/devkitpro/devkitarm/bin/../lib/gcc/arm-none-eabi/10.2.0/../../../../arm-none-eabi/lib/armv6k/fpu\libg.a(lib_a-svfscanf.o)
                                          0x6 (size before relaxing)
 *fill*         0x0000000000123ca5        0x3 
 .rodata.basefix.0
                0x0000000000123ca8       0x22 d:/programmi/devkitpro/devkitarm/bin/../lib/gcc/arm-none-eabi/10.2.0/../../../../arm-none-eabi/lib/armv6k/fpu\libg.a(lib_a-svfscanf.o)
 .rodata._vfiprintf_r.str1.1
                0x0000000000123cca       0x29 d:/programmi/devkitpro/devkitarm/bin/../lib/gcc/arm-none-eabi/10.2.0/../../../../arm-none-eabi/lib/armv6k/fpu\libg.a(lib_a-vfiprintf.o)
 *fill*         0x0000000000123cf3        0x1 
 .rodata.blanks.1
                0x0000000000123cf4       0x10 d:/programmi/devkitpro/devkitarm/bin/../lib/gcc/arm-none-eabi/10.2.0/../../../../arm-none-eabi/lib/armv6k/fpu\libg.a(lib_a-vfiprintf.o)
 .rodata.zeroes.0
                0x0000000000123d04       0x10 d:/programmi/devkitpro/devkitarm/bin/../lib/gcc/arm-none-eabi/10.2.0/../../../../arm-none-eabi/lib/armv6k/fpu\libg.a(lib_a-vfiprintf.o)
 .rodata._vfprintf_r.str1.1
                0x0000000000123d14       0x12 d:/programmi/devkitpro/devkitarm/bin/../lib/gcc/arm-none-eabi/10.2.0/../../../../arm-none-eabi/lib/armv6k/fpu\libg.a(lib_a-vfprintf.o)
                                         0x3b (size before relaxing)
 *fill*         0x0000000000123d26        0x2 
 .rodata.blanks.1
                0x0000000000123d28       0x10 d:/programmi/devkitpro/devkitarm/bin/../lib/gcc/arm-none-eabi/10.2.0/../../../../arm-none-eabi/lib/armv6k/fpu\libg.a(lib_a-vfprintf.o)
 .rodata.zeroes.0
                0x0000000000123d38       0x10 d:/programmi/devkitpro/devkitarm/bin/../lib/gcc/arm-none-eabi/10.2.0/../../../../arm-none-eabi/lib/armv6k/fpu\libg.a(lib_a-vfprintf.o)
 .rodata._ctype_
                0x0000000000123d48      0x101 d:/programmi/devkitpro/devkitarm/bin/../lib/gcc/arm-none-eabi/10.2.0/../../../../arm-none-eabi/lib/armv6k/fpu\libg.a(lib_a-ctype_.o)
                0x0000000000123d48                _ctype_
 *fill*         0x0000000000123e49        0x3 
 .rodata._dtoa_r.str1.4