Archive member included to satisfy reference by file (symbol)

D:/Programmi/devkitPro/libctru/lib\libctru.a(console.o)
                              main.o (consoleInit)
D:/Programmi/devkitPro/libctru/lib\libctru.a(gfx.o)
                              D:/Programmi/devkitPro/libctru/lib\libctru.a(console.o) (gfxIsWide)
D:/Programmi/devkitPro/libctru/lib\libctru.a(gspgpu.o)
                              D:/Programmi/devkitPro/libctru/lib\libctru.a(gfx.o) (gspInit)
D:/Programmi/devkitPro/libctru/lib\libctru.a(apt.o)
                              main.o (aptMainLoop)
D:/Programmi/devkitPro/libctru/lib\libctru.a(hid.o)
                              main.o (hidScanInput)
D:/Programmi/devkitPro/libctru/lib\libctru.a(ctru_init.o)
                              D:/Programmi/devkitPro/libctru/lib\libctru.a(apt.o) (__system_retAddr)
D:/Programmi/devkitPro/libctru/lib\libctru.a(initArgv.o)
                              D:/Programmi/devkitPro/libctru/lib\libctru.a(ctru_init.o) (__system_initArgv)
D:/Programmi/devkitPro/libctru/lib\libctru.a(svc.o)
                              D:/Programmi/devkitPro/libctru/lib\libctru.a(apt.o) (svcSleepThread)
D:/Programmi/devkitPro/libctru/lib\libctru.a(stack_adjust.o)
                              d:/programmi/devkitpro/devkitarm/bin/../lib/gcc/arm-none-eabi/10.2.0/../../../../arm-none-eabi/lib/armv6k/fpu/3dsx_crt0.o (initSystem)
D:/Programmi/devkitPro/libctru/lib\libctru.a(default_font.bin.o)
                              D:/Programmi/devkitPro/libctru/lib\libctru.a(console.o) (default_font_bin)
D:/Programmi/devkitPro/libctru/lib\libctru.a(vram.o)
                              D:/Programmi/devkitPro/libctru/lib\libctru.a(gfx.o) (vramAlloc)
D:/Programmi/devkitPro/libctru/lib\libctru.a(linear.o)
                              D:/Programmi/devkitPro/libctru/lib\libctru.a(gfx.o) (linearAlloc)
D:/Programmi/devkitPro/libctru/lib\libctru.a(mem_pool.o)
                              D:/Programmi/devkitPro/libctru/lib\libctru.a(vram.o) (MemPool::Allocate(MemChunk&, unsigned long, int))
D:/Programmi/devkitPro/libctru/lib\libctru.a(synchronization.o)
                              D:/Programmi/devkitPro/libctru/lib\libctru.a(ctru_init.o) (__sync_init)
D:/Programmi/devkitPro/libctru/lib\libctru.a(os.o)
                              D:/Programmi/devkitPro/libctru/lib\libctru.a(apt.o) (__ctru_speedup_config)
D:/Programmi/devkitPro/libctru/lib\libctru.a(srv.o)
                              D:/Programmi/devkitPro/libctru/lib\libctru.a(apt.o) (srvInit)
D:/Programmi/devkitPro/libctru/lib\libctru.a(thread.o)
                              D:/Programmi/devkitPro/libctru/lib\libctru.a(gspgpu.o) (threadCreate)
D:/Programmi/devkitPro/libctru/lib\libctru.a(mappable.o)
                              D:/Programmi/devkitPro/libctru/lib\libctru.a(gspgpu.o) (mappableAlloc)
D:/Programmi/devkitPro/libctru/lib\libctru.a(irrst.o)
                              D:/Programmi/devkitPro/libctru/lib\libctru.a(hid.o) (irrstInit)
D:/Programmi/devkitPro/libctru/lib\libctru.a(srvpm.o)
                              D:/Programmi/devkitPro/libctru/lib\libctru.a(srv.o) (srvPmGetSessionHandle)
D:/Programmi/devkitPro/libctru/lib\libctru.a(ptmsysm.o)
                              D:/Programmi/devkitPro/libctru/lib\libctru.a(os.o) (ptmSysmInit)
D:/Programmi/devkitPro/libctru/lib\libctru.a(rbtree_init.o)
                              D:/Programmi/devkitPro/libctru/lib\libctru.a(vram.o) (rbtree_init)
D:/Programmi/devkitPro/libctru/lib\libctru.a(rbtree_insert.o)
                              D:/Programmi/devkitPro/libctru/lib\libctru.a(vram.o) (rbtree_insert)
D:/Programmi/devkitPro/libctru/lib\libctru.a(rbtree_rotate.o)
                              D:/Programmi/devkitPro/libctru/lib\libctru.a(rbtree_insert.o) (rbtree_rotate)
D:/Programmi/devkitPro/libctru/lib\libctru.a(rbtree_remove.o)
                              D:/Programmi/devkitPro/libctru/lib\libctru.a(vram.o) (rbtree_remove)
D:/Programmi/devkitPro/libctru/lib\libctru.a(rbtree_find.o)
                              D:/Programmi/devkitPro/libctru/lib\libctru.a(vram.o) (rbtree_find)
D:/Programmi/devkitPro/libctru/lib\libctru.a(appInit.o)
                              D:/Programmi/devkitPro/libctru/lib\libctru.a(stack_adjust.o) (__appInit)
D:/Programmi/devkitPro/libctru/lib\libctru.a(syscalls.o)
                              D:/Programmi/devkitPro/libctru/lib\libctru.a(ctru_init.o) (__system_initSyscalls)
D:/Programmi/devkitPro/libctru/lib\libctru.a(allocateHeaps.o)
                              D:/Programmi/devkitPro/libctru/lib\libctru.a(ctru_init.o) (__system_allocateHeaps)
D:/Programmi/devkitPro/libctru/lib\libctru.a(appExit.o)
                              D:/Programmi/devkitPro/libctru/lib\libctru.a(stack_adjust.o) (__appExit)
D:/Programmi/devkitPro/libctru/lib\libctru.a(ctru_exit.o)
                              D:/Programmi/devkitPro/libctru/lib\libctru.a(stack_adjust.o) (__libctru_exit)
D:/Programmi/devkitPro/libctru/lib\libctru.a(env.o)
[...]
Memory Configuration

Name             Origin             Length             Attributes
*default*        0x0000000000000000 0xffffffffffffffff

Linker script and memory map

                0x0000000000100000                PROVIDE (__start__ = 0x100000)
                0x0000000000100000                . = __start__

.text           0x0000000000100000    0x25d74
 *(.crt0)
 .crt0          0x0000000000100000       0x94 d:/programmi/devkitpro/devkitarm/bin/../lib/gcc/arm-none-eabi/10.2.0/../../../../arm-none-eabi/lib/armv6k/fpu/3dsx_crt0.o
                0x0000000000100000                _start
                0x0000000000100008                __service_ptr
                0x000000000010000c                __apt_appid
                0x0000000000100010                __heap_size
                0x0000000000100014                __linear_heap_size
                0x0000000000100018                __system_arglist
                0x000000000010001c                __system_runflags
 *(.init)
 .init          0x0000000000100094        0xc d:/programmi/devkitpro/devkitarm/bin/../lib/gcc/arm-none-eabi/10.2.0/armv6k/fpu/crti.o
                0x0000000000100094                _init
 .init          0x00000000001000a0        0xc d:/programmi/devkitpro/devkitarm/bin/../lib/gcc/arm-none-eabi/10.2.0/armv6k/fpu/crtn.o
                0x00000000001000ac                . = ALIGN (0x4)
 *(.text)
 .text          0x00000000001000ac      0x240 d:/programmi/devkitpro/devkitarm/bin/../lib/gcc/arm-none-eabi/10.2.0/armv6k/fpu\libgcc.a(_divsi3.o)
                0x00000000001000ac                __divsi3
                0x00000000001000ac                __aeabi_idiv
                0x00000000001002cc                __aeabi_idivmod
 .text          0x00000000001002ec        0x4 d:/programmi/devkitpro/devkitarm/bin/../lib/gcc/arm-none-eabi/10.2.0/armv6k/fpu\libgcc.a(_dvmd_tls.o)
                0x00000000001002ec                __aeabi_idiv0
                0x00000000001002ec                __aeabi_ldiv0
 .text          0x00000000001002f0       0xd4 d:/programmi/devkitpro/devkitarm/bin/../lib/gcc/arm-none-eabi/10.2.0/armv6k/fpu\libgcc.a(_aeabi_ldivmod.o)
                0x00000000001002f0                __aeabi_ldivmod
 .text          0x00000000001003c4       0x3c d:/programmi/devkitpro/devkitarm/bin/../lib/gcc/arm-none-eabi/10.2.0/armv6k/fpu\libgcc.a(_aeabi_uldivmod.o)
                0x00000000001003c4                __aeabi_uldivmod
 .text          0x0000000000100400      0x390 d:/programmi/devkitpro/devkitarm/bin/../lib/gcc/arm-none-eabi/10.2.0/../../../../arm-none-eabi/lib/armv6k/fpu\libg.a(lib_a-strcmp.o)
                0x0000000000100408                strcmp
 .text          0x0000000000100790      0x20c d:/programmi/devkitpro/devkitarm/bin/../lib/gcc/arm-none-eabi/10.2.0/armv6k/fpu\libgcc.a(_udivsi3.o)
                0x0000000000100790                __aeabi_uidiv
                0x0000000000100790                __udivsi3
                0x000000000010097c                __aeabi_uidivmod
 .text          0x000000000010099c      0x3c0 d:/programmi/devkitpro/devkitarm/bin/../lib/gcc/arm-none-eabi/10.2.0/armv6k/fpu\libgcc.a(_arm_addsubdf3.o)
                0x000000000010099c                __aeabi_drsub
                0x00000000001009a4                __aeabi_dsub
                0x00000000001009a4                __subdf3
                0x00000000001009a8                __aeabi_dadd
                0x00000000001009a8                __adddf3
                0x0000000000100c54                __floatunsidf
                0x0000000000100c54                __aeabi_ui2d
                0x0000000000100c78                __floatsidf
                0x0000000000100c78                __aeabi_i2d
                0x0000000000100ca0                __aeabi_f2d
                0x0000000000100ca0                __extendsfdf2
                0x0000000000100ce8                __floatundidf
                0x0000000000100ce8                __aeabi_ul2d
                0x0000000000100cfc                __floatdidf
                0x0000000000100cfc                __aeabi_l2d
 *(.text.*)
 .text.__do_global_dtors_aux
                0x0000000000100d5c       0x40 d:/programmi/devkitpro/devkitarm/bin/../lib/gcc/arm-none-eabi/10.2.0/armv6k/fpu/crtbegin.o
 .text.frame_dummy
                0x0000000000100d9c       0x2c d:/programmi/devkitpro/devkitarm/bin/../lib/gcc/arm-none-eabi/10.2.0/armv6k/fpu/crtbegin.o
 .text.getInfo  0x0000000000100dc8       0x80 main.o
                0x0000000000100dc8                getInfo
 .text.printLogo
                0x0000000000100e48       0xfc main.o
                0x0000000000100e48                printLogo
 .text.startup.main
                0x0000000000100f44       0xe4 main.o
                0x0000000000100f44                main
 .text.consoleDrawChar
                0x0000000000101028      0x178 D:/Programmi/devkitPro/libctru/lib\libctru.a(console.o)
                0x0000000000101028                consoleDrawChar
 .text.consolePrintChar
                0x00000000001011a0      0x124 D:/Programmi/devkitPro/libctru/lib\libctru.a(console.o)
                0x00000000001011a0                consolePrintChar
 .text.con_write
                0x00000000001012c4      0xa00 D:/Programmi/devkitPro/libctru/lib\libctru.a(console.o)
                0x00000000001012c4                con_write
 .text.consoleInit
                0x0000000000101cc4      0x168 D:/Programmi/devkitPro/libctru/lib\libctru.a(console.o)
                0x0000000000101cc4                consoleInit
 .text.newRow   0x0000000000101e2c       0xf4 D:/Programmi/devkitPro/libctru/lib\libctru.a(console.o)
 .text.gfxPresentFramebuffer
                0x0000000000101f20       0xd0 D:/Programmi/devkitPro/libctru/lib\libctru.a(gfx.o)
 .text.gfxIsWide
                0x0000000000101ff0       0x1c D:/Programmi/devkitPro/libctru/lib\libctru.a(gfx.o)
                0x0000000000101ff0                gfxIsWide
 .text.gfxSetScreenFormat
                0x000000000010200c       0xec D:/Programmi/devkitPro/libctru/lib\libctru.a(gfx.o)
                0x000000000010200c                gfxSetScreenFormat
 .text.gfxSetDoubleBuffering
                0x00000000001020f8       0x10 D:/Programmi/devkitPro/libctru/lib\libctru.a(gfx.o)
                0x00000000001020f8                gfxSetDoubleBuffering
 .text.gfxInit  0x0000000000102108      0x108 D:/Programmi/devkitPro/libctru/lib\libctru.a(gfx.o)
                0x0000000000102108                gfxInit
 .text.gfxInitDefault
                0x0000000000102210       0x10 D:/Programmi/devkitPro/libctru/lib\libctru.a(gfx.o)
                0x0000000000102210                gfxInitDefault
 .text.gfxExit  0x0000000000102220       0xb4 D:/Programmi/devkitPro/libctru/lib\libctru.a(gfx.o)
                0x0000000000102220                gfxExit
 .text.gfxGetFramebuffer
                0x00000000001022d4       0xa0 D:/Programmi/devkitPro/libctru/lib\libctru.a(gfx.o)
                0x00000000001022d4                gfxGetFramebuffer
 .text.gfxFlushBuffers
                0x0000000000102374      0x10c D:/Programmi/devkitPro/libctru/lib\libctru.a(gfx.o)
                0x0000000000102374                gfxFlushBuffers
 .text.gfxSwapBuffers
                0x0000000000102480       0x50 D:/Programmi/devkitPro/libctru/lib\libctru.a(gfx.o)
                0x0000000000102480                gfxSwapBuffers
 .text.gfxSwapBuffersGpu
                0x00000000001024d0       0x50 D:/Programmi/devkitPro/libctru/lib\libctru.a(gfx.o)
                0x00000000001024d0                gfxSwapBuffersGpu
 .text.gspHardwareInit
                0x0000000000102520      0xc58 D:/Programmi/devkitPro/libctru/lib\libctru.a(gspgpu.o)
 .text.gspInit  0x0000000000103178      0x254 D:/Programmi/devkitPro/libctru/lib\libctru.a(gspgpu.o)
                0x0000000000103178                gspInit
 .text.gspExit  0x00000000001033cc       0xf0 D:/Programmi/devkitPro/libctru/lib\libctru.a(gspgpu.o)
                0x00000000001033cc                gspExit
 .text.gspHasGpuRight
                0x00000000001034bc       0x10 D:/Programmi/devkitPro/libctru/lib\libctru.a(gspgpu.o)
                0x00000000001034bc                gspHasGpuRight
 .text.gspPresentBuffer
                0x00000000001034cc       0x98 D:/Programmi/devkitPro/libctru/lib\libctru.a(gspgpu.o)
                0x00000000001034cc                gspPresentBuffer
 .text.gspWaitForEvent
                0x0000000000103564       0x50 D:/Programmi/devkitPro/libctru/lib\libctru.a(gspgpu.o)
                0x0000000000103564                gspWaitForEvent
 .text.gxCmdQueueInterrupt
                0x00000000001035b4        0x4 D:/Programmi/devkitPro/libctru/lib\libctru.a(gspgpu.o)
                0x00000000001035b4                gxCmdQueueInterrupt
 .text.gspEventThreadMain
                0x00000000001035b8      0x160 D:/Programmi/devkitPro/libctru/lib\libctru.a(gspgpu.o)
 .text.GSPGPU_FlushDataCache
                0x0000000000103718       0x50 D:/Programmi/devkitPro/libctru/lib\libctru.a(gspgpu.o)
                0x0000000000103718                GSPGPU_FlushDataCache
 .text.GSPGPU_SetLcdForceBlack
                0x0000000000103768       0x34 D:/Programmi/devkitPro/libctru/lib\libctru.a(gspgpu.o)
                0x0000000000103768                GSPGPU_SetLcdForceBlack
 .text.GSPGPU_AcquireRight
                0x000000000010379c       0x68 D:/Programmi/devkitPro/libctru/lib\libctru.a(gspgpu.o)
                0x000000000010379c                GSPGPU_AcquireRight
 .text.GSPGPU_ReleaseRight
                0x0000000000103804       0x48 D:/Programmi/devkitPro/libctru/lib\libctru.a(gspgpu.o)
                0x0000000000103804                GSPGPU_ReleaseRight
 .text.GSPGPU_ImportDisplayCaptureInfo
                0x000000000010384c       0x7c D:/Programmi/devkitPro/libctru/lib\libctru.a(gspgpu.o)
                0x000000000010384c                GSPGPU_ImportDisplayCaptureInfo
 .text.GSPGPU_SaveVramSysArea
                0x00000000001038c8       0x2c D:/Programmi/devkitPro/libctru/lib\libctru.a(gspgpu.o)
                0x00000000001038c8                GSPGPU_SaveVramSysArea
 .text.GSPGPU_RestoreVramSysArea
                0x00000000001038f4       0x2c D:/Programmi/devkitPro/libctru/lib\libctru.a(gspgpu.o)
                0x00000000001038f4                GSPGPU_RestoreVramSysArea
 .text.aptConvertScreenForCapture
                0x0000000000103920      0x1b0 D:/Programmi/devkitPro/libctru/lib\libctru.a(apt.o)
 .text.aptDspSleep
                0x0000000000103ad0        0x8 D:/Programmi/devkitPro/libctru/lib\libctru.a(apt.o)
                0x0000000000103ad0                aptDspSleep
 .text.aptDspWakeup
                0x0000000000103ad8        0x4 D:/Programmi/devkitPro/libctru/lib\libctru.a(apt.o)
                0x0000000000103ad8                aptDspWakeup
 .text.aptDspCancel
                0x0000000000103adc        0x4 D:/Programmi/devkitPro/libctru/lib\libctru.a(apt.o)
                0x0000000000103adc                aptDspCancel
 .text.aptSendCommand
                0x0000000000103ae0      0x15c D:/Programmi/devkitPro/libctru/lib\libctru.a(apt.o)
                0x0000000000103ae0                aptSendCommand
 .text.aptExitProcess
                0x0000000000103c3c       0x38 D:/Programmi/devkitPro/libctru/lib\libctru.a(apt.o)
 .text.aptExit  0x0000000000103c74      0x2f0 D:/Programmi/devkitPro/libctru/lib\libctru.a(apt.o)
                0x0000000000103c74                aptExit
 .text.aptHandleSleep
                0x0000000000103f64       0xd8 D:/Programmi/devkitPro/libctru/lib\libctru.a(apt.o)
                0x0000000000103f64                aptHandleSleep
 .text.APT_SleepIfShellClosed
                0x000000000010403c       0x84 D:/Programmi/devkitPro/libctru/lib\libctru.a(apt.o)
                0x000000000010403c                APT_SleepIfShellClosed
 .text.aptSetSleepAllowed
                0x00000000001040c0       0x84 D:/Programmi/devkitPro/libctru/lib\libctru.a(apt.o)
                0x00000000001040c0                aptSetSleepAllowed
 .text.APT_UnlockTransition
                0x0000000000104144       0x84 D:/Programmi/devkitPro/libctru/lib\libctru.a(apt.o)
                0x0000000000104144                APT_UnlockTransition
 .text.aptEventHandler
                0x00000000001041c8      0x484 D:/Programmi/devkitPro/libctru/lib\libctru.a(apt.o)
 .text.APT_ReceiveParameter
                0x000000000010464c       0xb0 D:/Programmi/devkitPro/libctru/lib\libctru.a(apt.o)
                0x000000000010464c                APT_ReceiveParameter
 .text.aptReceiveParameter.constprop.0
                0x00000000001046fc       0xb0 D:/Programmi/devkitPro/libctru/lib\libctru.a(apt.o)
 *fill*         0x00000000001047ac        0x4 
 .text.aptScreenTransfer
                0x00000000001047b0      0x2bc D:/Programmi/devkitPro/libctru/lib\libctru.a(apt.o)
 .text.aptWaitForWakeUp.isra.0
                0x0000000000104a6c      0x2d0 D:/Programmi/devkitPro/libctru/lib\libctru.a(apt.o)
 .text.aptJumpToHomeMenu
                0x0000000000104d3c       0xf8 D:/Programmi/devkitPro/libctru/lib\libctru.a(apt.o)
                0x0000000000104d3c                aptJumpToHomeMenu
 .text.aptMainLoop
                0x0000000000104e34       0x4c D:/Programmi/devkitPro/libctru/lib\libctru.a(apt.o)
                0x0000000000104e34                aptMainLoop
 .text.aptInit  0x0000000000104e80      0x234 D:/Programmi/devkitPro/libctru/lib\libctru.a(apt.o)
                0x0000000000104e80                aptInit
 .text.APT_CheckNew3DS
                0x00000000001050b4       0x7c D:/Programmi/devkitPro/libctru/lib\libctru.a(apt.o)
                0x00000000001050b4                APT_CheckNew3DS
 .text.hidShouldUseIrrst
                0x0000000000105130       0x24 D:/Programmi/devkitPro/libctru/lib\libctru.a(hid.o)
                0x0000000000105130                hidShouldUseIrrst
 .text.hidInit  0x0000000000105154      0x18c D:/Programmi/devkitPro/libctru/lib\libctru.a(hid.o)
                0x0000000000105154                hidInit
 .text.hidExit  0x00000000001052e0       0xe8 D:/Programmi/devkitPro/libctru/lib\libctru.a(hid.o)
                0x00000000001052e0                hidExit
 .text.hidScanInput
                0x00000000001053c8      0x294 D:/Programmi/devkitPro/libctru/lib\libctru.a(hid.o)
                0x00000000001053c8                hidScanInput
 .text.hidKeysDown
                0x000000000010565c       0x10 D:/Programmi/devkitPro/libctru/lib\libctru.a(hid.o)
                0x000000000010565c                hidKeysDown
 .text.__libctru_init
                0x000000000010566c       0x38 D:/Programmi/devkitPro/libctru/lib\libctru.a(ctru_init.o)
                0x000000000010566c                __libctru_init
 .text.__system_initArgv
                0x00000000001056a4       0xf0 D:/Programmi/devkitPro/libctru/lib\libctru.a(initArgv.o)
                0x00000000001056a4                __system_initArgv
 .text.svcControlMemory
                0x0000000000105794       0x20 D:/Programmi/devkitPro/libctru/lib\libctru.a(svc.o)
                0x0000000000105794                svcControlMemory
 .text.svcQueryMemory
                0x00000000001057b4       0x30 D:/Programmi/devkitPro/libctru/lib\libctru.a(svc.o)
                0x00000000001057b4                svcQueryMemory
 .text.svcExitProcess
                0x00000000001057e4        0x8 D:/Programmi/devkitPro/libctru/lib\libctru.a(svc.o)
                0x00000000001057e4                svcExitProcess
 .text.svcCreateThread
                0x00000000001057ec       0x20 D:/Programmi/devkitPro/libctru/lib\libctru.a(svc.o)
                0x00000000001057ec                svcCreateThread
 .text.svcExitThread
                0x000000000010580c        0x8 D:/Programmi/devkitPro/libctru/lib\libctru.a(svc.o)
                0x000000000010580c                svcExitThread
 .text.svcSleepThread
                0x0000000000105814        0x8 D:/Programmi/devkitPro/libctru/lib\libctru.a(svc.o)
                0x0000000000105814                svcSleepThread
 .text.svcReleaseMutex
                0x000000000010581c        0x8 D:/Programmi/devkitPro/libctru/lib\libctru.a(svc.o)
                0x000000000010581c                svcReleaseMutex
 .text.svcCreateEvent
                0x0000000000105824       0x14 D:/Programmi/devkitPro/libctru/lib\libctru.a(svc.o)
                0x0000000000105824                svcCreateEvent
 .text.svcSignalEvent
                0x0000000000105838        0x8 D:/Programmi/devkitPro/libctru/lib\libctru.a(svc.o)
                0x0000000000105838                svcSignalEvent
 .text.svcClearEvent
                0x0000000000105840        0x8 D:/Programmi/devkitPro/libctru/lib\libctru.a(svc.o)
                0x0000000000105840                svcClearEvent
 .text.svcMapMemoryBlock
                0x0000000000105848        0x8 D:/Programmi/devkitPro/libctru/lib\libctru.a(svc.o)
                0x0000000000105848                svcMapMemoryBlock
 .text.svcUnmapMemoryBlock
                0x0000000000105850        0x8 D:/Programmi/devkitPro/libctru/lib\libctru.a(svc.o)
                0x0000000000105850                svcUnmapMemoryBlock
 .text.svcCreateAddressArbiter
                0x0000000000105858       0x14 D:/Programmi/devkitPro/libctru/lib\libctru.a(svc.o)
                0x0000000000105858                svcCreateAddressArbiter
 .text.svcArbitrateAddressNoTimeout
                0x000000000010586c        0x8 D:/Programmi/devkitPro/libctru/lib\libctru.a(svc.o)
                0x000000000010586c                svcArbitrateAddressNoTimeout
 .text.svcCloseHandle
                0x0000000000105874        0x8 D:/Programmi/devkitPro/libctru/lib\libctru.a(svc.o)
                0x0000000000105874                svcCloseHandle
 .text.svcWaitSynchronization
                0x000000000010587c        0x8 D:/Programmi/devkitPro/libctru/lib\libctru.a(svc.o)
                0x000000000010587c                svcWaitSynchronization
 .text.svcWaitSynchronizationN
                0x0000000000105884       0x28 D:/Programmi/devkitPro/libctru/lib\libctru.a(svc.o)
                0x0000000000105884                svcWaitSynchronizationN
 .text.svcDuplicateHandle
                0x00000000001058ac       0x14 D:/Programmi/devkitPro/libctru/lib\libctru.a(svc.o)
                0x00000000001058ac                svcDuplicateHandle
 .text.svcGetSystemTick
                0x00000000001058c0        0x8 D:/Programmi/devkitPro/libctru/lib\libctru.a(svc.o)
                0x00000000001058c0                svcGetSystemTick
 .text.svcConnectToPort
                0x00000000001058c8       0x14 D:/Programmi/devkitPro/libctru/lib\libctru.a(svc.o)
                0x00000000001058c8                svcConnectToPort
 .text.svcSendSyncRequest
                0x00000000001058dc        0x8 D:/Programmi/devkitPro/libctru/lib\libctru.a(svc.o)
                0x00000000001058dc                svcSendSyncRequest
 .text.svcGetResourceLimit
                0x00000000001058e4       0x14 D:/Programmi/devkitPro/libctru/lib\libctru.a(svc.o)
                0x00000000001058e4                svcGetResourceLimit
 .text.svcGetResourceLimitLimitValues
                0x00000000001058f8        0x8 D:/Programmi/devkitPro/libctru/lib\libctru.a(svc.o)
                0x00000000001058f8                svcGetResourceLimitLimitValues
 .text.svcGetResourceLimitCurrentValues
                0x0000000000105900        0x8 D:/Programmi/devkitPro/libctru/lib\libctru.a(svc.o)
                0x0000000000105900                svcGetResourceLimitCurrentValues
 .text.svcBreak
                0x0000000000105908        0x8 D:/Programmi/devkitPro/libctru/lib\libctru.a(svc.o)
                0x0000000000105908                svcBreak
 .text.initSystem
                0x0000000000105910       0x50 D:/Programmi/devkitPro/libctru/lib\libctru.a(stack_adjust.o)
                0x0000000000105910                initSystem
 .text.__ctru_exit
                0x0000000000105960       0x18 D:/Programmi/devkitPro/libctru/lib\libctru.a(stack_adjust.o)
                0x0000000000105960                __ctru_exit
 .text._ZL21addrMapNodeComparatorPK11rbtree_nodeS1_
                0x0000000000105978       0x24 D:/Programmi/devkitPro/libctru/lib\libctru.a(vram.o)
 .text._ZL21addrMapNodeDestructorP11rbtree_node
                0x000000000010599c        0x4 D:/Programmi/devkitPro/libctru/lib\libctru.a(vram.o)
 .text.vramMemAlign
                0x00000000001059a0      0x114 D:/Programmi/devkitPro/libctru/lib\libctru.a(vram.o)
                0x00000000001059a0                vramMemAlign
 .text.vramAlloc
                0x0000000000105ab4        0x8 D:/Programmi/devkitPro/libctru/lib\libctru.a(vram.o)
                0x0000000000105ab4                vramAlloc
 .text.vramFree
                0x0000000000105abc       0x5c D:/Programmi/devkitPro/libctru/lib\libctru.a(vram.o)
                0x0000000000105abc                vramFree
 .text._ZL21addrMapNodeComparatorPK11rbtree_nodeS1_
                0x0000000000105b18       0x24 D:/Programmi/devkitPro/libctru/lib\libctru.a(linear.o)
 .text._ZL21addrMapNodeDestructorP11rbtree_node
                0x0000000000105b3c        0x4 D:/Programmi/devkitPro/libctru/lib\libctru.a(linear.o)
 .text.linearMemAlign
                0x0000000000105b40      0x120 D:/Programmi/devkitPro/libctru/lib\libctru.a(linear.o)
                0x0000000000105b40                linearMemAlign
 .text.linearAlloc
                0x0000000000105c60        0x8 D:/Programmi/devkitPro/libctru/lib\libctru.a(linear.o)
                0x0000000000105c60                linearAlloc
 .text.linearFree
                0x0000000000105c68       0x5c D:/Programmi/devkitPro/libctru/lib\libctru.a(linear.o)
                0x0000000000105c68                linearFree
 .text._ZN7MemPool13CoalesceRightEP8MemBlock
                0x0000000000105cc4       0x84 D:/Programmi/devkitPro/libctru/lib\libctru.a(mem_pool.o)
                0x0000000000105cc4                MemPool::CoalesceRight(MemBlock*)
 .text._ZN7MemPool8AllocateER8MemChunkmi
                0x0000000000105d48      0x170 D:/Programmi/devkitPro/libctru/lib\libctru.a(mem_pool.o)
                0x0000000000105d48                MemPool::Allocate(MemChunk&, unsigned long, int)
 .text._ZN7MemPool10DeallocateERK8MemChunk
                0x0000000000105eb8       0xfc D:/Programmi/devkitPro/libctru/lib\libctru.a(mem_pool.o)
                0x0000000000105eb8                MemPool::Deallocate(MemChunk const&)
 .text.__sync_init
                0x0000000000105fb4        0xc D:/Programmi/devkitPro/libctru/lib\libctru.a(synchronization.o)
                0x0000000000105fb4                __sync_init
 .text.__sync_fini
                0x0000000000105fc0       0x18 D:/Programmi/devkitPro/libctru/lib\libctru.a(synchronization.o)
                0x0000000000105fc0                __sync_fini
 .text.syncArbitrateAddress
                0x0000000000105fd8       0x2c D:/Programmi/devkitPro/libctru/lib\libctru.a(synchronization.o)
                0x0000000000105fd8                syncArbitrateAddress
 .text.LightLock_Init
                0x0000000000106004       0x1c D:/Programmi/devkitPro/libctru/lib\libctru.a(synchronization.o)
                0x0000000000106004                LightLock_Init
 .text.LightLock_Lock
                0x0000000000106020       0x94 D:/Programmi/devkitPro/libctru/lib\libctru.a(synchronization.o)
                0x0000000000106020                LightLock_Lock
 .text.LightLock_TryLock
                0x00000000001060b4       0x44 D:/Programmi/devkitPro/libctru/lib\libctru.a(synchronization.o)
                0x00000000001060b4                LightLock_TryLock
 .text.LightLock_Unlock
                0x00000000001060f8       0x40 D:/Programmi/devkitPro/libctru/lib\libctru.a(synchronization.o)
                0x00000000001060f8                LightLock_Unlock
 .text.RecursiveLock_Init
                0x0000000000106138       0x24 D:/Programmi/devkitPro/libctru/lib\libctru.a(synchronization.o)
                0x0000000000106138                RecursiveLock_Init
 .text.RecursiveLock_Lock
                0x000000000010615c       0x30 D:/Programmi/devkitPro/libctru/lib\libctru.a(synchronization.o)
                0x000000000010615c                RecursiveLock_Lock
 .text.RecursiveLock_TryLock
                0x000000000010618c       0x78 D:/Programmi/devkitPro/libctru/lib\libctru.a(synchronization.o)
                0x000000000010618c                RecursiveLock_TryLock
 .text.RecursiveLock_Unlock
                0x0000000000106204       0x54 D:/Programmi/devkitPro/libctru/lib\libctru.a(synchronization.o)
                0x0000000000106204                RecursiveLock_Unlock
 .text.LightEvent_Init
                0x0000000000106258       0x40 D:/Programmi/devkitPro/libctru/lib\libctru.a(synchronization.o)
                0x0000000000106258                LightEvent_Init
 .text.LightEvent_Clear
                0x0000000000106298       0xa4 D:/Programmi/devkitPro/libctru/lib\libctru.a(synchronization.o)
                0x0000000000106298                LightEvent_Clear
 .text.LightEvent_Signal
                0x000000000010633c       0xc8 D:/Programmi/devkitPro/libctru/lib\libctru.a(synchronization.o)
                0x000000000010633c                LightEvent_Signal
 .text.LightEvent_TryWait
                0x0000000000106404       0x58 D:/Programmi/devkitPro/libctru/lib\libctru.a(synchronization.o)
                0x0000000000106404                LightEvent_TryWait
 .text.LightEvent_Wait
                0x000000000010645c       0xb0 D:/Programmi/devkitPro/libctru/lib\libctru.a(synchronization.o)
                0x000000000010645c                LightEvent_Wait
 .text.osGetTimeRef
                0x000000000010650c       0x54 D:/Programmi/devkitPro/libctru/lib\libctru.a(os.o)
                0x000000000010650c                osGetTimeRef
 .text.osGetTime
                0x0000000000106560       0xe4 D:/Programmi/devkitPro/libctru/lib\libctru.a(os.o)
                0x0000000000106560                osGetTime
 .text.__libctru_gtod
                0x0000000000106644       0x74 D:/Programmi/devkitPro/libctru/lib\libctru.a(os.o)
                0x0000000000106644                __libctru_gtod
 .text.__ctru_speedup_config
                0x00000000001066b8       0x34 D:/Programmi/devkitPro/libctru/lib\libctru.a(os.o)
                0x00000000001066b8                __ctru_speedup_config
 .text.srvInit  0x00000000001066ec      0x124 D:/Programmi/devkitPro/libctru/lib\libctru.a(srv.o)
                0x00000000001066ec                srvInit
 .text.srvExit  0x0000000000106810       0x58 D:/Programmi/devkitPro/libctru/lib\libctru.a(srv.o)
                0x0000000000106810                srvExit
 .text.srvGetServiceHandleDirect
                0x0000000000106868       0x80 D:/Programmi/devkitPro/libctru/lib\libctru.a(srv.o)
                0x0000000000106868                srvGetServiceHandleDirect
 .text.srvGetServiceHandle
                0x00000000001068e8       0x48 D:/Programmi/devkitPro/libctru/lib\libctru.a(srv.o)
                0x00000000001068e8                srvGetServiceHandle
 .text.srvPublishToSubscriber
                0x0000000000106930       0x38 D:/Programmi/devkitPro/libctru/lib\libctru.a(srv.o)
                0x0000000000106930                srvPublishToSubscriber
 .text.threadCreate
                0x0000000000106968      0x188 D:/Programmi/devkitPro/libctru/lib\libctru.a(thread.o)
                0x0000000000106968                threadCreate
 .text.threadFree
                0x0000000000106af0       0x2c D:/Programmi/devkitPro/libctru/lib\libctru.a(thread.o)
                0x0000000000106af0                threadFree
 .text.threadJoin
                0x0000000000106b1c       0x24 D:/Programmi/devkitPro/libctru/lib\libctru.a(thread.o)
                0x0000000000106b1c                threadJoin
 .text.threadGetCurrent
                0x0000000000106b40       0x30 D:/Programmi/devkitPro/libctru/lib\libctru.a(thread.o)
                0x0000000000106b40                threadGetCurrent
 .text.threadExit
                0x0000000000106b70       0x40 D:/Programmi/devkitPro/libctru/lib\libctru.a(thread.o)
                0x0000000000106b70                threadExit
 .text._thread_begin
                0x0000000000106bb0       0x44 D:/Programmi/devkitPro/libctru/lib\libctru.a(thread.o)
 .text.mappableFindAddressWithin
                0x0000000000106bf4       0x94 D:/Programmi/devkitPro/libctru/lib\libctru.a(mappable.o)
 .text.mappableInit
                0x0000000000106c88       0x28 D:/Programmi/devkitPro/libctru/lib\libctru.a(mappable.o)
                0x0000000000106c88                mappableInit
 .text.mappableAlloc
                0x0000000000106cb0       0x80 D:/Programmi/devkitPro/libctru/lib\libctru.a(mappable.o)
                0x0000000000106cb0                mappableAlloc
 .text.mappableFree
                0x0000000000106d30        0x4 D:/Programmi/devkitPro/libctru/lib\libctru.a(mappable.o)
                0x0000000000106d30                mappableFree
 .text.irrstInit
                0x0000000000106d34      0x160 D:/Programmi/devkitPro/libctru/lib\libctru.a(irrst.o)
                0x0000000000106d34                irrstInit
 .text.irrstExit
                0x0000000000106e94       0xcc D:/Programmi/devkitPro/libctru/lib\libctru.a(irrst.o)
                0x0000000000106e94                irrstExit
 .text.irrstScanInput
                0x0000000000106f60       0xb0 D:/Programmi/devkitPro/libctru/lib\libctru.a(irrst.o)
                0x0000000000106f60                irrstScanInput
 .text.irrstKeysHeld
                0x0000000000107010       0x24 D:/Programmi/devkitPro/libctru/lib\libctru.a(irrst.o)
                0x0000000000107010                irrstKeysHeld
 .text.srvPmGetSessionHandle
                0x0000000000107034        0xc D:/Programmi/devkitPro/libctru/lib\libctru.a(srvpm.o)
                0x0000000000107034                srvPmGetSessionHandle
 .text.ptmSysmInit
                0x0000000000107040       0x74 D:/Programmi/devkitPro/libctru/lib\libctru.a(ptmsysm.o)
                0x0000000000107040                ptmSysmInit
 .text.ptmSysmExit
                0x00000000001070b4       0x3c D:/Programmi/devkitPro/libctru/lib\libctru.a(ptmsysm.o)
                0x00000000001070b4                ptmSysmExit
 .text.PTMSYSM_ConfigureNew3DSCPU
                0x00000000001070f0       0x34 D:/Programmi/devkitPro/libctru/lib\libctru.a(ptmsysm.o)
                0x00000000001070f0                PTMSYSM_ConfigureNew3DSCPU
 .text.rbtree_init
                0x0000000000107124       0x10 D:/Programmi/devkitPro/libctru/lib\libctru.a(rbtree_init.o)
                0x0000000000107124                rbtree_init
 .text.do_insert
                0x0000000000107134      0x1a0 D:/Programmi/devkitPro/libctru/lib\libctru.a(rbtree_insert.o)
 .text.rbtree_insert
                0x00000000001072d4        0x8 D:/Programmi/devkitPro/libctru/lib\libctru.a(rbtree_insert.o)
                0x00000000001072d4                rbtree_insert
 .text.rbtree_rotate
                0x00000000001072dc       0x90 D:/Programmi/devkitPro/libctru/lib\libctru.a(rbtree_rotate.o)
                0x00000000001072dc                rbtree_rotate
 .text.rbtree_remove
                0x000000000010736c      0x338 D:/Programmi/devkitPro/libctru/lib\libctru.a(rbtree_remove.o)
                0x000000000010736c                rbtree_remove
 .text.rbtree_find
                0x00000000001076a4       0x74 D:/Programmi/devkitPro/libctru/lib\libctru.a(rbtree_find.o)
                0x00000000001076a4                rbtree_find
 .text.__appInit
                0x0000000000107718       0x30 D:/Programmi/devkitPro/libctru/lib\libctru.a(appInit.o)
                0x0000000000107718                __appInit
 .text.__libctru_nanosleep
                0x0000000000107748       0x30 D:/Programmi/devkitPro/libctru/lib\libctru.a(syscalls.o)
 .text.__libctru_get_reent
                0x0000000000107778       0x30 D:/Programmi/devkitPro/libctru/lib\libctru.a(syscalls.o)
 .text.__system_initSyscalls
                0x00000000001077a8       0xf8 D:/Programmi/devkitPro/libctru/lib\libctru.a(syscalls.o)
                0x00000000001077a8                __system_initSyscalls
 .text.__system_allocateHeaps
                0x00000000001078a0      0x1e0 D:/Programmi/devkitPro/libctru/lib\libctru.a(allocateHeaps.o)
                0x00000000001078a0                __system_allocateHeaps
 .text.__appExit
                0x0000000000107a80       0x30 D:/Programmi/devkitPro/libctru/lib\libctru.a(appExit.o)
                0x0000000000107a80                __appExit
 .text.__libctru_exit
                0x0000000000107ab0       0x90 D:/Programmi/devkitPro/libctru/lib\libctru.a(ctru_exit.o)
                0x0000000000107ab0                __libctru_exit
 .text.envGetHandle
                0x0000000000107b40       0x84 D:/Programmi/devkitPro/libctru/lib\libctru.a(env.o)
                0x0000000000107b40                envGetHandle
 .text.envDestroyHandles
                0x0000000000107bc4       0x50 D:/Programmi/devkitPro/libctru/lib\libctru.a(env.o)
                0x0000000000107bc4                envDestroyHandles
 .text.archive_link
                0x0000000000107c14       0x14 D:/Programmi/devkitPro/libctru/lib\libctru.a(archive_dev.o)
 .text.archive_dirreset
                0x0000000000107c28       0x14 D:/Programmi/devkitPro/libctru/lib\libctru.a(archive_dev.o)
 .text.archive_chmod
                0x0000000000107c3c       0x14 D:/Programmi/devkitPro/libctru/lib\libctru.a(archive_dev.o)
 .text.error_cmp
                0x0000000000107c50       0x24 D:/Programmi/devkitPro/libctru/lib\libctru.a(archive_dev.o)
 .text.archive_translate_error
                0x0000000000107c74       0x50 D:/Programmi/devkitPro/libctru/lib\libctru.a(archive_dev.o)
 .text.archive_seek
                0x0000000000107cc4       0xd4 D:/Programmi/devkitPro/libctru/lib\libctru.a(archive_dev.o)
 .text._archiveInit.part.0
                0x0000000000107d98       0x7c D:/Programmi/devkitPro/libctru/lib\libctru.a(archive_dev.o)
 .text.archiveFindDevice.part.0
                0x0000000000107e14       0x8c D:/Programmi/devkitPro/libctru/lib\libctru.a(archive_dev.o)
 .text.archive_utf16path
                0x0000000000107ea0      0x294 D:/Programmi/devkitPro/libctru/lib\libctru.a(archive_dev.o)
 .text._archiveUnmountDeviceStruct.part.0
                0x0000000000108134       0xa0 D:/Programmi/devkitPro/libctru/lib\libctru.a(archive_dev.o)
 .text.archive_fchmod
                0x00000000001081d4       0x14 D:/Programmi/devkitPro/libctru/lib\libctru.a(archive_dev.o)
 .text.archive_statvfs
                0x00000000001081e8       0x14 D:/Programmi/devkitPro/libctru/lib\libctru.a(archive_dev.o)
 .text._archiveMountDevice
                0x00000000001081fc      0x158 D:/Programmi/devkitPro/libctru/lib\libctru.a(archive_dev.o)
 .text.archive_diropen
                0x0000000000108354       0xe8 D:/Programmi/devkitPro/libctru/lib\libctru.a(archive_dev.o)
 .text.archive_fstat
                0x000000000010843c       0xa4 D:/Programmi/devkitPro/libctru/lib\libctru.a(archive_dev.o)
 .text.archive_close
                0x00000000001084e0       0x6c D:/Programmi/devkitPro/libctru/lib\libctru.a(archive_dev.o)
 .text.archive_fsync
                0x000000000010854c       0x6c D:/Programmi/devkitPro/libctru/lib\libctru.a(archive_dev.o)
 .text.archive_dirclose
                0x00000000001085b8       0x70 D:/Programmi/devkitPro/libctru/lib\libctru.a(archive_dev.o)
 .text.sdmc_statvfs
                0x0000000000108628       0xe8 D:/Programmi/devkitPro/libctru/lib\libctru.a(archive_dev.o)
 .text.archive_ftruncate
                0x0000000000108710       0x80 D:/Programmi/devkitPro/libctru/lib\libctru.a(archive_dev.o)
 .text.archive_chdir
                0x0000000000108790       0xfc D:/Programmi/devkitPro/libctru/lib\libctru.a(archive_dev.o)
 .text.archive_read
                0x000000000010888c       0xb0 D:/Programmi/devkitPro/libctru/lib\libctru.a(archive_dev.o)
 .text.archive_unlink
                0x000000000010893c       0xac D:/Programmi/devkitPro/libctru/lib\libctru.a(archive_dev.o)
 .text.archive_rmdir
                0x00000000001089e8       0xc8 D:/Programmi/devkitPro/libctru/lib\libctru.a(archive_dev.o)
 .text.archive_mkdir
                0x0000000000108ab0       0xec D:/Programmi/devkitPro/libctru/lib\libctru.a(archive_dev.o)
 .text.archive_stat
                0x0000000000108b9c      0x1a8 D:/Programmi/devkitPro/libctru/lib\libctru.a(archive_dev.o)
 .text.archive_rename
                0x0000000000108d44      0x184 D:/Programmi/devkitPro/libctru/lib\libctru.a(archive_dev.o)
 .text.archive_dirnext
                0x0000000000108ec8      0x168 D:/Programmi/devkitPro/libctru/lib\libctru.a(archive_dev.o)
 .text.archive_write
                0x0000000000109030      0x12c D:/Programmi/devkitPro/libctru/lib\libctru.a(archive_dev.o)
 .text.archive_open
                0x000000000010915c      0x1f0 D:/Programmi/devkitPro/libctru/lib\libctru.a(archive_dev.o)
 .text.archiveMountSdmc
                0x000000000010934c      0x1a4 D:/Programmi/devkitPro/libctru/lib\libctru.a(archive_dev.o)
                0x000000000010934c                archiveMountSdmc
 .text.archiveUnmountAll
                0x00000000001094f0       0x54 D:/Programmi/devkitPro/libctru/lib\libctru.a(archive_dev.o)
                0x00000000001094f0                archiveUnmountAll
 .text.fsInit   0x0000000000109544       0xc8 D:/Programmi/devkitPro/libctru/lib\libctru.a(fs.o)
                0x0000000000109544                fsInit
 .text.fsExit   0x000000000010960c       0x3c D:/Programmi/devkitPro/libctru/lib\libctru.a(fs.o)
                0x000000000010960c                fsExit
 .text.fsExemptFromSession
                0x0000000000109648       0x60 D:/Programmi/devkitPro/libctru/lib\libctru.a(fs.o)
                0x0000000000109648                fsExemptFromSession
 .text.fsUnexemptFromSession
                0x00000000001096a8       0x50 D:/Programmi/devkitPro/libctru/lib\libctru.a(fs.o)
                0x00000000001096a8                fsUnexemptFromSession
 .text.FSUSER_OpenFile
                0x00000000001096f8       0xcc D:/Programmi/devkitPro/libctru/lib\libctru.a(fs.o)
                0x00000000001096f8                FSUSER_OpenFile
 .text.FSUSER_DeleteFile
                0x00000000001097c4       0xbc D:/Programmi/devkitPro/libctru/lib\libctru.a(fs.o)
                0x00000000001097c4                FSUSER_DeleteFile
 .text.FSUSER_RenameFile
                0x0000000000109880       0xf8 D:/Programmi/devkitPro/libctru/lib\libctru.a(fs.o)
                0x0000000000109880                FSUSER_RenameFile
 .text.FSUSER_DeleteDirectory
                0x0000000000109978       0xbc D:/Programmi/devkitPro/libctru/lib\libctru.a(fs.o)
                0x0000000000109978                FSUSER_DeleteDirectory
 .text.FSUSER_CreateFile
                0x0000000000109a34       0xd4 D:/Programmi/devkitPro/libctru/lib\libctru.a(fs.o)
                0x0000000000109a34                FSUSER_CreateFile
 .text.FSUSER_CreateDirectory
                0x0000000000109b08       0xc4 D:/Programmi/devkitPro/libctru/lib\libctru.a(fs.o)
                0x0000000000109b08                FSUSER_CreateDirectory
 .text.FSUSER_RenameDirectory
                0x0000000000109bcc       0xf8 D:/Programmi/devkitPro/libctru/lib\libctru.a(fs.o)
                0x0000000000109bcc                FSUSER_RenameDirectory
 .text.FSUSER_OpenDirectory
                0x0000000000109cc4       0xb4 D:/Programmi/devkitPro/libctru/lib\libctru.a(fs.o)
                0x0000000000109cc4                FSUSER_OpenDirectory
 .text.FSUSER_OpenArchive
                0x0000000000109d78       0x94 D:/Programmi/devkitPro/libctru/lib\libctru.a(fs.o)
                0x0000000000109d78                FSUSER_OpenArchive
 .text.FSUSER_CloseArchive
                0x0000000000109e0c       0x8c D:/Programmi/devkitPro/libctru/lib\libctru.a(fs.o)
                0x0000000000109e0c                FSUSER_CloseArchive
 .text.FSUSER_GetSdmcArchiveResource
                0x0000000000109e98       0x74 D:/Programmi/devkitPro/libctru/lib\libctru.a(fs.o)
                0x0000000000109e98                FSUSER_GetSdmcArchiveResource
 .text.FSUSER_IsSdmcWritable
                0x0000000000109f0c       0x64 D:/Programmi/devkitPro/libctru/lib\libctru.a(fs.o)
                0x0000000000109f0c                FSUSER_IsSdmcWritable
 .text.FSFILE_Read
                0x0000000000109f70       0x58 D:/Programmi/devkitPro/libctru/lib\libctru.a(fs.o)
                0x0000000000109f70                FSFILE_Read
 .text.FSFILE_Write
                0x0000000000109fc8       0x60 D:/Programmi/devkitPro/libctru/lib\libctru.a(fs.o)
                0x0000000000109fc8                FSFILE_Write
 .text.FSFILE_GetSize
                0x000000000010a028       0x38 D:/Programmi/devkitPro/libctru/lib\libctru.a(fs.o)
                0x000000000010a028                FSFILE_GetSize
 .text.FSFILE_SetSize
                0x000000000010a060       0x28 D:/Programmi/devkitPro/libctru/lib\libctru.a(fs.o)
                0x000000000010a060                FSFILE_SetSize
 .text.FSFILE_Close
                0x000000000010a088       0x3c D:/Programmi/devkitPro/libctru/lib\libctru.a(fs.o)
                0x000000000010a088                FSFILE_Close
 .text.FSFILE_Flush
                0x000000000010a0c4       0x24 D:/Programmi/devkitPro/libctru/lib\libctru.a(fs.o)
                0x000000000010a0c4                FSFILE_Flush
 .text.FSDIR_Read
                0x000000000010a0e8       0x50 D:/Programmi/devkitPro/libctru/lib\libctru.a(fs.o)
                0x000000000010a0e8                FSDIR_Read
 .text.FSDIR_Close
                0x000000000010a138       0x3c D:/Programmi/devkitPro/libctru/lib\libctru.a(fs.o)
                0x000000000010a138                FSDIR_Close
 .text.rbtree_node_next
                0x000000000010a174       0x50 D:/Programmi/devkitPro/libctru/lib\libctru.a(rbtree_iterator.o)
                0x000000000010a174                rbtree_node_next
 .text.utf16_to_utf8
                0x000000000010a1c4       0xe8 D:/Programmi/devkitPro/libctru/lib\libctru.a(utf16_to_utf8.o)
                0x000000000010a1c4                utf16_to_utf8
 .text.decode_utf16
                0x000000000010a2ac       0x64 D:/Programmi/devkitPro/libctru/lib\libctru.a(decode_utf16.o)
                0x000000000010a2ac                decode_utf16
 .text.decode_utf8
                0x000000000010a310      0x13c D:/Programmi/devkitPro/libctru/lib\libctru.a(decode_utf8.o)
                0x000000000010a310                decode_utf8
 .text.utf8_to_utf16
                0x000000000010a44c       0xc0 D:/Programmi/devkitPro/libctru/lib\libctru.a(utf8_to_utf16.o)
                0x000000000010a44c                utf8_to_utf16
 .text.__aeabi_read_tp
                0x000000000010a50c        0xc D:/Programmi/devkitPro/libctru/lib\libctru.a(readtp.o)
                0x000000000010a50c                __aeabi_read_tp
 .text.encode_utf16
                0x000000000010a518       0x60 D:/Programmi/devkitPro/libctru/lib\libctru.a(encode_utf16.o)
                0x000000000010a518                encode_utf16
 .text.encode_utf8
                0x000000000010a578       0xfc D:/Programmi/devkitPro/libctru/lib\libctru.a(encode_utf8.o)
                0x000000000010a578                encode_utf8
 .text.__udivmoddi4
                0x000000000010a674      0x120 d:/programmi/devkitpro/devkitarm/bin/../lib/gcc/arm-none-eabi/10.2.0/armv6k/fpu\libgcc.a(_udivmoddi4.o)
                0x000000000010a674                __udivmoddi4
 .text.bsearch  0x000000000010a794       0x78 d:/programmi/devkitpro/devkitarm/bin/../lib/gcc/arm-none-eabi/10.2.0/../../../../arm-none-eabi/lib/armv6k/fpu\libg.a(lib_a-bsearch.o)
                0x000000000010a794                bsearch
 .text.__errno  0x000000000010a80c        0xc d:/programmi/devkitpro/devkitarm/bin/../lib/gcc/arm-none-eabi/10.2.0/../../../../arm-none-eabi/lib/armv6k/fpu\libg.a(lib_a-errno.o)
                0x000000000010a80c                __errno
 .text.exit     0x000000000010a818       0x34 d:/programmi/devkitpro/devkitarm/bin/../lib/gcc/arm-none-eabi/10.2.0/../../../../arm-none-eabi/lib/armv6k/fpu\libg.a(lib_a-exit.o)
                0x000000000010a818                exit
 .text._fclose_r
                0x000000000010a84c      0x160 d:/programmi/devkitpro/devkitarm/bin/../lib/gcc/arm-none-eabi/10.2.0/../../../../arm-none-eabi/lib/armv6k/fpu\libg.a(lib_a-fclose.o)
                0x000000000010a84c                _fclose_r
 .text.fclose   0x000000000010a9ac       0x20 d:/programmi/devkitpro/devkitarm/bin/../lib/gcc/arm-none-eabi/10.2.0/../../../../arm-none-eabi/lib/armv6k/fpu\libg.a(lib_a-fclose.o)
                0x000000000010a9ac                fclose
 .text.__sflush_r
                0x000000000010a9cc      0x258 d:/programmi/devkitpro/devkitarm/bin/../lib/gcc/arm-none-eabi/10.2.0/../../../../arm-none-eabi/lib/armv6k/fpu\libg.a(lib_a-fflush.o)
                0x000000000010a9cc                __sflush_r
 .text._fflush_r
                0x000000000010ac24       0x94 d:/programmi/devkitpro/devkitarm/bin/../lib/gcc/arm-none-eabi/10.2.0/../../../../arm-none-eabi/lib/armv6k/fpu\libg.a(lib_a-fflush.o)
                0x000000000010ac24                _fflush_r
 .text.fflush   0x000000000010acb8       0x38 d:/programmi/devkitpro/devkitarm/bin/../lib/gcc/arm-none-eabi/10.2.0/../../../../arm-none-eabi/lib/armv6k/fpu\libg.a(lib_a-fflush.o)
                0x000000000010acb8                fflush
 .text._fgets_r
                0x000000000010acf0      0x1a0 d:/programmi/devkitpro/devkitarm/bin/../lib/gcc/arm-none-eabi/10.2.0/../../../../arm-none-eabi/lib/armv6k/fpu\libg.a(lib_a-fgets.o)
                0x000000000010acf0                _fgets_r
 .text.fgets    0x000000000010ae90       0x30 d:/programmi/devkitpro/devkitarm/bin/../lib/gcc/arm-none-eabi/10.2.0/../../../../arm-none-eabi/lib/armv6k/fpu\libg.a(lib_a-fgets.o)
                0x000000000010ae90                fgets
 .text._cleanup_r
                0x000000000010aec0        0xc d:/programmi/devkitpro/devkitarm/bin/../lib/gcc/arm-none-eabi/10.2.0/../../../../arm-none-eabi/lib/armv6k/fpu\libg.a(lib_a-findfp.o)
                0x000000000010aec0                _cleanup_r
 .text.__sinit  0x000000000010aecc      0x184 d:/programmi/devkitpro/devkitarm/bin/../lib/gcc/arm-none-eabi/10.2.0/../../../../arm-none-eabi/lib/armv6k/fpu\libg.a(lib_a-findfp.o)
                0x000000000010aecc                __sinit
 .text.__sfp    0x000000000010b050      0x134 d:/programmi/devkitpro/devkitarm/bin/../lib/gcc/arm-none-eabi/10.2.0/../../../../arm-none-eabi/lib/armv6k/fpu\libg.a(lib_a-findfp.o)
                0x000000000010b050                __sfp
 .text.__sfp_lock_acquire
                0x000000000010b184        0xc d:/programmi/devkitpro/devkitarm/bin/../lib/gcc/arm-none-eabi/10.2.0/../../../../arm-none-eabi/lib/armv6k/fpu\libg.a(lib_a-findfp.o)
                0x000000000010b184                __sfp_lock_acquire
 .text.__sfp_lock_release
                0x000000000010b190        0xc d:/programmi/devkitpro/devkitarm/bin/../lib/gcc/arm-none-eabi/10.2.0/../../../../arm-none-eabi/lib/armv6k/fpu\libg.a(lib_a-findfp.o)
                0x000000000010b190                __sfp_lock_release
 .text.__libc_fini_array
                0x000000000010b19c       0x3c d:/programmi/devkitpro/devkitarm/bin/../lib/gcc/arm-none-eabi/10.2.0/../../../../arm-none-eabi/lib/armv6k/fpu\libg.a(lib_a-fini.o)
                0x000000000010b19c                __libc_fini_array
 .text._fopen_r
                0x000000000010b1d8      0x140 d:/programmi/devkitpro/devkitarm/bin/../lib/gcc/arm-none-eabi/10.2.0/../../../../arm-none-eabi/lib/armv6k/fpu\libg.a(lib_a-fopen.o)
                0x000000000010b1d8                _fopen_r
 .text.fopen    0x000000000010b318       0x28 d:/programmi/devkitpro/devkitarm/bin/../lib/gcc/arm-none-eabi/10.2.0/../../../../arm-none-eabi/lib/armv6k/fpu\libg.a(lib_a-fopen.o)
                0x000000000010b318                fopen
 .text._malloc_trim_r
                0x000000000010b340       0xf8 d:/programmi/devkitpro/devkitarm/bin/../lib/gcc/arm-none-eabi/10.2.0/../../../../arm-none-eabi/lib/armv6k/fpu\libg.a(lib_a-freer.o)
                0x000000000010b340                _malloc_trim_r
 .text._free_r  0x000000000010b438      0x2e4 d:/programmi/devkitpro/devkitarm/bin/../lib/gcc/arm-none-eabi/10.2.0/../../../../arm-none-eabi/lib/armv6k/fpu\libg.a(lib_a-freer.o)
                0x000000000010b438                _free_r
 .text._fseek_r
                0x000000000010b71c       0x1c d:/programmi/devkitpro/devkitarm/bin/../lib/gcc/arm-none-eabi/10.2.0/../../../../arm-none-eabi/lib/armv6k/fpu\libg.a(lib_a-fseek.o)
                0x000000000010b71c                _fseek_r
 .text._fseeko_r
                0x000000000010b738      0x4f8 d:/programmi/devkitpro/devkitarm/bin/../lib/gcc/arm-none-eabi/10.2.0/../../../../arm-none-eabi/lib/armv6k/fpu\libg.a(lib_a-fseeko.o)
                0x000000000010b738                _fseeko_r
 .text._ftello_r
                0x000000000010bc30      0x1bc d:/programmi/devkitpro/devkitarm/bin/../lib/gcc/arm-none-eabi/10.2.0/../../../../arm-none-eabi/lib/armv6k/fpu\libg.a(lib_a-ftello.o)
                0x000000000010bc30                _ftello_r
 .text._fwalk   0x000000000010bdec       0x68 d:/programmi/devkitpro/devkitarm/bin/../lib/gcc/arm-none-eabi/10.2.0/../../../../arm-none-eabi/lib/armv6k/fpu\libg.a(lib_a-fwalk.o)
                0x000000000010bdec                _fwalk
 .text._fwalk_reent
                0x000000000010be54       0x70 d:/programmi/devkitpro/devkitarm/bin/../lib/gcc/arm-none-eabi/10.2.0/../../../../arm-none-eabi/lib/armv6k/fpu\libg.a(lib_a-fwalk.o)
                0x000000000010be54                _fwalk_reent
 .text.__libc_init_array
                0x000000000010bec4       0x7c d:/programmi/devkitpro/devkitarm/bin/../lib/gcc/arm-none-eabi/10.2.0/../../../../arm-none-eabi/lib/armv6k/fpu\libg.a(lib_a-init.o)
                0x000000000010bec4                __libc_init_array
 .text.iprintf  0x000000000010bf40       0x34 d:/programmi/devkitpro/devkitarm/bin/../lib/gcc/arm-none-eabi/10.2.0/../../../../arm-none-eabi/lib/armv6k/fpu\libg.a(lib_a-iprintf.o)
                0x000000000010bf40                iprintf
 .text.localtime
                0x000000000010bf74       0x20 d:/programmi/devkitpro/devkitarm/bin/../lib/gcc/arm-none-eabi/10.2.0/../../../../arm-none-eabi/lib/armv6k/fpu\libg.a(lib_a-lcltime.o)
                0x000000000010bf74                localtime
 .text.localtime_r
                0x000000000010bf94      0x388 d:/programmi/devkitpro/devkitarm/bin/../lib/gcc/arm-none-eabi/10.2.0/../../../../arm-none-eabi/lib/armv6k/fpu\libg.a(lib_a-lcltime_r.o)
                0x000000000010bf94                localtime_r
 .text.__smakebuf_r
                0x000000000010c31c      0x138 d:/programmi/devkitpro/devkitarm/bin/../lib/gcc/arm-none-eabi/10.2.0/../../../../arm-none-eabi/lib/armv6k/fpu\libg.a(lib_a-makebuf.o)
                0x000000000010c31c                __smakebuf_r
 .text.__swhatbuf_r
                0x000000000010c454       0x94 d:/programmi/devkitpro/devkitarm/bin/../lib/gcc/arm-none-eabi/10.2.0/../../../../arm-none-eabi/lib/armv6k/fpu\libg.a(lib_a-makebuf.o)
                0x000000000010c454                __swhatbuf_r
 .text.memalign
                0x000000000010c4e8       0x28 d:/programmi/devkitpro/devkitarm/bin/../lib/gcc/arm-none-eabi/10.2.0/../../../../arm-none-eabi/lib/armv6k/fpu\libg.a(lib_a-malign.o)
                0x000000000010c4e8                memalign
 .text._memalign_r
                0x000000000010c510      0x148 d:/programmi/devkitpro/devkitarm/bin/../lib/gcc/arm-none-eabi/10.2.0/../../../../arm-none-eabi/lib/armv6k/fpu\libg.a(lib_a-malignr.o)
                0x000000000010c510                _memalign_r
 .text.malloc   0x000000000010c658       0x20 d:/programmi/devkitpro/devkitarm/bin/../lib/gcc/arm-none-eabi/10.2.0/../../../../arm-none-eabi/lib/armv6k/fpu\libg.a(lib_a-malloc.o)
                0x000000000010c658                malloc
 .text.free     0x000000000010c678       0x20 d:/programmi/devkitpro/devkitarm/bin/../lib/gcc/arm-none-eabi/10.2.0/../../../../arm-none-eabi/lib/armv6k/fpu\libg.a(lib_a-malloc.o)
                0x000000000010c678                free
 .text._malloc_r
                0x000000000010c698      0x7f0 d:/programmi/devkitpro/devkitarm/bin/../lib/gcc/arm-none-eabi/10.2.0/../../../../arm-none-eabi/lib/armv6k/fpu\libg.a(lib_a-mallocr.o)
                0x000000000010c698                _malloc_r
 .text.memchr   0x000000000010ce88       0xe0 d:/programmi/devkitpro/devkitarm/bin/../lib/gcc/arm-none-eabi/10.2.0/../../../../arm-none-eabi/lib/armv6k/fpu\libg.a(lib_a-memchr-stub.o)
                0x000000000010ce88                memchr
 .text.memcpy   0x000000000010cf68      0x11c d:/programmi/devkitpro/devkitarm/bin/../lib/gcc/arm-none-eabi/10.2.0/../../../../arm-none-eabi/lib/armv6k/fpu\libg.a(lib_a-memcpy-stub.o)
                0x000000000010cf68                memcpy
 .text.memset   0x000000000010d084      0x118 d:/programmi/devkitpro/devkitarm/bin/../lib/gcc/arm-none-eabi/10.2.0/../../../../arm-none-eabi/lib/armv6k/fpu\libg.a(lib_a-memset.o)
                0x000000000010d084                memset
 .text.__malloc_lock
                0x000000000010d19c        0xc d:/programmi/devkitpro/devkitarm/bin/../lib/gcc/arm-none-eabi/10.2.0/../../../../arm-none-eabi/lib/armv6k/fpu\libg.a(lib_a-mlock.o)
                0x000000000010d19c                __malloc_lock
 .text.__malloc_unlock
                0x000000000010d1a8        0xc d:/programmi/devkitpro/devkitarm/bin/../lib/gcc/arm-none-eabi/10.2.0/../../../../arm-none-eabi/lib/armv6k/fpu\libg.a(lib_a-mlock.o)
                0x000000000010d1a8                __malloc_unlock
 .text.printf   0x000000000010d1b4       0x34 d:/programmi/devkitpro/devkitarm/bin/../lib/gcc/arm-none-eabi/10.2.0/../../../../arm-none-eabi/lib/armv6k/fpu\libg.a(lib_a-printf.o)
                0x000000000010d1b4                printf
 .text._puts_r  0x000000000010d1e8       0xe0 d:/programmi/devkitpro/devkitarm/bin/../lib/gcc/arm-none-eabi/10.2.0/../../../../arm-none-eabi/lib/armv6k/fpu\libg.a(lib_a-puts.o)
                0x000000000010d1e8                _puts_r
 .text.puts     0x000000000010d2c8       0x20 d:/programmi/devkitpro/devkitarm/bin/../lib/gcc/arm-none-eabi/10.2.0/../../../../arm-none-eabi/lib/armv6k/fpu\libg.a(lib_a-puts.o)
                0x000000000010d2c8                puts
 .text.lflush   0x000000000010d2e8       0x1c d:/programmi/devkitpro/devkitarm/bin/../lib/gcc/arm-none-eabi/10.2.0/../../../../arm-none-eabi/lib/armv6k/fpu\libg.a(lib_a-refill.o)
 .text.__srefill_r
                0x000000000010d304      0x1ac d:/programmi/devkitpro/devkitarm/bin/../lib/gcc/arm-none-eabi/10.2.0/../../../../arm-none-eabi/lib/armv6k/fpu\libg.a(lib_a-refill.o)
                0x000000000010d304                __srefill_r
 .text.rewind   0x000000000010d4b0       0x2c d:/programmi/devkitpro/devkitarm/bin/../lib/gcc/arm-none-eabi/10.2.0/../../../../arm-none-eabi/lib/armv6k/fpu\libg.a(lib_a-rewind.o)
                0x000000000010d4b0                rewind
 .text.setvbuf  0x000000000010d4dc      0x260 d:/programmi/devkitpro/devkitarm/bin/../lib/gcc/arm-none-eabi/10.2.0/../../../../arm-none-eabi/lib/armv6k/fpu\libg.a(lib_a-setvbuf.o)
                0x000000000010d4dc                setvbuf
 .text.sscanf   0x000000000010d73c       0x74 d:/programmi/devkitpro/devkitarm/bin/../lib/gcc/arm-none-eabi/10.2.0/../../../../arm-none-eabi/lib/armv6k/fpu\libg.a(lib_a-sscanf.o)
                0x000000000010d73c                sscanf
 .text.__sread  0x000000000010d7b0       0x44 d:/programmi/devkitpro/devkitarm/bin/../lib/gcc/arm-none-eabi/10.2.0/../../../../arm-none-eabi/lib/armv6k/fpu\libg.a(lib_a-stdio.o)
                0x000000000010d7b0                __sread
 .text.__seofread
                0x000000000010d7f4        0x8 d:/programmi/devkitpro/devkitarm/bin/../lib/gcc/arm-none-eabi/10.2.0/../../../../arm-none-eabi/lib/armv6k/fpu\libg.a(lib_a-stdio.o)
                0x000000000010d7f4                __seofread
 .text.__swrite
                0x000000000010d7fc       0x68 d:/programmi/devkitpro/devkitarm/bin/../lib/gcc/arm-none-eabi/10.2.0/../../../../arm-none-eabi/lib/armv6k/fpu\libg.a(lib_a-stdio.o)
                0x000000000010d7fc                __swrite
 .text.__sseek  0x000000000010d864       0x48 d:/programmi/devkitpro/devkitarm/bin/../lib/gcc/arm-none-eabi/10.2.0/../../../../arm-none-eabi/lib/armv6k/fpu\libg.a(lib_a-stdio.o)
                0x000000000010d864                __sseek
 .text.__sclose
                0x000000000010d8ac        0x8 d:/programmi/devkitpro/devkitarm/bin/../lib/gcc/arm-none-eabi/10.2.0/../../../../arm-none-eabi/lib/armv6k/fpu\libg.a(lib_a-stdio.o)
                0x000000000010d8ac                __sclose
 .text.strlen   0x000000000010d8b4       0x5c d:/programmi/devkitpro/devkitarm/bin/../lib/gcc/arm-none-eabi/10.2.0/../../../../arm-none-eabi/lib/armv6k/fpu\libg.a(lib_a-strlen-stub.o)
                0x000000000010d8b4                strlen
 .text.strncat  0x000000000010d910       0xec d:/programmi/devkitpro/devkitarm/bin/../lib/gcc/arm-none-eabi/10.2.0/../../../../arm-none-eabi/lib/armv6k/fpu\libg.a(lib_a-strncat.o)
                0x000000000010d910                strncat
 .text.strncmp  0x000000000010d9fc       0xdc d:/programmi/devkitpro/devkitarm/bin/../lib/gcc/arm-none-eabi/10.2.0/../../../../arm-none-eabi/lib/armv6k/fpu\libg.a(lib_a-strncmp.o)
                0x000000000010d9fc                strncmp
 .text.strncpy  0x000000000010dad8       0xc0 d:/programmi/devkitpro/devkitarm/bin/../lib/gcc/arm-none-eabi/10.2.0/../../../../arm-none-eabi/lib/armv6k/fpu\libg.a(lib_a-strncpy.o)
                0x000000000010dad8                strncpy
 .text.strnlen  0x000000000010db98       0x48 d:/programmi/devkitpro/devkitarm/bin/../lib/gcc/arm-none-eabi/10.2.0/../../../../arm-none-eabi/lib/armv6k/fpu\libg.a(lib_a-strnlen.o)
                0x000000000010db98                strnlen
 .text.get_arg  0x000000000010dbe0       0x50 d:/programmi/devkitpro/devkitarm/bin/../lib/gcc/arm-none-eabi/10.2.0/../../../../arm-none-eabi/lib/armv6k/fpu\libg.a(lib_a-svfscanf.o)
 .text.__ssvfscanf_r
                0x000000000010dc30     0x2b68 d:/programmi/devkitpro/devkitarm/bin/../lib/gcc/arm-none-eabi/10.2.0/../../../../arm-none-eabi/lib/armv6k/fpu\libg.a(lib_a-svfscanf.o)
                0x000000000010dc30                __ssvfscanf_r
 .text.time     0x0000000000110798       0x3c d:/programmi/devkitpro/devkitarm/bin/../lib/gcc/arm-none-eabi/10.2.0/../../../../arm-none-eabi/lib/armv6k/fpu\libg.a(lib_a-time.o)
                0x0000000000110798                time
 .text.__tzcalc_limits
                0x00000000001107d4      0x240 d:/programmi/devkitpro/devkitarm/bin/../lib/gcc/arm-none-eabi/10.2.0/../../../../arm-none-eabi/lib/armv6k/fpu\libg.a(lib_a-tzcalc_limits.o)
                0x00000000001107d4                __tzcalc_limits
 .text.__tz_lock
                0x0000000000110a14        0xc d:/programmi/devkitpro/devkitarm/bin/../lib/gcc/arm-none-eabi/10.2.0/../../../../arm-none-eabi/lib/armv6k/fpu\libg.a(lib_a-tzlock.o)
                0x0000000000110a14                __tz_lock
 .text.__tz_unlock
                0x0000000000110a20        0xc d:/programmi/devkitpro/devkitarm/bin/../lib/gcc/arm-none-eabi/10.2.0/../../../../arm-none-eabi/lib/armv6k/fpu\libg.a(lib_a-tzlock.o)
                0x0000000000110a20                __tz_unlock
 .text._tzset_unlocked
                0x0000000000110a2c       0x10 d:/programmi/devkitpro/devkitarm/bin/../lib/gcc/arm-none-eabi/10.2.0/../../../../arm-none-eabi/lib/armv6k/fpu\libg.a(lib_a-tzset.o)
                0x0000000000110a2c                _tzset_unlocked
 .text._tzset_unlocked_r
                0x0000000000110a3c      0x474 d:/programmi/devkitpro/devkitarm/bin/../lib/gcc/arm-none-eabi/10.2.0/../../../../arm-none-eabi/lib/armv6k/fpu\libg.a(lib_a-tzset_r.o)
                0x0000000000110a3c                _tzset_unlocked_r
 .text.get_arg  0x0000000000110eb0      0x64c d:/programmi/devkitpro/devkitarm/bin/../lib/gcc/arm-none-eabi/10.2.0/../../../../arm-none-eabi/lib/armv6k/fpu\libg.a(lib_a-vfiprintf.o)
 .text.__sprint_r
                0x00000000001114fc       0x34 d:/programmi/devkitpro/devkitarm/bin/../lib/gcc/arm-none-eabi/10.2.0/../../../../arm-none-eabi/lib/armv6k/fpu\libg.a(lib_a-vfiprintf.o)
                0x00000000001114fc                __sprint_r
 .text._vfiprintf_r
                0x0000000000111530     0x2584 d:/programmi/devkitpro/devkitarm/bin/../lib/gcc/arm-none-eabi/10.2.0/../../../../arm-none-eabi/lib/armv6k/fpu\libg.a(lib_a-vfiprintf.o)
                0x0000000000111530                _vfiprintf_r
 .text.__sbprintf
                0x0000000000113ab4       0xd4 d:/programmi/devkitpro/devkitarm/bin/../lib/gcc/arm-none-eabi/10.2.0/../../../../arm-none-eabi/lib/armv6k/fpu\libg.a(lib_a-vfiprintf.o)
 .text.get_arg  0x0000000000113b88      0x64c d:/programmi/devkitpro/devkitarm/bin/../lib/gcc/arm-none-eabi/10.2.0/../../../../arm-none-eabi/lib/armv6k/fpu\libg.a(lib_a-vfprintf.o)
 *fill*         0x00000000001141d4        0x4 
 .text._vfprintf_r
                0x00000000001141d8     0x38d4 d:/programmi/devkitpro/devkitarm/bin/../lib/gcc/arm-none-eabi/10.2.0/../../../../arm-none-eabi/lib/armv6k/fpu\libg.a(lib_a-vfprintf.o)
                0x00000000001141d8                _vfprintf_r
 .text.__sbprintf
                0x0000000000117aac       0xd4 d:/programmi/devkitpro/devkitarm/bin/../lib/gcc/arm-none-eabi/10.2.0/../../../../arm-none-eabi/lib/armv6k/fpu\libg.a(lib_a-vfprintf.o)
 .text._wcrtomb_r
                0x0000000000117b80       0x54 d:/programmi/devkitpro/devkitarm/bin/../lib/gcc/arm-none-eabi/10.2.0/../../../../arm-none-eabi/lib/armv6k/fpu\libg.a(lib_a-wcrtomb.o)
                0x0000000000117b80                _wcrtomb_r
 .text._wcsrtombs_r
                0x0000000000117bd4       0x28 d:/programmi/devkitpro/devkitarm/bin/../lib/gcc/arm-none-eabi/10.2.0/../../../../arm-none-eabi/lib/armv6k/fpu\libg.a(lib_a-wcsrtombs.o)
                0x0000000000117bd4                _wcsrtombs_r
 .text.__swsetup_r
                0x0000000000117bfc      0x154 d:/programmi/devkitpro/devkitarm/bin/../lib/gcc/arm-none-eabi/10.2.0/../../../../arm-none-eabi/lib/armv6k/fpu\libg.a(lib_a-wsetup.o)
                0x0000000000117bfc                __swsetup_r
 .text.__call_exitprocs
                0x0000000000117d50      0x114 d:/programmi/devkitpro/devkitarm/bin/../lib/gcc/arm-none-eabi/10.2.0/../../../../arm-none-eabi/lib/armv6k/fpu\libg.a(lib_a-__call_atexit.o)
                0x0000000000117d50                __call_exitprocs
 .text.quorem   0x0000000000117e64      0x1a8 d:/programmi/devkitpro/devkitarm/bin/../lib/gcc/arm-none-eabi/10.2.0/../../../../arm-none-eabi/lib/armv6k/fpu\libg.a(lib_a-dtoa.o)
 *fill*         0x000000000011800c        0x4 
 .text._dtoa_r  0x0000000000118010     0x12ec d:/programmi/devkitpro/devkitarm/bin/../lib/gcc/arm-none-eabi/10.2.0/../../../../arm-none-eabi/lib/armv6k/fpu\libg.a(lib_a-dtoa.o)
                0x0000000000118010                _dtoa_r
 .text.__sflags
                0x00000000001192fc       0xc8 d:/programmi/devkitpro/devkitarm/bin/../lib/gcc/arm-none-eabi/10.2.0/../../../../arm-none-eabi/lib/armv6k/fpu\libg.a(lib_a-flags.o)
                0x00000000001192fc                __sflags
 .text.__sfvwrite_r
                0x00000000001193c4      0x4a4 d:/programmi/devkitpro/devkitarm/bin/../lib/gcc/arm-none-eabi/10.2.0/../../../../arm-none-eabi/lib/armv6k/fpu\libg.a(lib_a-fvwrite.o)
                0x00000000001193c4                __sfvwrite_r
 .text._findenv_r
                0x0000000000119868       0xc8 d:/programmi/devkitpro/devkitarm/bin/../lib/gcc/arm-none-eabi/10.2.0/../../../../arm-none-eabi/lib/armv6k/fpu\libg.a(lib_a-getenv_r.o)
                0x0000000000119868                _findenv_r
 .text._getenv_r
                0x0000000000119930       0x18 d:/programmi/devkitpro/devkitarm/bin/../lib/gcc/arm-none-eabi/10.2.0/../../../../arm-none-eabi/lib/armv6k/fpu\libg.a(lib_a-getenv_r.o)
                0x0000000000119930                _getenv_r
 .text.__gettzinfo
                0x0000000000119948        0xc d:/programmi/devkitpro/devkitarm/bin/../lib/gcc/arm-none-eabi/10.2.0/../../../../arm-none-eabi/lib/armv6k/fpu\libg.a(lib_a-gettzinfo.o)
                0x0000000000119948                __gettzinfo
 .text.gmtime_r
                0x0000000000119954      0x274 d:/programmi/devkitpro/devkitarm/bin/../lib/gcc/arm-none-eabi/10.2.0/../../../../arm-none-eabi/lib/armv6k/fpu\libg.a(lib_a-gmtime_r.o)
                0x0000000000119954                gmtime_r
 .text.iswspace
                0x0000000000119bc8        0x8 d:/programmi/devkitpro/devkitarm/bin/../lib/gcc/arm-none-eabi/10.2.0/../../../../arm-none-eabi/lib/armv6k/fpu\libg.a(lib_a-iswspace.o)
                0x0000000000119bc8                iswspace
 .text._localeconv_r
                0x0000000000119bd0        0xc d:/programmi/devkitpro/devkitarm/bin/../lib/gcc/arm-none-eabi/10.2.0/../../../../arm-none-eabi/lib/armv6k/fpu\libg.a(lib_a-localeconv.o)
                0x0000000000119bd0                _localeconv_r
 .text.__locale_mb_cur_max
                0x0000000000119bdc       0x10 d:/programmi/devkitpro/devkitarm/bin/../lib/gcc/arm-none-eabi/10.2.0/../../../../arm-none-eabi/lib/armv6k/fpu\libg.a(lib_a-locale.o)
                0x0000000000119bdc                __locale_mb_cur_max
 .text._mbrtowc_r
                0x0000000000119bec       0x68 d:/programmi/devkitpro/devkitarm/bin/../lib/gcc/arm-none-eabi/10.2.0/../../../../arm-none-eabi/lib/armv6k/fpu\libg.a(lib_a-mbrtowc.o)
                0x0000000000119bec                _mbrtowc_r
 .text.__utf8_mbtowc
                0x0000000000119c54      0x2fc d:/programmi/devkitpro/devkitarm/bin/../lib/gcc/arm-none-eabi/10.2.0/../../../../arm-none-eabi/lib/armv6k/fpu\libg.a(lib_a-mbtowc_r.o)
                0x0000000000119c54                __utf8_mbtowc
 .text.memmove  0x0000000000119f50      0x154 d:/programmi/devkitpro/devkitarm/bin/../lib/gcc/arm-none-eabi/10.2.0/../../../../arm-none-eabi/lib/armv6k/fpu\libg.a(lib_a-memmove.o)
                0x0000000000119f50                memmove
 .text._Balloc  0x000000000011a0a4       0x88 d:/programmi/devkitpro/devkitarm/bin/../lib/gcc/arm-none-eabi/10.2.0/../../../../arm-none-eabi/lib/armv6k/fpu\libg.a(lib_a-mprec.o)
                0x000000000011a0a4                _Balloc
 .text._Bfree   0x000000000011a12c       0x1c d:/programmi/devkitpro/devkitarm/bin/../lib/gcc/arm-none-eabi/10.2.0/../../../../arm-none-eabi/lib/armv6k/fpu\libg.a(lib_a-mprec.o)
                0x000000000011a12c                _Bfree
 .text.__multadd
                0x000000000011a148       0xf4 d:/programmi/devkitpro/devkitarm/bin/../lib/gcc/arm-none-eabi/10.2.0/../../../../arm-none-eabi/lib/armv6k/fpu\libg.a(lib_a-mprec.o)
                0x000000000011a148                __multadd
 .text.__s2b    0x000000000011a23c      0x110 d:/programmi/devkitpro/devkitarm/bin/../lib/gcc/arm-none-eabi/10.2.0/../../../../arm-none-eabi/lib/armv6k/fpu\libg.a(lib_a-mprec.o)
                0x000000000011a23c                __s2b
 .text.__hi0bits
                0x000000000011a34c       0x58 d:/programmi/devkitpro/devkitarm/bin/../lib/gcc/arm-none-eabi/10.2.0/../../../../arm-none-eabi/lib/armv6k/fpu\libg.a(lib_a-mprec.o)
                0x000000000011a34c                __hi0bits
 .text.__lo0bits
                0x000000000011a3a4       0x9c d:/programmi/devkitpro/devkitarm/bin/../lib/gcc/arm-none-eabi/10.2.0/../../../../arm-none-eabi/lib/armv6k/fpu\libg.a(lib_a-mprec.o)
                0x000000000011a3a4                __lo0bits
 .text.__i2b    0x000000000011a440       0xa4 d:/programmi/devkitpro/devkitarm/bin/../lib/gcc/arm-none-eabi/10.2.0/../../../../arm-none-eabi/lib/armv6k/fpu\libg.a(lib_a-mprec.o)
                0x000000000011a440                __i2b
 .text.__multiply
                0x000000000011a4e4      0x204 d:/programmi/devkitpro/devkitarm/bin/../lib/gcc/arm-none-eabi/10.2.0/../../../../arm-none-eabi/lib/armv6k/fpu\libg.a(lib_a-mprec.o)
                0x000000000011a4e4                __multiply
 .text.__pow5mult
                0x000000000011a6e8      0x120 d:/programmi/devkitpro/devkitarm/bin/../lib/gcc/arm-none-eabi/10.2.0/../../../../arm-none-eabi/lib/armv6k/fpu\libg.a(lib_a-mprec.o)
                0x000000000011a6e8                __pow5mult
 .text.__lshift
                0x000000000011a808      0x13c d:/programmi/devkitpro/devkitarm/bin/../lib/gcc/arm-none-eabi/10.2.0/../../../../arm-none-eabi/lib/armv6k/fpu\libg.a(lib_a-mprec.o)
                0x000000000011a808                __lshift
 .text.__mcmp   0x000000000011a944       0x58 d:/programmi/devkitpro/devkitarm/bin/../lib/gcc/arm-none-eabi/10.2.0/../../../../arm-none-eabi/lib/armv6k/fpu\libg.a(lib_a-mprec.o)
                0x000000000011a944                __mcmp
 .text.__mdiff  0x000000000011a99c      0x1cc d:/programmi/devkitpro/devkitarm/bin/../lib/gcc/arm-none-eabi/10.2.0/../../../../arm-none-eabi/lib/armv6k/fpu\libg.a(lib_a-mprec.o)
                0x000000000011a99c                __mdiff
 .text.__ulp    0x000000000011ab68       0x88 d:/programmi/devkitpro/devkitarm/bin/../lib/gcc/arm-none-eabi/10.2.0/../../../../arm-none-eabi/lib/armv6k/fpu\libg.a(lib_a-mprec.o)
                0x000000000011ab68                __ulp
 .text.__b2d    0x000000000011abf0       0xd4 d:/programmi/devkitpro/devkitarm/bin/../lib/gcc/arm-none-eabi/10.2.0/../../../../arm-none-eabi/lib/armv6k/fpu\libg.a(lib_a-mprec.o)
                0x000000000011abf0                __b2d
 .text.__d2b    0x000000000011acc4      0x12c d:/programmi/devkitpro/devkitarm/bin/../lib/gcc/arm-none-eabi/10.2.0/../../../../arm-none-eabi/lib/armv6k/fpu\libg.a(lib_a-mprec.o)
                0x000000000011acc4                __d2b
 .text.__ratio  0x000000000011adf0       0x78 d:/programmi/devkitpro/devkitarm/bin/../lib/gcc/arm-none-eabi/10.2.0/../../../../arm-none-eabi/lib/armv6k/fpu\libg.a(lib_a-mprec.o)
                0x000000000011adf0                __ratio
 .text.__copybits
                0x000000000011ae68       0x88 d:/programmi/devkitpro/devkitarm/bin/../lib/gcc/arm-none-eabi/10.2.0/../../../../arm-none-eabi/lib/armv6k/fpu\libg.a(lib_a-mprec.o)
                0x000000000011ae68                __copybits
 .text.__any_on
                0x000000000011aef0       0x5c d:/programmi/devkitpro/devkitarm/bin/../lib/gcc/arm-none-eabi/10.2.0/../../../../arm-none-eabi/lib/armv6k/fpu\libg.a(lib_a-mprec.o)
                0x000000000011aef0                __any_on
 .text.realloc  0x000000000011af4c       0x28 d:/programmi/devkitpro/devkitarm/bin/../lib/gcc/arm-none-eabi/10.2.0/../../../../arm-none-eabi/lib/armv6k/fpu\libg.a(lib_a-realloc.o)
                0x000000000011af4c                realloc
 .text._realloc_r
                0x000000000011af74      0x598 d:/programmi/devkitpro/devkitarm/bin/../lib/gcc/arm-none-eabi/10.2.0/../../../../arm-none-eabi/lib/armv6k/fpu\libg.a(lib_a-reallocr.o)
                0x000000000011af74                _realloc_r
 .text.__sccl   0x000000000011b50c       0xe4 d:/programmi/devkitpro/devkitarm/bin/../lib/gcc/arm-none-eabi/10.2.0/../../../../arm-none-eabi/lib/armv6k/fpu\libg.a(lib_a-sccl.o)
                0x000000000011b50c                __sccl
 .text.nanf     0x000000000011b5f0        0xc d:/programmi/devkitpro/devkitarm/bin/../lib/gcc/arm-none-eabi/10.2.0/../../../../arm-none-eabi/lib/armv6k/fpu\libg.a(lib_a-sf_nan.o)
                0x000000000011b5f0                nanf
 *fill*         0x000000000011b5fc        0x4 
 .text.frexp    0x000000000011b600       0xa8 d:/programmi/devkitpro/devkitarm/bin/../lib/gcc/arm-none-eabi/10.2.0/../../../../arm-none-eabi/lib/armv6k/fpu\libg.a(lib_a-s_frexp.o)
                0x000000000011b600                frexp
 .text.siscanf  0x000000000011b6a8       0x74 d:/programmi/devkitpro/devkitarm/bin/../lib/gcc/arm-none-eabi/10.2.0/../../../../arm-none-eabi/lib/armv6k/fpu\libg.a(lib_a-siscanf.o)
                0x000000000011b6a8                siscanf
 .text.sprintf  0x000000000011b71c       0x64 d:/programmi/devkitpro/devkitarm/bin/../lib/gcc/arm-none-eabi/10.2.0/../../../../arm-none-eabi/lib/armv6k/fpu\libg.a(lib_a-sprintf.o)
                0x000000000011b71c                sprintf
 .text.stpncpy  0x000000000011b780       0xb8 d:/programmi/devkitpro/devkitarm/bin/../lib/gcc/arm-none-eabi/10.2.0/../../../../arm-none-eabi/lib/armv6k/fpu\libg.a(lib_a-stpncpy.o)
                0x000000000011b780                stpncpy
 .text.strchr   0x000000000011b838      0x144 d:/programmi/devkitpro/devkitarm/bin/../lib/gcc/arm-none-eabi/10.2.0/../../../../arm-none-eabi/lib/armv6k/fpu\libg.a(lib_a-strchr.o)
                0x000000000011b838                strchr
 .text.strcpy   0x000000000011b97c       0xf0 d:/programmi/devkitpro/devkitarm/bin/../lib/gcc/arm-none-eabi/10.2.0/../../../../arm-none-eabi/lib/armv6k/fpu\libg.a(lib_a-strcpy.o)
                0x000000000011b97c                strcpy
 *fill*         0x000000000011ba6c        0x4 
 .text._strtod_l
                0x000000000011ba70     0x130c d:/programmi/devkitpro/devkitarm/bin/../lib/gcc/arm-none-eabi/10.2.0/../../../../arm-none-eabi/lib/armv6k/fpu\libg.a(lib_a-strtod.o)
                0x000000000011ba70                _strtod_l
 .text._strtod_r
                0x000000000011cd7c        0xc d:/programmi/devkitpro/devkitarm/bin/../lib/gcc/arm-none-eabi/10.2.0/../../../../arm-none-eabi/lib/armv6k/fpu\libg.a(lib_a-strtod.o)
                0x000000000011cd7c                _strtod_r
 .text._strtoll_l.constprop.0
                0x000000000011cd88      0x22c d:/programmi/devkitpro/devkitarm/bin/../lib/gcc/arm-none-eabi/10.2.0/../../../../arm-none-eabi/lib/armv6k/fpu\libg.a(lib_a-strtoll.o)
 .text._strtoll_r
                0x000000000011cfb4        0x4 d:/programmi/devkitpro/devkitarm/bin/../lib/gcc/arm-none-eabi/10.2.0/../../../../arm-none-eabi/lib/armv6k/fpu\libg.a(lib_a-strtoll.o)
                0x000000000011cfb4                _strtoll_r
 .text._strtol_l.part.0
                0x000000000011cfb8      0x1b0 d:/programmi/devkitpro/devkitarm/bin/../lib/gcc/arm-none-eabi/10.2.0/../../../../arm-none-eabi/lib/armv6k/fpu\libg.a(lib_a-strtol.o)
 .text._strtol_r
                0x000000000011d168       0x3c d:/programmi/devkitpro/devkitarm/bin/../lib/gcc/arm-none-eabi/10.2.0/../../../../arm-none-eabi/lib/armv6k/fpu\libg.a(lib_a-strtol.o)
                0x000000000011d168                _strtol_r
 .text._strtoull_l.constprop.0
                0x000000000011d1a4      0x244 d:/programmi/devkitpro/devkitarm/bin/../lib/gcc/arm-none-eabi/10.2.0/../../../../arm-none-eabi/lib/armv6k/fpu\libg.a(lib_a-strtoull.o)
 .text._strtoull_r
                0x000000000011d3e8        0x4 d:/programmi/devkitpro/devkitarm/bin/../lib/gcc/arm-none-eabi/10.2.0/../../../../arm-none-eabi/lib/armv6k/fpu\libg.a(lib_a-strtoull.o)
                0x000000000011d3e8                _strtoull_r
 .text._strtoul_l.constprop.0
                0x000000000011d3ec      0x1c8 d:/programmi/devkitpro/devkitarm/bin/../lib/gcc/arm-none-eabi/10.2.0/../../../../arm-none-eabi/lib/armv6k/fpu\libg.a(lib_a-strtoul.o)
 .text._strtoul_r
                0x000000000011d5b4        0x4 d:/programmi/devkitpro/devkitarm/bin/../lib/gcc/arm-none-eabi/10.2.0/../../../../arm-none-eabi/lib/armv6k/fpu\libg.a(lib_a-strtoul.o)
                0x000000000011d5b4                _strtoul_r
 .text.strtoul  0x000000000011d5b8       0x30 d:/programmi/devkitpro/devkitarm/bin/../lib/gcc/arm-none-eabi/10.2.0/../../../../arm-none-eabi/lib/armv6k/fpu\libg.a(lib_a-strtoul.o)
                0x000000000011d5b8                strtoul
 .text.__ssprint_r
                0x000000000011d5e8      0x188 d:/programmi/devkitpro/devkitarm/bin/../lib/gcc/arm-none-eabi/10.2.0/../../../../arm-none-eabi/lib/armv6k/fpu\libg.a(lib_a-svfiprintf.o)
                0x000000000011d5e8                __ssprint_r
 .text.get_arg  0x000000000011d770       0x50 d:/programmi/devkitpro/devkitarm/bin/../lib/gcc/arm-none-eabi/10.2.0/../../../../arm-none-eabi/lib/armv6k/fpu\libg.a(lib_a-svfiscanf.o)
 .text._sungetc_r
                0x000000000011d7c0       0xe0 d:/programmi/devkitpro/devkitarm/bin/../lib/gcc/arm-none-eabi/10.2.0/../../../../arm-none-eabi/lib/armv6k/fpu\libg.a(lib_a-svfiscanf.o)
                0x000000000011d7c0                _sungetc_r
 .text.__ssrefill_r
                0x000000000011d8a0       0x6c d:/programmi/devkitpro/devkitarm/bin/../lib/gcc/arm-none-eabi/10.2.0/../../../../arm-none-eabi/lib/armv6k/fpu\libg.a(lib_a-svfiscanf.o)
                0x000000000011d8a0                __ssrefill_r
 .text._sfread_r
                0x000000000011d90c       0xc8 d:/programmi/devkitpro/devkitarm/bin/../lib/gcc/arm-none-eabi/10.2.0/../../../../arm-none-eabi/lib/armv6k/fpu\libg.a(lib_a-svfiscanf.o)
                0x000000000011d90c                _sfread_r
 .text.__ssvfiscanf_r
                0x000000000011d9d4     0x22d0 d:/programmi/devkitpro/devkitarm/bin/../lib/gcc/arm-none-eabi/10.2.0/../../../../arm-none-eabi/lib/armv6k/fpu\libg.a(lib_a-svfiscanf.o)
                0x000000000011d9d4                __ssvfiscanf_r
 .text.get_arg  0x000000000011fca4      0x64c d:/programmi/devkitpro/devkitarm/bin/../lib/gcc/arm-none-eabi/10.2.0/../../../../arm-none-eabi/lib/armv6k/fpu\libg.a(lib_a-svfprintf.o)
 .text._svfprintf_r
                0x00000000001202f0     0x3808 d:/programmi/devkitpro/devkitarm/bin/../lib/gcc/arm-none-eabi/10.2.0/../../../../arm-none-eabi/lib/armv6k/fpu\libg.a(lib_a-svfprintf.o)
                0x00000000001202f0                _svfprintf_r
 .text.__submore
                0x0000000000123af8       0xa8 d:/programmi/devkitpro/devkitarm/bin/../lib/gcc/arm-none-eabi/10.2.0/../../../../arm-none-eabi/lib/armv6k/fpu\libg.a(lib_a-ungetc.o)
                0x0000000000123af8                __submore
 .text._wcsnrtombs_l
                0x0000000000123ba0      0x190 d:/programmi/devkitpro/devkitarm/bin/../lib/gcc/arm-none-eabi/10.2.0/../../../../arm-none-eabi/lib/armv6k/fpu\libg.a(lib_a-wcsnrtombs.o)
                0x0000000000123ba0                _wcsnrtombs_l
 .text._wcsnrtombs_r
                0x0000000000123d30       0x4c d:/programmi/devkitpro/devkitarm/bin/../lib/gcc/arm-none-eabi/10.2.0/../../../../arm-none-eabi/lib/armv6k/fpu\libg.a(lib_a-wcsnrtombs.o)
                0x0000000000123d30                _wcsnrtombs_r
 .text.__utf8_wctomb
                0x0000000000123d7c       0xf0 d:/programmi/devkitpro/devkitarm/bin/../lib/gcc/arm-none-eabi/10.2.0/../../../../arm-none-eabi/lib/armv6k/fpu\libg.a(lib_a-wctomb_r.o)
                0x0000000000123d7c                __utf8_wctomb
 .text.__assert_func
                0x0000000000123e6c       0x5c d:/programmi/devkitpro/devkitarm/bin/../lib/gcc/arm-none-eabi/10.2.0/../../../../arm-none-eabi/lib/armv6k/fpu\libg.a(lib_a-assert.o)
                0x0000000000123e6c                __assert_func
 .text._calloc_r
                0x0000000000123ec8       0x94 d:/programmi/devkitpro/devkitarm/bin/../lib/gcc/arm-none-eabi/10.2.0/../../../../arm-none-eabi/lib/armv6k/fpu\libg.a(lib_a-callocr.o)
                0x0000000000123ec8                _calloc_r
 .text.__env_lock
                0x0000000000123f5c        0xc d:/programmi/devkitpro/devkitarm/bin/../lib/gcc/arm-none-eabi/10.2.0/../../../../arm-none-eabi/lib/armv6k/fpu\libg.a(lib_a-envlock.o)
                0x0000000000123f5c                __env_lock
 .text.__env_unlock
                0x0000000000123f68        0xc d:/programmi/devkitpro/devkitarm/bin/../lib/gcc/arm-none-eabi/10.2.0/../../../../arm-none-eabi/lib/armv6k/fpu\libg.a(lib_a-envlock.o)
                0x0000000000123f68                __env_unlock
 .text.fiprintf
                0x0000000000123f74       0x3c d:/programmi/devkitpro/devkitarm/bin/../lib/gcc/arm-none-eabi/10.2.0/../../../../arm-none-eabi/lib/armv6k/fpu\libg.a(lib_a-fiprintf.o)
                0x0000000000123f74                fiprintf
 .text.rshift   0x0000000000123fb0       0xec d:/programmi/devkitpro/devkitarm/bin/../lib/gcc/arm-none-eabi/10.2.0/../../../../arm-none-eabi/lib/armv6k/fpu\libg.a(lib_a-gdtoa-gethex.o)
 .text.__gethex
                0x000000000012409c      0x928 d:/programmi/devkitpro/devkitarm/bin/../lib/gcc/arm-none-eabi/10.2.0/../../../../arm-none-eabi/lib/armv6k/fpu\libg.a(lib_a-gdtoa-gethex.o)
                0x000000000012409c                __gethex
 .text.__match  0x00000000001249c4       0x4c d:/programmi/devkitpro/devkitarm/bin/../lib/gcc/arm-none-eabi/10.2.0/../../../../arm-none-eabi/lib/armv6k/fpu\libg.a(lib_a-gdtoa-hexnan.o)
                0x00000000001249c4                __match
 .text.__hexnan
                0x0000000000124a10      0x29c d:/programmi/devkitpro/devkitarm/bin/../lib/gcc/arm-none-eabi/10.2.0/../../../../arm-none-eabi/lib/armv6k/fpu\libg.a(lib_a-gdtoa-hexnan.o)
                0x0000000000124a10                __hexnan
 .text.iswspace_l
                0x0000000000124cac       0x3c d:/programmi/devkitpro/devkitarm/bin/../lib/gcc/arm-none-eabi/10.2.0/../../../../arm-none-eabi/lib/armv6k/fpu\libg.a(lib_a-iswspace_l.o)
                0x0000000000124cac                iswspace_l
 .text.__jp2uc  0x0000000000124ce8      0x1d4 d:/programmi/devkitpro/devkitarm/bin/../lib/gcc/arm-none-eabi/10.2.0/../../../../arm-none-eabi/lib/armv6k/fpu\libg.a(lib_a-jp2uc.o)
 .text._jp2uc_l
                0x0000000000124ebc       0x9c d:/programmi/devkitpro/devkitarm/bin/../lib/gcc/arm-none-eabi/10.2.0/../../../../arm-none-eabi/lib/armv6k/fpu\libg.a(lib_a-jp2uc.o)
                0x0000000000124ebc                _jp2uc_l
 .text.nan      0x0000000000124f58       0x10 d:/programmi/devkitpro/devkitarm/bin/../lib/gcc/arm-none-eabi/10.2.0/../../../../arm-none-eabi/lib/armv6k/fpu\libg.a(lib_a-s_nan.o)
                0x0000000000124f58                nan
 .text.abort    0x0000000000124f68       0x14 d:/programmi/devkitpro/devkitarm/bin/../lib/gcc/arm-none-eabi/10.2.0/../../../../arm-none-eabi/lib/armv6k/fpu\libg.a(lib_a-abort.o)
                0x0000000000124f68                abort
 .text.category
                0x0000000000124f7c       0x84 d:/programmi/devkitpro/devkitarm/bin/../lib/gcc/arm-none-eabi/10.2.0/../../../../arm-none-eabi/lib/armv6k/fpu\libg.a(lib_a-categories.o)
                0x0000000000124f7c                category
 .text._raise_r
                0x0000000000125000       0x98 d:/programmi/devkitpro/devkitarm/bin/../lib/gcc/arm-none-eabi/10.2.0/../../../../arm-none-eabi/lib/armv6k/fpu\libg.a(lib_a-signal.o)
                0x0000000000125000                _raise_r
 .text.raise    0x0000000000125098       0x20 d:/programmi/devkitpro/devkitarm/bin/../lib/gcc/arm-none-eabi/10.2.0/../../../../arm-none-eabi/lib/armv6k/fpu\libg.a(lib_a-signal.o)
                0x0000000000125098                raise
 .text.null_write
                0x00000000001250b8        0x8 d:/programmi/devkitpro/devkitarm/bin/../lib/gcc/arm-none-eabi/10.2.0/../../../../arm-none-eabi/lib/armv6k/fpu\libsysbase.a(iosupport.o)
 .text.setDefaultDevice
                0x00000000001250c0       0x18 d:/programmi/devkitpro/devkitarm/bin/../lib/gcc/arm-none-eabi/10.2.0/../../../../arm-none-eabi/lib/armv6k/fpu\libsysbase.a(iosupport.o)
                0x00000000001250c0                setDefaultDevice
 .text.FindDevice
                0x00000000001250d8       0xc8 d:/programmi/devkitpro/devkitarm/bin/../lib/gcc/arm-none-eabi/10.2.0/../../../../arm-none-eabi/lib/armv6k/fpu\libsysbase.a(iosupport.o)
                0x00000000001250d8                FindDevice
 .text.RemoveDevice
                0x00000000001251a0       0x28 d:/programmi/devkitpro/devkitarm/bin/../lib/gcc/arm-none-eabi/10.2.0/../../../../arm-none-eabi/lib/armv6k/fpu\libsysbase.a(iosupport.o)
                0x00000000001251a0                RemoveDevice
 .text.AddDevice
                0x00000000001251c8       0x9c d:/programmi/devkitpro/devkitarm/bin/../lib/gcc/arm-none-eabi/10.2.0/../../../../arm-none-eabi/lib/armv6k/fpu\libsysbase.a(iosupport.o)
                0x00000000001251c8                AddDevice
 .text.GetDeviceOpTab
                0x0000000000125264       0x20 d:/programmi/devkitpro/devkitarm/bin/../lib/gcc/arm-none-eabi/10.2.0/../../../../arm-none-eabi/lib/armv6k/fpu\libsysbase.a(iosupport.o)
                0x0000000000125264                GetDeviceOpTab
 .text._fstat_r
                0x0000000000125284       0x78 d:/programmi/devkitpro/devkitarm/bin/../lib/gcc/arm-none-eabi/10.2.0/../../../../arm-none-eabi/lib/armv6k/fpu\libsysbase.a(fstat.o)
                0x0000000000125284                _fstat_r
 .text._getpid_r
                0x00000000001252fc       0x14 d:/programmi/devkitpro/devkitarm/bin/../lib/gcc/arm-none-eabi/10.2.0/../../../../arm-none-eabi/lib/armv6k/fpu\libsysbase.a(getpid.o)
                0x00000000001252fc                _getpid_r
 .text._gettimeofday_r
                0x0000000000125310       0x38 d:/programmi/devkitpro/devkitarm/bin/../lib/gcc/arm-none-eabi/10.2.0/../../../../arm-none-eabi/lib/armv6k/fpu\libsysbase.a(gettod.o)
                0x0000000000125310                _gettimeofday_r
 .text._isatty_r
                0x0000000000125348        0x8 d:/programmi/devkitpro/devkitarm/bin/../lib/gcc/arm-none-eabi/10.2.0/../../../../arm-none-eabi/lib/armv6k/fpu\libsysbase.a(isatty.o)
                0x0000000000125348                _isatty_r
 .text._kill_r  0x0000000000125350       0x14 d:/programmi/devkitpro/devkitarm/bin/../lib/gcc/arm-none-eabi/10.2.0/../../../../arm-none-eabi/lib/armv6k/fpu\libsysbase.a(kill.o)
                0x0000000000125350                _kill_r
 .text._lseek_r
                0x0000000000125364       0x84 d:/programmi/devkitpro/devkitarm/bin/../lib/gcc/arm-none-eabi/10.2.0/../../../../arm-none-eabi/lib/armv6k/fpu\libsysbase.a(lseek.o)
                0x0000000000125364                _lseek_r
 .text._open_r  0x00000000001253e8       0xc8 d:/programmi/devkitpro/devkitarm/bin/../lib/gcc/arm-none-eabi/10.2.0/../../../../arm-none-eabi/lib/armv6k/fpu\libsysbase.a(open.o)
                0x00000000001253e8                _open_r
 .text._read_r  0x00000000001254b0       0x80 d:/programmi/devkitpro/devkitarm/bin/../lib/gcc/arm-none-eabi/10.2.0/../../../../arm-none-eabi/lib/armv6k/fpu\libsysbase.a(read.o)
                0x00000000001254b0                _read_r
 .text._sbrk_r  0x0000000000125530       0x78 d:/programmi/devkitpro/devkitarm/bin/../lib/gcc/arm-none-eabi/10.2.0/../../../../arm-none-eabi/lib/armv6k/fpu\libsysbase.a(sbrk.o)
                0x0000000000125530                _sbrk_r
 .text._write_r
                0x00000000001255a8       0x80 d:/programmi/devkitpro/devkitarm/bin/../lib/gcc/arm-none-eabi/10.2.0/../../../../arm-none-eabi/lib/armv6k/fpu\libsysbase.a(write.o)
                0x00000000001255a8                _write_r
 .text._exit    0x0000000000125628       0x24 d:/programmi/devkitpro/devkitarm/bin/../lib/gcc/arm-none-eabi/10.2.0/../../../../arm-none-eabi/lib/armv6k/fpu\libsysbase.a(_exit.o)
                0x0000000000125628                _exit
 .text._concatenate_path
                0x000000000012564c      0x1b8 d:/programmi/devkitpro/devkitarm/bin/../lib/gcc/arm-none-eabi/10.2.0/../../../../arm-none-eabi/lib/armv6k/fpu\libsysbase.a(chdir.o)
                0x000000000012564c                _concatenate_path
 .text.chdir    0x0000000000125804      0x160 d:/programmi/devkitpro/devkitarm/bin/../lib/gcc/arm-none-eabi/10.2.0/../../../../arm-none-eabi/lib/armv6k/fpu\libsysbase.a(chdir.o)
                0x0000000000125804                chdir
 .text.__flockfile
                0x0000000000125964        0x8 d:/programmi/devkitpro/devkitarm/bin/../lib/gcc/arm-none-eabi/10.2.0/../../../../arm-none-eabi/lib/armv6k/fpu\libsysbase.a(flock.o)
                0x0000000000125964                __flockfile
 .text.__funlockfile
                0x000000000012596c        0x8 d:/programmi/devkitpro/devkitarm/bin/../lib/gcc/arm-none-eabi/10.2.0/../../../../arm-none-eabi/lib/armv6k/fpu\libsysbase.a(flock.o)
                0x000000000012596c                __funlockfile
 .text.__libc_lock_acquire
                0x0000000000125974       0x18 d:/programmi/devkitpro/devkitarm/bin/../lib/gcc/arm-none-eabi/10.2.0/../../../../arm-none-eabi/lib/armv6k/fpu\libsysbase.a(syscall_support.o)
                0x0000000000125974                __libc_lock_acquire
 .text.__libc_lock_release
                0x000000000012598c       0x18 d:/programmi/devkitpro/devkitarm/bin/../lib/gcc/arm-none-eabi/10.2.0/../../../../arm-none-eabi/lib/armv6k/fpu\libsysbase.a(syscall_support.o)
                0x000000000012598c                __libc_lock_release
 .text.__libc_lock_init_recursive
                0x00000000001259a4       0x18 d:/programmi/devkitpro/devkitarm/bin/../lib/gcc/arm-none-eabi/10.2.0/../../../../arm-none-eabi/lib/armv6k/fpu\libsysbase.a(syscall_support.o)
                0x00000000001259a4                __libc_lock_init_recursive
 .text.__libc_lock_acquire_recursive
                0x00000000001259bc       0x18 d:/programmi/devkitpro/devkitarm/bin/../lib/gcc/arm-none-eabi/10.2.0/../../../../arm-none-eabi/lib/armv6k/fpu\libsysbase.a(syscall_support.o)
                0x00000000001259bc                __libc_lock_acquire_recursive
 .text.__libc_lock_release_recursive
                0x00000000001259d4       0x18 d:/programmi/devkitpro/devkitarm/bin/../lib/gcc/arm-none-eabi/10.2.0/../../../../arm-none-eabi/lib/armv6k/fpu\libsysbase.a(syscall_support.o)
                0x00000000001259d4                __libc_lock_release_recursive
 .text.__libc_lock_close_recursive
                0x00000000001259ec       0x18 d:/programmi/devkitpro/devkitarm/bin/../lib/gcc/arm-none-eabi/10.2.0/../../../../arm-none-eabi/lib/armv6k/fpu\libsysbase.a(syscall_support.o)
                0x00000000001259ec                __libc_lock_close_recursive
 .text.__release_handle
                0x0000000000125a04       0x8c d:/programmi/devkitpro/devkitarm/bin/../lib/gcc/arm-none-eabi/10.2.0/../../../../arm-none-eabi/lib/armv6k/fpu\libsysbase.a(handle_manager.o)
                0x0000000000125a04                __release_handle
 .text.__alloc_handle
                0x0000000000125a90       0xb4 d:/programmi/devkitpro/devkitarm/bin/../lib/gcc/arm-none-eabi/10.2.0/../../../../arm-none-eabi/lib/armv6k/fpu\libsysbase.a(handle_manager.o)
                0x0000000000125a90                __alloc_handle
 .text.__get_handle
                0x0000000000125b44       0x3c d:/programmi/devkitpro/devkitarm/bin/../lib/gcc/arm-none-eabi/10.2.0/../../../../arm-none-eabi/lib/armv6k/fpu\libsysbase.a(handle_manager.o)
                0x0000000000125b44                __get_handle
 .text._close_r
                0x0000000000125b80       0xf4 d:/programmi/devkitpro/devkitarm/bin/../lib/gcc/arm-none-eabi/10.2.0/../../../../arm-none-eabi/lib/armv6k/fpu\libsysbase.a(handle_manager.o)
                0x0000000000125b80                _close_r
 .text.__getreent
                0x0000000000125c74       0x28 d:/programmi/devkitpro/devkitarm/bin/../lib/gcc/arm-none-eabi/10.2.0/../../../../arm-none-eabi/lib/armv6k/fpu\libsysbase.a(getreent.o)
                0x0000000000125c74                __getreent
 .text.__fixdfdi
                0x0000000000125c9c       0x38 d:/programmi/devkitpro/devkitarm/bin/../lib/gcc/arm-none-eabi/10.2.0/armv6k/fpu\libgcc.a(_fixdfdi.o)
                0x0000000000125c9c                __fixdfdi
                0x0000000000125c9c                __aeabi_d2lz
 *fill*         0x0000000000125cd4        0x4 
 .text.__fixunsdfdi
                0x0000000000125cd8       0x40 d:/programmi/devkitpro/devkitarm/bin/../lib/gcc/arm-none-eabi/10.2.0/armv6k/fpu\libgcc.a(_fixunsdfdi.o)
                0x0000000000125cd8                __fixunsdfdi
                0x0000000000125cd8                __aeabi_d2ulz
 .text.strrchr  0x0000000000125d18       0x44 d:/programmi/devkitpro/devkitarm/bin/../lib/gcc/arm-none-eabi/10.2.0/../../../../arm-none-eabi/lib/armv6k/fpu\libg.a(lib_a-strrchr.o)
                0x0000000000125d18                strrchr
 *(.glue_7)
 .glue_7        0x0000000000125d5c        0x0 linker stubs
 *(.glue_7t)
 .glue_7t       0x0000000000125d5c        0x0 linker stubs
 *(.stub)
 *(.gnu.warning)
 *(.gnu.linkonce.t*)
                0x0000000000125d5c                . = ALIGN (0x4)
 *(.fini)
 .fini          0x0000000000125d5c        0xc d:/programmi/devkitpro/devkitarm/bin/../lib/gcc/arm-none-eabi/10.2.0/armv6k/fpu/crti.o
                0x0000000000125d5c                _fini
 .fini          0x0000000000125d68        0xc d:/programmi/devkitpro/devkitarm/bin/../lib/gcc/arm-none-eabi/10.2.0/armv6k/fpu/crtn.o
                0x0000000000125d74                . = ALIGN (0x4)

.vfp11_veneer   0x0000000000125d74        0x0
 .vfp11_veneer  0x0000000000125d74        0x0 linker stubs

.v4_bx          0x0000000000125d74        0x0
 .v4_bx         0x0000000000125d74        0x0 linker stubs

.iplt           0x0000000000125d74        0x0
 .iplt          0x0000000000125d74        0x0 d:/programmi/devkitpro/devkitarm/bin/../lib/gcc/arm-none-eabi/10.2.0/../../../../arm-none-eabi/lib/armv6k/fpu/3dsx_crt0.o
                0x0000000000126000                . = ALIGN (0x1000)

.rodata         0x0000000000126000     0x7c6c
 *(.rodata)
 .rodata        0x0000000000126000        0x3 D:/Programmi/devkitPro/libctru/lib\libctru.a(apt.o)
 *fill*         0x0000000000126003        0x1 
 .rodata        0x0000000000126004        0xc D:/Programmi/devkitPro/libctru/lib\libctru.a(archive_dev.o)
 *(.roda)
 *(.rodata.*)
 .rodata.str1.4
                0x0000000000126010      0x27d main.o
                                        0x281 (size before relaxing)
 *fill*         0x000000000012628d        0x3 
 .rodata.con_write.str1.4
                0x0000000000126290       0x52 D:/Programmi/devkitPro/libctru/lib\libctru.a(console.o)
 *fill*         0x00000000001262e2        0x2 
 .rodata.str1.4
                0x00000000001262e4       0x10 D:/Programmi/devkitPro/libctru/lib\libctru.a(console.o)
 .rodata.colorTable
                0x00000000001262f4       0x30 D:/Programmi/devkitPro/libctru/lib\libctru.a(console.o)
 .rodata.dotab_stdout
                0x0000000000126324       0x70 D:/Programmi/devkitPro/libctru/lib\libctru.a(console.o)
 .rodata.gspInit.str1.4
                0x0000000000126394        0x9 D:/Programmi/devkitPro/libctru/lib\libctru.a(gspgpu.o)